Archive member included to satisfy reference by file (symbol)

c:/program files (x86)/atmel/studio/7.0/toolchain/avr8/avr8-gnu-toolchain/bin/../lib/gcc/avr/4.9.2/../../../../avr/lib/avr5\libprintf_flt.a(vfprintf_flt.o)
                              src/ASF/common/utils/unit_test/suite.o (vfprintf)
c:/program files (x86)/atmel/studio/7.0/toolchain/avr8/avr8-gnu-toolchain/bin/../lib/gcc/avr/4.9.2/../../../../avr/lib/avr5\libm.a(addsf3.o)
                              src/main.o (__addsf3)
c:/program files (x86)/atmel/studio/7.0/toolchain/avr8/avr8-gnu-toolchain/bin/../lib/gcc/avr/4.9.2/../../../../avr/lib/avr5\libm.a(addsf3x.o)
                              c:/program files (x86)/atmel/studio/7.0/toolchain/avr8/avr8-gnu-toolchain/bin/../lib/gcc/avr/4.9.2/../../../../avr/lib/avr5\libm.a(addsf3.o) (__addsf3x)
c:/program files (x86)/atmel/studio/7.0/toolchain/avr8/avr8-gnu-toolchain/bin/../lib/gcc/avr/4.9.2/../../../../avr/lib/avr5\libm.a(cmpsf2.o)
                              src/main.o (__ltsf2)
c:/program files (x86)/atmel/studio/7.0/toolchain/avr8/avr8-gnu-toolchain/bin/../lib/gcc/avr/4.9.2/../../../../avr/lib/avr5\libm.a(divsf3.o)
                              src/main.o (__divsf3)
c:/program files (x86)/atmel/studio/7.0/toolchain/avr8/avr8-gnu-toolchain/bin/../lib/gcc/avr/4.9.2/../../../../avr/lib/avr5\libm.a(divsf3x.o)
                              c:/program files (x86)/atmel/studio/7.0/toolchain/avr8/avr8-gnu-toolchain/bin/../lib/gcc/avr/4.9.2/../../../../avr/lib/avr5\libm.a(divsf3.o) (__divsf3x)
c:/program files (x86)/atmel/studio/7.0/toolchain/avr8/avr8-gnu-toolchain/bin/../lib/gcc/avr/4.9.2/../../../../avr/lib/avr5\libm.a(fixsfsi.o)
                              src/main.o (__fixsfsi)
c:/program files (x86)/atmel/studio/7.0/toolchain/avr8/avr8-gnu-toolchain/bin/../lib/gcc/avr/4.9.2/../../../../avr/lib/avr5\libm.a(fixunssfsi.o)
                              c:/program files (x86)/atmel/studio/7.0/toolchain/avr8/avr8-gnu-toolchain/bin/../lib/gcc/avr/4.9.2/../../../../avr/lib/avr5\libm.a(fixsfsi.o) (__fixunssfsi)
c:/program files (x86)/atmel/studio/7.0/toolchain/avr8/avr8-gnu-toolchain/bin/../lib/gcc/avr/4.9.2/../../../../avr/lib/avr5\libm.a(floatsisf.o)
                              src/main.o (__floatunsisf)
c:/program files (x86)/atmel/studio/7.0/toolchain/avr8/avr8-gnu-toolchain/bin/../lib/gcc/avr/4.9.2/../../../../avr/lib/avr5\libm.a(fp_cmp.o)
                              c:/program files (x86)/atmel/studio/7.0/toolchain/avr8/avr8-gnu-toolchain/bin/../lib/gcc/avr/4.9.2/../../../../avr/lib/avr5\libm.a(cmpsf2.o) (__fp_cmp)
c:/program files (x86)/atmel/studio/7.0/toolchain/avr8/avr8-gnu-toolchain/bin/../lib/gcc/avr/4.9.2/../../../../avr/lib/avr5\libm.a(fp_inf.o)
                              c:/program files (x86)/atmel/studio/7.0/toolchain/avr8/avr8-gnu-toolchain/bin/../lib/gcc/avr/4.9.2/../../../../avr/lib/avr5\libm.a(addsf3x.o) (__fp_inf)
c:/program files (x86)/atmel/studio/7.0/toolchain/avr8/avr8-gnu-toolchain/bin/../lib/gcc/avr/4.9.2/../../../../avr/lib/avr5\libm.a(fp_nan.o)
                              c:/program files (x86)/atmel/studio/7.0/toolchain/avr8/avr8-gnu-toolchain/bin/../lib/gcc/avr/4.9.2/../../../../avr/lib/avr5\libm.a(addsf3x.o) (__fp_nan)
c:/program files (x86)/atmel/studio/7.0/toolchain/avr8/avr8-gnu-toolchain/bin/../lib/gcc/avr/4.9.2/../../../../avr/lib/avr5\libm.a(fp_pscA.o)
                              c:/program files (x86)/atmel/studio/7.0/toolchain/avr8/avr8-gnu-toolchain/bin/../lib/gcc/avr/4.9.2/../../../../avr/lib/avr5\libm.a(addsf3x.o) (__fp_pscA)
c:/program files (x86)/atmel/studio/7.0/toolchain/avr8/avr8-gnu-toolchain/bin/../lib/gcc/avr/4.9.2/../../../../avr/lib/avr5\libm.a(fp_pscB.o)
                              c:/program files (x86)/atmel/studio/7.0/toolchain/avr8/avr8-gnu-toolchain/bin/../lib/gcc/avr/4.9.2/../../../../avr/lib/avr5\libm.a(addsf3x.o) (__fp_pscB)
c:/program files (x86)/atmel/studio/7.0/toolchain/avr8/avr8-gnu-toolchain/bin/../lib/gcc/avr/4.9.2/../../../../avr/lib/avr5\libm.a(fp_round.o)
                              c:/program files (x86)/atmel/studio/7.0/toolchain/avr8/avr8-gnu-toolchain/bin/../lib/gcc/avr/4.9.2/../../../../avr/lib/avr5\libm.a(addsf3.o) (__fp_round)
c:/program files (x86)/atmel/studio/7.0/toolchain/avr8/avr8-gnu-toolchain/bin/../lib/gcc/avr/4.9.2/../../../../avr/lib/avr5\libm.a(fp_split3.o)
                              c:/program files (x86)/atmel/studio/7.0/toolchain/avr8/avr8-gnu-toolchain/bin/../lib/gcc/avr/4.9.2/../../../../avr/lib/avr5\libm.a(addsf3x.o) (__fp_split3)
c:/program files (x86)/atmel/studio/7.0/toolchain/avr8/avr8-gnu-toolchain/bin/../lib/gcc/avr/4.9.2/../../../../avr/lib/avr5\libm.a(fp_zero.o)
                              c:/program files (x86)/atmel/studio/7.0/toolchain/avr8/avr8-gnu-toolchain/bin/../lib/gcc/avr/4.9.2/../../../../avr/lib/avr5\libm.a(addsf3x.o) (__fp_zero)
[...]
Memory Configuration

Name             Origin             Length             Attributes
text             0x00000000         0x00020000         xr
data             0x00800060         0x0000ffa0         rw !x
eeprom           0x00810000         0x00010000         rw !x
fuse             0x00820000         0x00000400         rw !x
lock             0x00830000         0x00000400         rw !x
signature        0x00840000         0x00000400         rw !x
user_signatures  0x00850000         0x00000400         rw !x
*default*        0x00000000         0xffffffff

Linker script and memory map

Address of section .data set to 0x800100
LOAD C:/Program Files (x86)/Atmel/Studio/7.0/Packs/atmel/ATmega_DFP/1.0.90/gcc/dev/atmega164pa/avr5/crtatmega164pa.o
LOAD src/eeprom_store.o
LOAD src/terminal.o
LOAD src/ASF/common/boards/user_board/init.o
LOAD src/ASF/common/services/calendar/calendar.o
LOAD src/ASF/common/services/clock/mega/sysclk.o
LOAD src/ASF/common/utils/stdio/read.o
LOAD src/ASF/common/utils/stdio/write.o
LOAD src/ASF/common/utils/unit_test/suite.o
LOAD src/crc16.o
LOAD src/main.o
START GROUP
LOAD c:/program files (x86)/atmel/studio/7.0/toolchain/avr8/avr8-gnu-toolchain/bin/../lib/gcc/avr/4.9.2/../../../../avr/lib/avr5\libprintf_flt.a
LOAD c:/program files (x86)/atmel/studio/7.0/toolchain/avr8/avr8-gnu-toolchain/bin/../lib/gcc/avr/4.9.2/../../../../avr/lib/avr5\libm.a
END GROUP
START GROUP
LOAD c:/program files (x86)/atmel/studio/7.0/toolchain/avr8/avr8-gnu-toolchain/bin/../lib/gcc/avr/4.9.2/avr5\libgcc.a
LOAD c:/program files (x86)/atmel/studio/7.0/toolchain/avr8/avr8-gnu-toolchain/bin/../lib/gcc/avr/4.9.2/../../../../avr/lib/avr5\libm.a
LOAD c:/program files (x86)/atmel/studio/7.0/toolchain/avr8/avr8-gnu-toolchain/bin/../lib/gcc/avr/4.9.2/../../../../avr/lib/avr5\libc.a
LOAD C:/Program Files (x86)/Atmel/Studio/7.0/Packs/atmel/ATmega_DFP/1.0.90/gcc/dev/atmega164pa/avr5\libatmega164pa.a
END GROUP

.hash
 *(.hash)

.dynsym
 *(.dynsym)

.dynstr
 *(.dynstr)

.gnu.version
 *(.gnu.version)

.gnu.version_d
 *(.gnu.version_d)

.gnu.version_r
 *(.gnu.version_r)

.rel.init
 *(.rel.init)

.rela.init
 *(.rela.init)

.rel.text
 *(.rel.text)
 *(.rel.text.*)
 *(.rel.gnu.linkonce.t*)

.rela.text
 *(.rela.text)
 *(.rela.text.*)
 *(.rela.gnu.linkonce.t*)

.rel.fini
 *(.rel.fini)

.rela.fini
 *(.rela.fini)

.rel.rodata
 *(.rel.rodata)
 *(.rel.rodata.*)
 *(.rel.gnu.linkonce.r*)

.rela.rodata
 *(.rela.rodata)
 *(.rela.rodata.*)
 *(.rela.gnu.linkonce.r*)

.rel.data
 *(.rel.data)
 *(.rel.data.*)
 *(.rel.gnu.linkonce.d*)

.rela.data
 *(.rela.data)
 *(.rela.data.*)
 *(.rela.gnu.linkonce.d*)

.rel.ctors
 *(.rel.ctors)

.rela.ctors
 *(.rela.ctors)

.rel.dtors
 *(.rel.dtors)

.rela.dtors
 *(.rela.dtors)

.rel.got
 *(.rel.got)

.rela.got
 *(.rela.got)

.rel.bss
 *(.rel.bss)

.rela.bss
 *(.rela.bss)

.rel.plt
 *(.rel.plt)

.rela.plt
 *(.rela.plt)

.text           0x00000000     0x251c
 *(.vectors)
 .vectors       0x00000000       0x7c C:/Program Files (x86)/Atmel/Studio/7.0/Packs/atmel/ATmega_DFP/1.0.90/gcc/dev/atmega164pa/avr5/crtatmega164pa.o
                0x00000000                __vector_default
                0x00000000                __vectors
 *(.vectors)
 *(.progmem.gcc*)
 .progmem.gcc_fplib
                0x0000007c       0x28 c:/program files (x86)/atmel/studio/7.0/toolchain/avr8/avr8-gnu-toolchain/bin/../lib/gcc/avr/4.9.2/../../../../avr/lib/avr5\libm.a(exp.o)
 .progmem.gcc_fplib
                0x000000a4       0x5a c:/program files (x86)/atmel/studio/7.0/toolchain/avr8/avr8-gnu-toolchain/bin/../lib/gcc/avr/4.9.2/../../../../avr/lib/avr5\libm.a(log.o)
                0x000000fe                . = ALIGN (0x2)
                0x000000fe                __trampolines_start = .
 *(.trampolines)
 .trampolines   0x000000fe        0x0 linker stubs
 *(.trampolines*)
                0x000000fe                __trampolines_end = .
 *(.progmem*)
 .progmem.data  0x000000fe        0x8 c:/program files (x86)/atmel/studio/7.0/toolchain/avr8/avr8-gnu-toolchain/bin/../lib/gcc/avr/4.9.2/../../../../avr/lib/avr5\libprintf_flt.a(vfprintf_flt.o)
 .progmem.data  0x00000106       0xfa c:/program files (x86)/atmel/studio/7.0/toolchain/avr8/avr8-gnu-toolchain/bin/../lib/gcc/avr/4.9.2/../../../../avr/lib/avr5\libc.a(ftoa_engine.o)
 .progmem.data  0x00000200       0x3b c:/program files (x86)/atmel/studio/7.0/toolchain/avr8/avr8-gnu-toolchain/bin/../lib/gcc/avr/4.9.2/../../../../avr/lib/avr5\libc.a(strtod.o)
                0x0000023c                . = ALIGN (0x2)
 *fill*         0x0000023b        0x1 
 *(.jumptables)
 *(.jumptables*)
 *(.lowtext)
 *(.lowtext*)
                0x0000023c                __ctors_start = .
 *(.ctors)
                0x0000023c                __ctors_end = .
                0x0000023c                __dtors_start = .
 *(.dtors)
                0x0000023c                __dtors_end = .
 SORT(*)(.ctors)
 SORT(*)(.dtors)
 *(.init0)
 .init0         0x0000023c        0x0 C:/Program Files (x86)/Atmel/Studio/7.0/Packs/atmel/ATmega_DFP/1.0.90/gcc/dev/atmega164pa/avr5/crtatmega164pa.o
                0x0000023c                __init
 *(.init0)
 *(.init1)
 *(.init1)
 *(.init2)
 .init2         0x0000023c        0xc C:/Program Files (x86)/Atmel/Studio/7.0/Packs/atmel/ATmega_DFP/1.0.90/gcc/dev/atmega164pa/avr5/crtatmega164pa.o
 *(.init2)
 *(.init3)
 *(.init3)
 *(.init4)
 .init4         0x00000248       0x16 c:/program files (x86)/atmel/studio/7.0/toolchain/avr8/avr8-gnu-toolchain/bin/../lib/gcc/avr/4.9.2/avr5\libgcc.a(_copy_data.o)
                0x00000248                __do_copy_data
 .init4         0x0000025e       0x10 c:/program files (x86)/atmel/studio/7.0/toolchain/avr8/avr8-gnu-toolchain/bin/../lib/gcc/avr/4.9.2/avr5\libgcc.a(_clear_bss.o)
                0x0000025e                __do_clear_bss
 *(.init4)
 *(.init5)
 *(.init5)
 *(.init6)
 *(.init6)
 *(.init7)
 *(.init7)
 *(.init8)
 *(.init8)
 *(.init9)
 .init9         0x0000026e        0x6 C:/Program Files (x86)/Atmel/Studio/7.0/Packs/atmel/ATmega_DFP/1.0.90/gcc/dev/atmega164pa/avr5/crtatmega164pa.o
 *(.init9)
 *(.text)
 .text          0x00000274        0x2 C:/Program Files (x86)/Atmel/Studio/7.0/Packs/atmel/ATmega_DFP/1.0.90/gcc/dev/atmega164pa/avr5/crtatmega164pa.o
                0x00000274                __vector_28
                0x00000274                __vector_1
                0x00000274                __vector_12
                0x00000274                __bad_interrupt
                0x00000274                __vector_6
                0x00000274                __vector_3
                0x00000274                __vector_23
                0x00000274                __vector_30
                0x00000274                __vector_25
                0x00000274                __vector_11
                0x00000274                __vector_13
                0x00000274                __vector_17
                0x00000274                __vector_19
                0x00000274                __vector_7
                0x00000274                __vector_27
                0x00000274                __vector_5
                0x00000274                __vector_4
                0x00000274                __vector_9
                0x00000274                __vector_2
                0x00000274                __vector_21
                0x00000274                __vector_15
                0x00000274                __vector_29
                0x00000274                __vector_8
                0x00000274                __vector_26
                0x00000274                __vector_14
                0x00000274                __vector_10
                0x00000274                __vector_16
                0x00000276                . = ALIGN (0x2)
 *(.text.*)
 .text.write_params_to_eeprom
                0x00000276      0x116 src/eeprom_store.o
                0x00000276                write_params_to_eeprom
 .text.read_eeprom
                0x0000038c      0x116 src/eeprom_store.o
                0x0000038c                read_eeprom
 .text.debug_print_str
                0x000004a2       0xd6 src/terminal.o
                0x000004a2                debug_print_str
 .text.rx_parse
                0x00000578      0x49e src/terminal.o
                0x00000578                rx_parse
 .text.adc_init
                0x00000a16        0xe src/main.o
                0x00000a16                adc_init
 .text.__vector_24
                0x00000a24       0xf4 src/main.o
                0x00000a24                __vector_24
 .text.overload
                0x00000b18       0x2e src/main.o
                0x00000b18                overload
 .text.set_level
                0x00000b46       0x66 src/main.o
                0x00000b46                set_level
 .text.pwm_init
                0x00000bac       0x4e src/main.o
                0x00000bac                pwm_init
 .text.timer1_init
                0x00000bfa        0xe src/main.o
                0x00000bfa                timer1_init
 .text.__vector_18
                0x00000c08       0x4e src/main.o
                0x00000c08                __vector_18
 .text.uart_init
                0x00000c56       0x1e src/main.o
                0x00000c56                uart_init
 .text.__vector_20
                0x00000c74       0xae src/main.o
                0x00000c74                __vector_20
 .text.__vector_22
                0x00000d22       0x8a src/main.o
                0x00000d22                __vector_22
 .text.set_dac_uf
                0x00000dac       0x38 src/main.o
                0x00000dac                set_dac_uf
 .text.main     0x00000de4      0x20a src/main.o
                0x00000de4                main
 .text.avr-libc
                0x00000fee      0x6ba c:/program files (x86)/atmel/studio/7.0/toolchain/avr8/avr8-gnu-toolchain/bin/../lib/gcc/avr/4.9.2/../../../../avr/lib/avr5\libprintf_flt.a(vfprintf_flt.o)
                0x00000fee                vfprintf
 .text.avr-libc.fplib
                0x000016a8        0xa c:/program files (x86)/atmel/studio/7.0/toolchain/avr8/avr8-gnu-toolchain/bin/../lib/gcc/avr/4.9.2/../../../../avr/lib/avr5\libm.a(addsf3.o)
                0x000016a8                __subsf3
                0x000016aa                __addsf3
 .text.avr-libc.fplib
                0x000016b2       0xc0 c:/program files (x86)/atmel/studio/7.0/toolchain/avr8/avr8-gnu-toolchain/bin/../lib/gcc/avr/4.9.2/../../../../avr/lib/avr5\libm.a(addsf3x.o)
                0x000016cc                __addsf3x
 .text.avr-libc.fplib
                0x00001772        0x8 c:/program files (x86)/atmel/studio/7.0/toolchain/avr8/avr8-gnu-toolchain/bin/../lib/gcc/avr/4.9.2/../../../../avr/lib/avr5\libm.a(cmpsf2.o)
                0x00001772                __nesf2
                0x00001772                __eqsf2
                0x00001772                __cmpsf2
                0x00001772                __ltsf2
                0x00001772                __lesf2
 .text.avr-libc.fplib
                0x0000177a        0x4 c:/program files (x86)/atmel/studio/7.0/toolchain/avr8/avr8-gnu-toolchain/bin/../lib/gcc/avr/4.9.2/../../../../avr/lib/avr5\libm.a(divsf3.o)
                0x0000177a                __divsf3
 .text.avr-libc.fplib
                0x0000177e       0xcc c:/program files (x86)/atmel/studio/7.0/toolchain/avr8/avr8-gnu-toolchain/bin/../lib/gcc/avr/4.9.2/../../../../avr/lib/avr5\libm.a(divsf3x.o)
                0x00001794                __divsf3x
                0x00001798                __divsf3_pse
 .text.avr-libc.fplib
                0x0000184a        0xa c:/program files (x86)/atmel/studio/7.0/toolchain/avr8/avr8-gnu-toolchain/bin/../lib/gcc/avr/4.9.2/../../../../avr/lib/avr5\libm.a(fixsfsi.o)
                0x0000184a                __fixsfsi
 .text.avr-libc.fplib
                0x00001854       0x58 c:/program files (x86)/atmel/studio/7.0/toolchain/avr8/avr8-gnu-toolchain/bin/../lib/gcc/avr/4.9.2/../../../../avr/lib/avr5\libm.a(fixunssfsi.o)
                0x00001854                __fixunssfsi
 .text.avr-libc.fplib
                0x000018ac       0x7a c:/program files (x86)/atmel/studio/7.0/toolchain/avr8/avr8-gnu-toolchain/bin/../lib/gcc/avr/4.9.2/../../../../avr/lib/avr5\libm.a(floatsisf.o)
                0x000018ac                __floatunsisf
                0x000018b0                __floatsisf
 .text.avr-libc.fplib
                0x00001926       0x48 c:/program files (x86)/atmel/studio/7.0/toolchain/avr8/avr8-gnu-toolchain/bin/../lib/gcc/avr/4.9.2/../../../../avr/lib/avr5\libm.a(fp_cmp.o)
                0x00001926                __fp_cmp
 .text.avr-libc.fplib
                0x0000196e        0xc c:/program files (x86)/atmel/studio/7.0/toolchain/avr8/avr8-gnu-toolchain/bin/../lib/gcc/avr/4.9.2/../../../../avr/lib/avr5\libm.a(fp_inf.o)
                0x0000196e                __fp_inf
 .text.avr-libc.fplib
                0x0000197a        0x6 c:/program files (x86)/atmel/studio/7.0/toolchain/avr8/avr8-gnu-toolchain/bin/../lib/gcc/avr/4.9.2/../../../../avr/lib/avr5\libm.a(fp_nan.o)
                0x0000197a                __fp_nan
 .text.avr-libc.fplib
                0x00001980        0xe c:/program files (x86)/atmel/studio/7.0/toolchain/avr8/avr8-gnu-toolchain/bin/../lib/gcc/avr/4.9.2/../../../../avr/lib/avr5\libm.a(fp_pscA.o)
                0x00001980                __fp_pscA
 .text.avr-libc.fplib
                0x0000198e        0xe c:/program files (x86)/atmel/studio/7.0/toolchain/avr8/avr8-gnu-toolchain/bin/../lib/gcc/avr/4.9.2/../../../../avr/lib/avr5\libm.a(fp_pscB.o)
                0x0000198e                __fp_pscB
 .text.avr-libc.fplib
                0x0000199c       0x22 c:/program files (x86)/atmel/studio/7.0/toolchain/avr8/avr8-gnu-toolchain/bin/../lib/gcc/avr/4.9.2/../../../../avr/lib/avr5\libm.a(fp_round.o)
                0x0000199c                __fp_round
 .text.avr-libc.fplib
                0x000019be       0x44 c:/program files (x86)/atmel/studio/7.0/toolchain/avr8/avr8-gnu-toolchain/bin/../lib/gcc/avr/4.9.2/../../../../avr/lib/avr5\libm.a(fp_split3.o)
                0x000019be                __fp_split3
                0x000019ce                __fp_splitA
 .text.avr-libc.fplib
                0x00001a02        0xe c:/program files (x86)/atmel/studio/7.0/toolchain/avr8/avr8-gnu-toolchain/bin/../lib/gcc/avr/4.9.2/../../../../avr/lib/avr5\libm.a(fp_zero.o)
                0x00001a02                __fp_zero
                0x00001a04                __fp_szero
 .text.avr-libc.fplib
                0x00001a10        0x8 c:/program files (x86)/atmel/studio/7.0/toolchain/avr8/avr8-gnu-toolchain/bin/../lib/gcc/avr/4.9.2/../../../../avr/lib/avr5\libm.a(gesf2.o)
                0x00001a10                __gesf2
                0x00001a10                __gtsf2
 .text.avr-libc.fplib
                0x00001a18        0x4 c:/program files (x86)/atmel/studio/7.0/toolchain/avr8/avr8-gnu-toolchain/bin/../lib/gcc/avr/4.9.2/../../../../avr/lib/avr5\libm.a(mulsf3.o)
                0x00001a18                __mulsf3
 .text.avr-libc.fplib
                0x00001a1c       0xc2 c:/program files (x86)/atmel/studio/7.0/toolchain/avr8/avr8-gnu-toolchain/bin/../lib/gcc/avr/4.9.2/../../../../avr/lib/avr5\libm.a(mulsf3x.o)
                0x00001a30                __mulsf3x
                0x00001a34                __mulsf3_pse
 .text.avr-libc.fplib
                0x00001ade       0x98 c:/program files (x86)/atmel/studio/7.0/toolchain/avr8/avr8-gnu-toolchain/bin/../lib/gcc/avr/4.9.2/../../../../avr/lib/avr5\libm.a(pow.o)
                0x00001ade                pow
 .text.avr-libc.fplib
                0x00001b76       0x62 c:/program files (x86)/atmel/studio/7.0/toolchain/avr8/avr8-gnu-toolchain/bin/../lib/gcc/avr/4.9.2/../../../../avr/lib/avr5\libm.a(exp.o)
                0x00001b80                exp
 .text.avr-libc.fplib
                0x00001bd8       0x4a c:/program files (x86)/atmel/studio/7.0/toolchain/avr8/avr8-gnu-toolchain/bin/../lib/gcc/avr/4.9.2/../../../../avr/lib/avr5\libm.a(fp_powser.o)
                0x00001bd8                __fp_powser
 .text.avr-libc.fplib
                0x00001c22        0xe c:/program files (x86)/atmel/studio/7.0/toolchain/avr8/avr8-gnu-toolchain/bin/../lib/gcc/avr/4.9.2/../../../../avr/lib/avr5\libm.a(inverse.o)
                0x00001c22                inverse
 .text.avr-libc.fplib
                0x00001c30       0x6c c:/program files (x86)/atmel/studio/7.0/toolchain/avr8/avr8-gnu-toolchain/bin/../lib/gcc/avr/4.9.2/../../../../avr/lib/avr5\libm.a(ldexp.o)
                0x00001c34                ldexp
 .text.avr-libc.fplib
                0x00001c9c       0x8a c:/program files (x86)/atmel/studio/7.0/toolchain/avr8/avr8-gnu-toolchain/bin/../lib/gcc/avr/4.9.2/../../../../avr/lib/avr5\libm.a(log.o)
                0x00001ca6                log
 .text.avr-libc.fplib
                0x00001d26       0x66 c:/program files (x86)/atmel/studio/7.0/toolchain/avr8/avr8-gnu-toolchain/bin/../lib/gcc/avr/4.9.2/../../../../avr/lib/avr5\libm.a(modf.o)
                0x00001d26                modf
                0x00001d26                modff
 .text.avr-libc.fplib
                0x00001d8c       0x1c c:/program files (x86)/atmel/studio/7.0/toolchain/avr8/avr8-gnu-toolchain/bin/../lib/gcc/avr/4.9.2/../../../../avr/lib/avr5\libm.a(fp_mpack.o)
                0x00001d8c                __fp_mpack
                0x00001d90                __fp_mpack_finite
 .text.libgcc.mul
                0x00001da8       0x1e c:/program files (x86)/atmel/studio/7.0/toolchain/avr8/avr8-gnu-toolchain/bin/../lib/gcc/avr/4.9.2/avr5\libgcc.a(_umulhisi3.o)
                0x00001da8                __umulhisi3
 .text.libgcc.mul
                0x00001dc6       0x14 c:/program files (x86)/atmel/studio/7.0/toolchain/avr8/avr8-gnu-toolchain/bin/../lib/gcc/avr/4.9.2/avr5\libgcc.a(_muluhisi3.o)
                0x00001dc6                __muluhisi3
 .text.libgcc.prologue
                0x00001dda       0x38 c:/program files (x86)/atmel/studio/7.0/toolchain/avr8/avr8-gnu-toolchain/bin/../lib/gcc/avr/4.9.2/avr5\libgcc.a(_prologue.o)
                0x00001dda                __prologue_saves__
 .text.libgcc.prologue
                0x00001e12       0x36 c:/program files (x86)/atmel/studio/7.0/toolchain/avr8/avr8-gnu-toolchain/bin/../lib/gcc/avr/4.9.2/avr5\libgcc.a(_epilogue.o)
                0x00001e12                __epilogue_restores__
 .text.avr-libc
                0x00001e48        0x6 c:/program files (x86)/atmel/studio/7.0/toolchain/avr8/avr8-gnu-toolchain/bin/../lib/gcc/avr/4.9.2/../../../../avr/lib/avr5\libc.a(atof.o)
                0x00001e48                atof
 .text.avr-libc
                0x00001e4e      0x1b0 c:/program files (x86)/atmel/studio/7.0/toolchain/avr8/avr8-gnu-toolchain/bin/../lib/gcc/avr/4.9.2/../../../../avr/lib/avr5\libc.a(ftoa_engine.o)
                0x00001e4e                __ftoa_engine
 .text.avr-libc
                0x00001ffe       0x16 c:/program files (x86)/atmel/studio/7.0/toolchain/avr8/avr8-gnu-toolchain/bin/../lib/gcc/avr/4.9.2/../../../../avr/lib/avr5\libc.a(strnlen_P.o)
                0x00001ffe                strnlen_P
 .text.avr-libc
                0x00002014       0x12 c:/program files (x86)/atmel/studio/7.0/toolchain/avr8/avr8-gnu-toolchain/bin/../lib/gcc/avr/4.9.2/../../../../avr/lib/avr5\libc.a(strcmp.o)
                0x00002014                strcmp
 .text.avr-libc
                0x00002026       0x16 c:/program files (x86)/atmel/studio/7.0/toolchain/avr8/avr8-gnu-toolchain/bin/../lib/gcc/avr/4.9.2/../../../../avr/lib/avr5\libc.a(strnlen.o)
                0x00002026                strnlen
 .text.avr-libc
                0x0000203c       0x70 c:/program files (x86)/atmel/studio/7.0/toolchain/avr8/avr8-gnu-toolchain/bin/../lib/gcc/avr/4.9.2/../../../../avr/lib/avr5\libc.a(fputc.o)
                0x0000203c                fputc
 .text.avr-libc
                0x000020ac       0x42 c:/program files (x86)/atmel/studio/7.0/toolchain/avr8/avr8-gnu-toolchain/bin/../lib/gcc/avr/4.9.2/../../../../avr/lib/avr5\libc.a(sprintf.o)
                0x000020ac                sprintf
 .text.avr-libc
                0x000020ee       0xbc c:/program files (x86)/atmel/studio/7.0/toolchain/avr8/avr8-gnu-toolchain/bin/../lib/gcc/avr/4.9.2/../../../../avr/lib/avr5\libc.a(ultoa_invert.o)
                0x000020ee                __ultoa_invert
 .text.avr-libc
                0x000021aa      0x2a4 c:/program files (x86)/atmel/studio/7.0/toolchain/avr8/avr8-gnu-toolchain/bin/../lib/gcc/avr/4.9.2/../../../../avr/lib/avr5\libc.a(strtod.o)
                0x000021aa                strtod
 .text.avr-libc
                0x0000244e       0x10 c:/program files (x86)/atmel/studio/7.0/toolchain/avr8/avr8-gnu-toolchain/bin/../lib/gcc/avr/4.9.2/../../../../avr/lib/avr5\libc.a(isspace.o)
                0x0000244e                isspace
 .text.avr-libc
                0x0000245e       0x30 c:/program files (x86)/atmel/studio/7.0/toolchain/avr8/avr8-gnu-toolchain/bin/../lib/gcc/avr/4.9.2/../../../../avr/lib/avr5\libc.a(strncasecmp_P.o)
                0x0000245e                strncasecmp_P
 .text.avr-libc
                0x0000248e        0x6 c:/program files (x86)/atmel/studio/7.0/toolchain/avr8/avr8-gnu-toolchain/bin/../lib/gcc/avr/4.9.2/../../../../avr/lib/avr5\libc.a(cty_isfalse.o)
                0x0000248e                __ctype_isfalse
                0x00002492                __ctype_istrue
 .text.avr-libc
                0x00002494       0x20 C:/Program Files (x86)/Atmel/Studio/7.0/Packs/atmel/ATmega_DFP/1.0.90/gcc/dev/atmega164pa/avr5\libatmega164pa.a(eerd_block.o)
                0x00002494                eeprom_read_block
                0x00002498                eeprom_read_blraw
 .text.avr-libc
                0x000024b4       0x1e C:/Program Files (x86)/Atmel/Studio/7.0/Packs/atmel/ATmega_DFP/1.0.90/gcc/dev/atmega164pa/avr5\libatmega164pa.a(eeupd_block.o)
                0x000024b4                eeprom_update_block
 .text.avr-libc
                0x000024d2       0x24 C:/Program Files (x86)/Atmel/Studio/7.0/Packs/atmel/ATmega_DFP/1.0.90/gcc/dev/atmega164pa/avr5\libatmega164pa.a(eeupd_byte.o)
                0x000024d2                eeprom_update_byte
                0x000024d4                eeprom_update_r18
 .text.avr-libc
                0x000024f6        0x6 C:/Program Files (x86)/Atmel/Studio/7.0/Packs/atmel/ATmega_DFP/1.0.90/gcc/dev/atmega164pa/avr5\libatmega164pa.a(eewr_word.o)
                0x000024f6                eeprom_write_word
 .text.avr-libc
                0x000024fc       0x1c C:/Program Files (x86)/Atmel/Studio/7.0/Packs/atmel/ATmega_DFP/1.0.90/gcc/dev/atmega164pa/avr5\libatmega164pa.a(eewr_byte.o)
                0x000024fc                eeprom_write_byte
                0x000024fe                eeprom_write_r18
                0x00002518                . = ALIGN (0x2)
 *(.fini9)
 .fini9         0x00002518        0x0 c:/program files (x86)/atmel/studio/7.0/toolchain/avr8/avr8-gnu-toolchain/bin/../lib/gcc/avr/4.9.2/avr5\libgcc.a(_exit.o)
                0x00002518                _exit
                0x00002518                exit
 *(.fini9)
 *(.fini8)
 *(.fini8)
 *(.fini7)
 *(.fini7)
 *(.fini6)
 *(.fini6)
 *(.fini5)
 *(.fini5)
 *(.fini4)
 *(.fini4)
 *(.fini3)
 *(.fini3)
 *(.fini2)
 *(.fini2)
 *(.fini1)
 *(.fini1)
 *(.fini0)
 .fini0         0x00002518        0x4 c:/program files (x86)/atmel/studio/7.0/toolchain/avr8/avr8-gnu-toolchain/bin/../lib/gcc/avr/4.9.2/avr5\libgcc.a(_exit.o)
 *(.fini0)
                0x0000251c                _etext = .

.data           0x00800100      0x214 load address 0x0000251c
                0x00800100                PROVIDE (__data_start, .)
 *(.data)
 *(.data*)
 .data.pwm      0x00800100        0x1 src/main.o
                0x00800100                pwm
 *(.rodata)
 *(.rodata*)
 .rodata.str1.1
                0x00800101       0x5a src/eeprom_store.o
 .rodata.str1.1
                0x0080015b      0x1b9 src/terminal.o
                                0x1be (size before relaxing)
 *(.gnu.linkonce.d*)
                0x00800314                . = ALIGN (0x2)
                0x00800314                _edata = .
                0x00800314                PROVIDE (__data_end, .)

.bss            0x00800314      0x156
                0x00800314                PROVIDE (__bss_start, .)
 *(.bss)
 *(.bss*)
 .bss.trt       0x00800314       0x20 src/terminal.o
 .bss.data_str  0x00800334       0x30 src/terminal.o
 .bss.isInit    0x00800364        0x1 src/main.o
 .bss.value1    0x00800365        0x4 src/main.o
                0x00800365                value1
 .bss.timer_counter
                0x00800369        0x1 src/main.o
                0x00800369                timer_counter
 .bss.flag      0x0080036a        0x2 src/main.o
                0x0080036a                flag
 .bss.counter   0x0080036c        0x2 src/main.o
                0x0080036c                counter
 *(COMMON)
 COMMON         0x0080036e       0xe1 src/eeprom_store.o
                0x0080036e                BufferData
                0x0080040e                rx_num
                0x0080040f                Coef
                0x0080041f                rx_data_buf
                0x00800443                Buffer
 COMMON         0x0080044f       0x19 src/main.o
                0x0080044f                resempling
                0x00800453                ref_divider
                0x00800455                median_adc_data
                0x00800457                adc_select_flag
                0x00800458                SHOW_TIME
                0x00800459                resempling_flag
                0x0080045a                adc_data
                0x0080045c                step
                0x0080045e                txbuf
                0x00800460                resempling_val
                0x00800464                value
 COMMON         0x00800468        0x2 c:/program files (x86)/atmel/studio/7.0/toolchain/avr8/avr8-gnu-toolchain/bin/../lib/gcc/avr/4.9.2/../../../../avr/lib/avr5\libc.a(errno.o)
                0x00800468                errno
                0x0080046a                PROVIDE (__bss_end, .)
                0x0000251c                __data_load_start = LOADADDR (.data)
                0x00002730                __data_load_end = (__data_load_start + SIZEOF (.data))

.noinit         0x0080046a        0x0
                0x0080046a                PROVIDE (__noinit_start, .)
 *(.noinit*)
                0x0080046a                PROVIDE (__noinit_end, .)
                0x0080046a                _end = .
                0x0080046a                PROVIDE (__heap_start, .)

.eeprom         0x00810000       0x12
 *(.eeprom*)
 .eeprom        0x00810000       0x12 src/eeprom_store.o
                0x00810000                databufer_eeprom
                0x00810012                __eeprom_end = .

.fuse
 *(.fuse)
 *(.lfuse)
 *(.hfuse)
 *(.efuse)

.lock
 *(.lock*)

.signature
 *(.signature*)

.user_signatures
 *(.user_signatures*)

.stab
 *(.stab)

.stabstr
 *(.stabstr)

.stab.excl
 *(.stab.excl)

.stab.exclstr
 *(.stab.exclstr)

.stab.index
 *(.stab.index)

.stab.indexstr
 *(.stab.indexstr)

.comment        0x00000000       0x5c
 *(.comment)
 .comment       0x00000000       0x30 src/eeprom_store.o
                                 0x31 (size before relaxing)
 .comment       0x00000030       0x31 src/terminal.o
 .comment       0x00000030       0x31 src/main.o
 .comment       0x00000030       0x2c c:/program files (x86)/atmel/studio/7.0/toolchain/avr8/avr8-gnu-toolchain/bin/../lib/gcc/avr/4.9.2/../../../../avr/lib/avr5\libprintf_flt.a(vfprintf_flt.o)
                                 0x2d (size before relaxing)
 .comment       0x0000005c       0x31 c:/program files (x86)/atmel/studio/7.0/toolchain/avr8/avr8-gnu-toolchain/bin/../lib/gcc/avr/4.9.2/../../../../avr/lib/avr5\libc.a(fputc.o)
 .comment       0x0000005c       0x31 c:/program files (x86)/atmel/studio/7.0/toolchain/avr8/avr8-gnu-toolchain/bin/../lib/gcc/avr/4.9.2/../../../../avr/lib/avr5\libc.a(sprintf.o)
 .comment       0x0000005c       0x31 c:/program files (x86)/atmel/studio/7.0/toolchain/avr8/avr8-gnu-toolchain/bin/../lib/gcc/avr/4.9.2/../../../../avr/lib/avr5\libc.a(strtod.o)
 .comment       0x0000005c       0x2d c:/program files (x86)/atmel/studio/7.0/toolchain/avr8/avr8-gnu-toolchain/bin/../lib/gcc/avr/4.9.2/../../../../avr/lib/avr5\libc.a(errno.o)

.note.gnu.avr.deviceinfo
                0x00000000       0x40
 .note.gnu.avr.deviceinfo
                0x00000000       0x40 C:/Program Files (x86)/Atmel/Studio/7.0/Packs/atmel/ATmega_DFP/1.0.90/gcc/dev/atmega164pa/avr5/crtatmega164pa.o

.note.gnu.build-id
 *(.note.gnu.build-id)

.debug
 *(.debug)

.line
 *(.line)

.debug_srcinfo
 *(.debug_srcinfo)

.debug_sfnames
 *(.debug_sfnames)

.debug_aranges  0x00000000       0xd8
 *(.debug_aranges)
 .debug_aranges
                0x00000000       0x28 src/eeprom_store.o
 .debug_aranges
                0x00000028       0x38 src/terminal.o
 .debug_aranges
                0x00000060       0x78 src/main.o

.debug_pubnames
 *(.debug_pubnames)

.debug_info     0x00000000     0x1736
 *(.debug_info .gnu.linkonce.wi.*)
 .debug_info    0x00000000      0x64f src/eeprom_store.o
 .debug_info    0x0000064f      0x719 src/terminal.o
 .debug_info    0x00000d68      0x9ce src/main.o

.debug_abbrev   0x00000000      0x926
 *(.debug_abbrev)
 .debug_abbrev  0x00000000      0x24a src/eeprom_store.o
 .debug_abbrev  0x0000024a      0x2e8 src/terminal.o
 .debug_abbrev  0x00000532      0x3f4 src/main.o

.debug_line     0x00000000     0x1ea1
 *(.debug_line .debug_line.* .debug_line_end)
 .debug_line    0x00000000      0x7fc src/eeprom_store.o
 .debug_line    0x000007fc      0xb13 src/terminal.o
 .debug_line    0x0000130f      0xb92 src/main.o

.debug_frame    0x00000000      0x36c
 *(.debug_frame)
 .debug_frame   0x00000000       0x44 src/eeprom_store.o
 .debug_frame   0x00000044      0x14c src/terminal.o
 .debug_frame   0x00000190      0x1dc src/main.o

.debug_str      0x00000000    0x137b7
 *(.debug_str)
 .debug_str     0x00000000    0x134a6 src/eeprom_store.o
                              0x137ef (size before relaxing)
 .debug_str     0x000134a6      0x140 src/terminal.o
                              0x137ff (size before relaxing)
 .debug_str     0x000135e6      0x1d1 src/main.o
                              0x139bc (size before relaxing)

.debug_loc      0x00000000      0xeef
 *(.debug_loc)
 .debug_loc     0x00000000      0x2df src/eeprom_store.o
 .debug_loc     0x000002df      0x64d src/terminal.o
 .debug_loc     0x0000092c      0x5c3 src/main.o

.debug_macinfo
 *(.debug_macinfo)

.debug_weaknames
 *(.debug_weaknames)

.debug_funcnames
 *(.debug_funcnames)

.debug_typenames
 *(.debug_typenames)

.debug_varnames
 *(.debug_varnames)

.debug_pubtypes
 *(.debug_pubtypes)

.debug_ranges   0x00000000      0x138
 *(.debug_ranges)
 .debug_ranges  0x00000000       0x30 src/eeprom_store.o
 .debug_ranges  0x00000030       0xa0 src/terminal.o
 .debug_ranges  0x000000d0       0x68 src/main.o

.debug_macro    0x00000000     0x45f1
 *(.debug_macro)
 .debug_macro   0x00000000      0x2a9 src/eeprom_store.o
 .debug_macro   0x000002a9      0xa5a src/eeprom_store.o
 .debug_macro   0x00000d03       0x10 src/eeprom_store.o
 .debug_macro   0x00000d13      0x1ad src/eeprom_store.o
 .debug_macro   0x00000ec0      0x293 src/eeprom_store.o
 .debug_macro   0x00001153       0x9e src/eeprom_store.o
 .debug_macro   0x000011f1     0x1291 src/eeprom_store.o
 .debug_macro   0x00002482      0x171 src/eeprom_store.o
 .debug_macro   0x000025f3       0xbd src/eeprom_store.o
 .debug_macro   0x000026b0       0x34 src/eeprom_store.o
 .debug_macro   0x000026e4       0x18 src/eeprom_store.o
 .debug_macro   0x000026fc       0x6c src/eeprom_store.o
 .debug_macro   0x00002768       0x63 src/eeprom_store.o
 .debug_macro   0x000027cb      0x636 src/eeprom_store.o
 .debug_macro   0x00002e01       0x3a src/eeprom_store.o
 .debug_macro   0x00002e3b       0x22 src/eeprom_store.o
 .debug_macro   0x00002e5d      0x166 src/eeprom_store.o
 .debug_macro   0x00002fc3       0x1c src/eeprom_store.o
 .debug_macro   0x00002fdf       0x35 src/eeprom_store.o
 .debug_macro   0x00003014       0x66 src/eeprom_store.o
 .debug_macro   0x0000307a       0x2f src/eeprom_store.o
 .debug_macro   0x000030a9       0x58 src/eeprom_store.o
 .debug_macro   0x00003101       0x10 src/eeprom_store.o
 .debug_macro   0x00003111       0xeb src/eeprom_store.o
 .debug_macro   0x000031fc       0x5f src/eeprom_store.o
 .debug_macro   0x0000325b       0x12 src/eeprom_store.o
 .debug_macro   0x0000326d       0x32 src/eeprom_store.o
 .debug_macro   0x0000329f       0x10 src/eeprom_store.o
 .debug_macro   0x000032af       0xe2 src/eeprom_store.o
 .debug_macro   0x00003391       0x40 src/eeprom_store.o
 .debug_macro   0x000033d1      0x100 src/eeprom_store.o
 .debug_macro   0x000034d1      0x288 src/eeprom_store.o
 .debug_macro   0x00003759       0xa7 src/eeprom_store.o
 .debug_macro   0x00003800       0x28 src/eeprom_store.o
 .debug_macro   0x00003828       0x23 src/eeprom_store.o
 .debug_macro   0x0000384b       0x16 src/eeprom_store.o
 .debug_macro   0x00003861       0x16 src/eeprom_store.o
 .debug_macro   0x00003877       0x10 src/eeprom_store.o
 .debug_macro   0x00003887       0x28 src/eeprom_store.o
 .debug_macro   0x000038af      0x1a0 src/eeprom_store.o
 .debug_macro   0x00003a4f       0x2f src/eeprom_store.o
 .debug_macro   0x00003a7e       0x1c src/eeprom_store.o
 .debug_macro   0x00003a9a       0x68 src/eeprom_store.o
 .debug_macro   0x00003b02       0x33 src/eeprom_store.o
 .debug_macro   0x00003b35      0x10c src/eeprom_store.o
 .debug_macro   0x00003c41      0x160 src/eeprom_store.o
 .debug_macro   0x00003da1      0x160 src/eeprom_store.o
 .debug_macro   0x00003f01       0x10 src/eeprom_store.o
 .debug_macro   0x00003f11       0x1c src/eeprom_store.o
 .debug_macro   0x00003f2d       0x86 src/eeprom_store.o
 .debug_macro   0x00003fb3       0x3c src/eeprom_store.o
 .debug_macro   0x00003fef       0x6a src/eeprom_store.o
 .debug_macro   0x00004059       0x16 src/eeprom_store.o
 .debug_macro   0x0000406f      0x2af src/terminal.o
 .debug_macro   0x0000431e      0x2d3 src/main.o
OUTPUT(STPWM02.elf elf32-avr)
LOAD linker stubs
