Component: ARM Compiler 5.06 update 1 (build 61) Tool: armlink [4d35a8]

==============================================================================

Section Cross References

    usbd_ctlreq.o(i.USBD_CtlError) refers to usbd_conf.o(i.USBD_LL_StallEP) for USBD_LL_StallEP
    usbd_ctlreq.o(i.USBD_GetDescriptor) refers to usbd_ctlreq.o(i.USBD_CtlError) for USBD_CtlError
    usbd_ctlreq.o(i.USBD_GetDescriptor) refers to usbd_ioreq.o(i.USBD_CtlSendData) for USBD_CtlSendData
    usbd_ctlreq.o(i.USBD_SetConfig) refers to usbd_core.o(i.USBD_ClrClassConfig) for USBD_ClrClassConfig
    usbd_ctlreq.o(i.USBD_SetConfig) refers to usbd_core.o(i.USBD_SetClassConfig) for USBD_SetClassConfig
    usbd_ctlreq.o(i.USBD_SetConfig) refers to usbd_ioreq.o(i.USBD_CtlSendStatus) for USBD_CtlSendStatus
    usbd_ctlreq.o(i.USBD_SetConfig) refers to usbd_ctlreq.o(i.USBD_CtlError) for USBD_CtlError
    usbd_ctlreq.o(i.USBD_SetConfig) refers to usbd_ctlreq.o(.data) for .data
    usbd_ctlreq.o(i.USBD_StdDevReq) refers to usbd_ctlreq.o(i.USBD_GetDescriptor) for USBD_GetDescriptor
    usbd_ctlreq.o(i.USBD_StdDevReq) refers to usbd_conf.o(i.USBD_LL_SetUSBAddress) for USBD_LL_SetUSBAddress
    usbd_ctlreq.o(i.USBD_StdDevReq) refers to usbd_ioreq.o(i.USBD_CtlSendStatus) for USBD_CtlSendStatus
    usbd_ctlreq.o(i.USBD_StdDevReq) refers to usbd_ctlreq.o(i.USBD_SetConfig) for USBD_SetConfig
    usbd_ctlreq.o(i.USBD_StdDevReq) refers to usbd_ctlreq.o(i.USBD_CtlError) for USBD_CtlError
    usbd_ctlreq.o(i.USBD_StdDevReq) refers to usbd_ioreq.o(i.USBD_CtlSendData) for USBD_CtlSendData
    usbd_ctlreq.o(i.USBD_StdEPReq) refers to usbd_conf.o(i.USBD_LL_StallEP) for USBD_LL_StallEP
    usbd_ctlreq.o(i.USBD_StdEPReq) refers to usbd_conf.o(i.USBD_LL_ClearStallEP) for USBD_LL_ClearStallEP
    usbd_ctlreq.o(i.USBD_StdEPReq) refers to usbd_ioreq.o(i.USBD_CtlSendStatus) for USBD_CtlSendStatus
    usbd_ctlreq.o(i.USBD_StdEPReq) refers to usbd_ctlreq.o(i.USBD_CtlError) for USBD_CtlError
    usbd_ctlreq.o(i.USBD_StdEPReq) refers to usbd_conf.o(i.USBD_LL_IsStallEP) for USBD_LL_IsStallEP
    usbd_ctlreq.o(i.USBD_StdEPReq) refers to usbd_ioreq.o(i.USBD_CtlSendData) for USBD_CtlSendData
    usbd_ctlreq.o(i.USBD_StdItfReq) refers to usbd_ioreq.o(i.USBD_CtlSendStatus) for USBD_CtlSendStatus
    usbd_ctlreq.o(i.USBD_StdItfReq) refers to usbd_ctlreq.o(i.USBD_CtlError) for USBD_CtlError
    usbd_ioreq.o(i.USBD_CtlContinueRx) refers to usbd_conf.o(i.USBD_LL_PrepareReceive) for USBD_LL_PrepareReceive
    usbd_ioreq.o(i.USBD_CtlContinueSendData) refers to usbd_conf.o(i.USBD_LL_Transmit) for USBD_LL_Transmit
    usbd_ioreq.o(i.USBD_CtlPrepareRx) refers to usbd_conf.o(i.USBD_LL_PrepareReceive) for USBD_LL_PrepareReceive
    usbd_ioreq.o(i.USBD_CtlReceiveStatus) refers to usbd_conf.o(i.USBD_LL_PrepareReceive) for USBD_LL_PrepareReceive
    usbd_ioreq.o(i.USBD_CtlSendData) refers to usbd_conf.o(i.USBD_LL_Transmit) for USBD_LL_Transmit
    usbd_ioreq.o(i.USBD_CtlSendStatus) refers to usbd_conf.o(i.USBD_LL_Transmit) for USBD_LL_Transmit
    usbd_ioreq.o(i.USBD_GetRxCount) refers to usbd_conf.o(i.USBD_LL_GetRxDataSize) for USBD_LL_GetRxDataSize
    usbd_cdc.o(i.USBD_CDC_DataOut) refers to usbd_conf.o(i.USBD_LL_GetRxDataSize) for USBD_LL_GetRxDataSize
    usbd_cdc.o(i.USBD_CDC_DeInit) refers to usbd_conf.o(i.USBD_LL_CloseEP) for USBD_LL_CloseEP
    usbd_cdc.o(i.USBD_CDC_DeInit) refers to usbd_conf.o(i.USBD_static_free) for USBD_static_free
    usbd_cdc.o(i.USBD_CDC_GetDeviceQualifierDescriptor) refers to usbd_cdc.o(.data) for .data
    usbd_cdc.o(i.USBD_CDC_GetFSCfgDesc) refers to usbd_cdc.o(.data) for .data
    usbd_cdc.o(i.USBD_CDC_GetHSCfgDesc) refers to usbd_cdc.o(.data) for .data
    usbd_cdc.o(i.USBD_CDC_GetOtherSpeedCfgDesc) refers to usbd_cdc.o(.data) for .data
    usbd_cdc.o(i.USBD_CDC_Init) refers to usbd_conf.o(i.USBD_LL_OpenEP) for USBD_LL_OpenEP
    usbd_cdc.o(i.USBD_CDC_Init) refers to usbd_conf.o(i.USBD_static_malloc) for USBD_static_malloc
    usbd_cdc.o(i.USBD_CDC_Init) refers to usbd_conf.o(i.USBD_LL_PrepareReceive) for USBD_LL_PrepareReceive
    usbd_cdc.o(i.USBD_CDC_ReceivePacket) refers to usbd_conf.o(i.USBD_LL_PrepareReceive) for USBD_LL_PrepareReceive
    usbd_cdc.o(i.USBD_CDC_Setup) refers to usbd_ioreq.o(i.USBD_CtlPrepareRx) for USBD_CtlPrepareRx
    usbd_cdc.o(i.USBD_CDC_Setup) refers to usbd_ioreq.o(i.USBD_CtlSendData) for USBD_CtlSendData
    usbd_cdc.o(i.USBD_CDC_Setup) refers to usbd_cdc.o(.data) for .data
    usbd_cdc.o(i.USBD_CDC_TransmitPacket) refers to usbd_conf.o(i.USBD_LL_Transmit) for USBD_LL_Transmit
    usbd_cdc.o(.data) refers to usbd_cdc.o(i.USBD_CDC_Init) for USBD_CDC_Init
    usbd_cdc.o(.data) refers to usbd_cdc.o(i.USBD_CDC_DeInit) for USBD_CDC_DeInit
    usbd_cdc.o(.data) refers to usbd_cdc.o(i.USBD_CDC_Setup) for USBD_CDC_Setup
    usbd_cdc.o(.data) refers to usbd_cdc.o(i.USBD_CDC_EP0_RxReady) for USBD_CDC_EP0_RxReady
    usbd_cdc.o(.data) refers to usbd_cdc.o(i.USBD_CDC_DataIn) for USBD_CDC_DataIn
[...]
    i.MemManage_Handler                      0x08003f30   Section        0  stm32l1xx_it.o(i.MemManage_Handler)
    i.NMI_Handler                            0x08003f32   Section        0  stm32l1xx_it.o(i.NMI_Handler)
    i.NVIC_SetPriority                       0x08003f34   Section        0  stm32l1xx_hal_cortex.o(i.NVIC_SetPriority)
    NVIC_SetPriority                         0x08003f35   Thumb Code    32  stm32l1xx_hal_cortex.o(i.NVIC_SetPriority)
    i.PCD_EP_ISR_Handler                     0x08003f54   Section        0  stm32l1xx_hal_pcd.o(i.PCD_EP_ISR_Handler)
    PCD_EP_ISR_Handler                       0x08003f55   Thumb Code   870  stm32l1xx_hal_pcd.o(i.PCD_EP_ISR_Handler)
    i.PCD_ReadPMA                            0x080042bc   Section        0  stm32l1xx_hal_pcd.o(i.PCD_ReadPMA)
    PCD_ReadPMA                              0x080042bd   Thumb Code    46  stm32l1xx_hal_pcd.o(i.PCD_ReadPMA)
    i.PCD_WritePMA                           0x080042ea   Section        0  stm32l1xx_hal_pcd.o(i.PCD_WritePMA)
    PCD_WritePMA                             0x080042eb   Thumb Code    38  stm32l1xx_hal_pcd.o(i.PCD_WritePMA)
    i.PendSV_Handler                         0x08004310   Section        0  stm32l1xx_it.o(i.PendSV_Handler)
    i.RCC_SetFlashLatencyFromMSIRange        0x08004314   Section        0  stm32l1xx_hal_rcc.o(i.RCC_SetFlashLatencyFromMSIRange)
    RCC_SetFlashLatencyFromMSIRange          0x08004315   Thumb Code   116  stm32l1xx_hal_rcc.o(i.RCC_SetFlashLatencyFromMSIRange)
    i.ResetFilter_data                       0x08004394   Section        0  main.o(i.ResetFilter_data)
    i.SVC_Handler                            0x080043a4   Section        0  stm32l1xx_it.o(i.SVC_Handler)
    i.SetDutyCycle                           0x080043a6   Section        0  tim.o(i.SetDutyCycle)
    i.SetPeriod                              0x080043b8   Section        0  tim.o(i.SetPeriod)
    i.SysTick_Handler                        0x080043e4   Section        0  stm32l1xx_it.o(i.SysTick_Handler)
    i.SystemClock_Config                     0x080043f4   Section        0  main.o(i.SystemClock_Config)
    i.SystemInit                             0x08004474   Section        0  system_stm32l1xx.o(i.SystemInit)
    i.TIM3_IRQHandler                        0x080044c4   Section        0  main.o(i.TIM3_IRQHandler)
    i.TIM4_IRQHandler                        0x080044dc   Section        0  main.o(i.TIM4_IRQHandler)
    i.TIM_Base_SetConfig                     0x0800450c   Section        0  stm32l1xx_hal_tim.o(i.TIM_Base_SetConfig)
    TIM_Base_SetConfig                       0x0800450d   Thumb Code    86  stm32l1xx_hal_tim.o(i.TIM_Base_SetConfig)
    i.TIM_CCxChannelCmd                      0x08004578   Section        0  stm32l1xx_hal_tim.o(i.TIM_CCxChannelCmd)
    TIM_CCxChannelCmd                        0x08004579   Thumb Code    22  stm32l1xx_hal_tim.o(i.TIM_CCxChannelCmd)
    i.TIM_ETR_SetConfig                      0x0800458e   Section        0  stm32l1xx_hal_tim.o(i.TIM_ETR_SetConfig)
    TIM_ETR_SetConfig                        0x0800458f   Thumb Code    20  stm32l1xx_hal_tim.o(i.TIM_ETR_SetConfig)
    i.TIM_ITRx_SetConfig                     0x080045a2   Section        0  stm32l1xx_hal_tim.o(i.TIM_ITRx_SetConfig)
    TIM_ITRx_SetConfig                       0x080045a3   Thumb Code    16  stm32l1xx_hal_tim.o(i.TIM_ITRx_SetConfig)
    i.TIM_OC1_SetConfig                      0x080045b2   Section        0  stm32l1xx_hal_tim.o(i.TIM_OC1_SetConfig)
    TIM_OC1_SetConfig                        0x080045b3   Thumb Code    44  stm32l1xx_hal_tim.o(i.TIM_OC1_SetConfig)
    i.TIM_OC2_SetConfig                      0x080045de   Section        0  stm32l1xx_hal_tim.o(i.TIM_OC2_SetConfig)
    TIM_OC2_SetConfig                        0x080045df   Thumb Code    48  stm32l1xx_hal_tim.o(i.TIM_OC2_SetConfig)
    i.TIM_OC3_SetConfig                      0x0800460e   Section        0  stm32l1xx_hal_tim.o(i.TIM_OC3_SetConfig)
    TIM_OC3_SetConfig                        0x0800460f   Thumb Code    46  stm32l1xx_hal_tim.o(i.TIM_OC3_SetConfig)
    i.TIM_OC4_SetConfig                      0x0800463c   Section        0  stm32l1xx_hal_tim.o(i.TIM_OC4_SetConfig)
    TIM_OC4_SetConfig                        0x0800463d   Thumb Code    48  stm32l1xx_hal_tim.o(i.TIM_OC4_SetConfig)
    i.TIM_TI1_ConfigInputStage               0x0800466c   Section        0  stm32l1xx_hal_tim.o(i.TIM_TI1_ConfigInputStage)
    TIM_TI1_ConfigInputStage                 0x0800466d   Thumb Code    34  stm32l1xx_hal_tim.o(i.TIM_TI1_ConfigInputStage)
    i.TIM_TI2_ConfigInputStage               0x0800468e   Section        0  stm32l1xx_hal_tim.o(i.TIM_TI2_ConfigInputStage)
    TIM_TI2_ConfigInputStage                 0x0800468f   Thumb Code    36  stm32l1xx_hal_tim.o(i.TIM_TI2_ConfigInputStage)
    i.UART_Receive_IT                        0x080046b4   Section        0  stm32l1xx_hal_uart.o(i.UART_Receive_IT)
    UART_Receive_IT                          0x080046b5   Thumb Code   168  stm32l1xx_hal_uart.o(i.UART_Receive_IT)
    i.UART_SetConfig                         0x0800475c   Section        0  stm32l1xx_hal_uart.o(i.UART_SetConfig)
    UART_SetConfig                           0x0800475d   Thumb Code   666  stm32l1xx_hal_uart.o(i.UART_SetConfig)
    i.UART_Transmit_IT                       0x080049fc   Section        0  stm32l1xx_hal_uart.o(i.UART_Transmit_IT)
    UART_Transmit_IT                         0x080049fd   Thumb Code   102  stm32l1xx_hal_uart.o(i.UART_Transmit_IT)
    i.USART1_IRQHandler                      0x08004a64   Section        0  stm32l1xx_it.o(i.USART1_IRQHandler)
    i.USBD_CDC_DataIn                        0x08004a70   Section        0  usbd_cdc.o(i.USBD_CDC_DataIn)
    USBD_CDC_DataIn                          0x08004a71   Thumb Code    20  usbd_cdc.o(i.USBD_CDC_DataIn)
    i.USBD_CDC_DataOut                       0x08004a84   Section        0  usbd_cdc.o(i.USBD_CDC_DataOut)
    USBD_CDC_DataOut                         0x08004a85   Thumb Code    46  usbd_cdc.o(i.USBD_CDC_DataOut)
    i.USBD_CDC_DeInit                        0x08004ab2   Section        0  usbd_cdc.o(i.USBD_CDC_DeInit)
    USBD_CDC_DeInit                          0x08004ab3   Thumb Code    60  usbd_cdc.o(i.USBD_CDC_DeInit)
    i.USBD_CDC_EP0_RxReady                   0x08004aee   Section        0  usbd_cdc.o(i.USBD_CDC_EP0_RxReady)
    USBD_CDC_EP0_RxReady                     0x08004aef   Thumb Code    36  usbd_cdc.o(i.USBD_CDC_EP0_RxReady)
    i.USBD_CDC_GetDeviceQualifierDescriptor  0x08004b14   Section        0  usbd_cdc.o(i.USBD_CDC_GetDeviceQualifierDescriptor)
    i.USBD_CDC_GetFSCfgDesc                  0x08004b20   Section        0  usbd_cdc.o(i.USBD_CDC_GetFSCfgDesc)
    USBD_CDC_GetFSCfgDesc                    0x08004b21   Thumb Code     8  usbd_cdc.o(i.USBD_CDC_GetFSCfgDesc)
    i.USBD_CDC_GetHSCfgDesc                  0x08004b2c   Section        0  usbd_cdc.o(i.USBD_CDC_GetHSCfgDesc)
    USBD_CDC_GetHSCfgDesc                    0x08004b2d   Thumb Code     8  usbd_cdc.o(i.USBD_CDC_GetHSCfgDesc)
    i.USBD_CDC_GetOtherSpeedCfgDesc          0x08004b38   Section        0  usbd_cdc.o(i.USBD_CDC_GetOtherSpeedCfgDesc)
    USBD_CDC_GetOtherSpeedCfgDesc            0x08004b39   Thumb Code     8  usbd_cdc.o(i.USBD_CDC_GetOtherSpeedCfgDesc)
    i.USBD_CDC_Init                          0x08004b44   Section        0  usbd_cdc.o(i.USBD_CDC_Init)
    USBD_CDC_Init                            0x08004b45   Thumb Code   136  usbd_cdc.o(i.USBD_CDC_Init)
    i.USBD_CDC_ReceivePacket                 0x08004bcc   Section        0  usbd_cdc.o(i.USBD_CDC_ReceivePacket)
    i.USBD_CDC_RegisterInterface             0x08004bf4   Section        0  usbd_cdc.o(i.USBD_CDC_RegisterInterface)
    i.USBD_CDC_SetRxBuffer                   0x08004c04   Section        0  usbd_cdc.o(i.USBD_CDC_SetRxBuffer)
    i.USBD_CDC_SetTxBuffer                   0x08004c10   Section        0  usbd_cdc.o(i.USBD_CDC_SetTxBuffer)
    i.USBD_CDC_Setup                         0x08004c20   Section        0  usbd_cdc.o(i.USBD_CDC_Setup)
    USBD_CDC_Setup                           0x08004c21   Thumb Code   106  usbd_cdc.o(i.USBD_CDC_Setup)
    i.USBD_CDC_TransmitPacket                0x08004c90   Section        0  usbd_cdc.o(i.USBD_CDC_TransmitPacket)
    i.USBD_ClrClassConfig                    0x08004cc0   Section        0  usbd_core.o(i.USBD_ClrClassConfig)
    i.USBD_CtlContinueRx                     0x08004cce   Section        0  usbd_ioreq.o(i.USBD_CtlContinueRx)
    i.USBD_CtlContinueSendData               0x08004cde   Section        0  usbd_ioreq.o(i.USBD_CtlContinueSendData)
    i.USBD_CtlError                          0x08004cee   Section        0  usbd_ctlreq.o(i.USBD_CtlError)
    i.USBD_CtlPrepareRx                      0x08004d04   Section        0  usbd_ioreq.o(i.USBD_CtlPrepareRx)
    i.USBD_CtlReceiveStatus                  0x08004d22   Section        0  usbd_ioreq.o(i.USBD_CtlReceiveStatus)
    i.USBD_CtlSendData                       0x08004d38   Section        0  usbd_ioreq.o(i.USBD_CtlSendData)
    i.USBD_CtlSendStatus                     0x08004d52   Section        0  usbd_ioreq.o(i.USBD_CtlSendStatus)
    i.USBD_FS_ConfigStrDescriptor            0x08004d68   Section        0  usbd_desc.o(i.USBD_FS_ConfigStrDescriptor)
    i.USBD_FS_DeviceDescriptor               0x08004d88   Section        0  usbd_desc.o(i.USBD_FS_DeviceDescriptor)
    i.USBD_FS_InterfaceStrDescriptor         0x08004d94   Section        0  usbd_desc.o(i.USBD_FS_InterfaceStrDescriptor)
    i.USBD_FS_LangIDStrDescriptor            0x08004db8   Section        0  usbd_desc.o(i.USBD_FS_LangIDStrDescriptor)
    i.USBD_FS_ManufacturerStrDescriptor      0x08004dc4   Section        0  usbd_desc.o(i.USBD_FS_ManufacturerStrDescriptor)
    i.USBD_FS_ProductStrDescriptor           0x08004dec   Section        0  usbd_desc.o(i.USBD_FS_ProductStrDescriptor)
    i.USBD_FS_SerialStrDescriptor            0x08004e18   Section        0  usbd_desc.o(i.USBD_FS_SerialStrDescriptor)
    i.USBD_GetDescriptor                     0x08004e3c   Section        0  usbd_ctlreq.o(i.USBD_GetDescriptor)
    USBD_GetDescriptor                       0x08004e3d   Thumb Code   224  usbd_ctlreq.o(i.USBD_GetDescriptor)
    i.USBD_GetString                         0x08004f1c   Section        0  usbd_ctlreq.o(i.USBD_GetString)
    i.USBD_Init                              0x08004f62   Section        0  usbd_core.o(i.USBD_Init)
    i.USBD_LL_ClearStallEP                   0x08004f8c   Section        0  usbd_conf.o(i.USBD_LL_ClearStallEP)
    i.USBD_LL_CloseEP                        0x08004fac   Section        0  usbd_conf.o(i.USBD_LL_CloseEP)
    i.USBD_LL_DataInStage                    0x08004fcc   Section        0  usbd_core.o(i.USBD_LL_DataInStage)
    i.USBD_LL_DataOutStage                   0x08005076   Section        0  usbd_core.o(i.USBD_LL_DataOutStage)
    i.USBD_LL_GetRxDataSize                  0x080050e0   Section        0  usbd_conf.o(i.USBD_LL_GetRxDataSize)
    i.USBD_LL_Init                           0x080050e8   Section        0  usbd_conf.o(i.USBD_LL_Init)
    i.USBD_LL_IsStallEP                      0x08005188   Section        0  usbd_conf.o(i.USBD_LL_IsStallEP)
    i.USBD_LL_OpenEP                         0x080051a8   Section        0  usbd_conf.o(i.USBD_LL_OpenEP)
    i.USBD_LL_PrepareReceive                 0x080051ce   Section        0  usbd_conf.o(i.USBD_LL_PrepareReceive)
    i.USBD_LL_Reset                          0x080051ee   Section        0  usbd_core.o(i.USBD_LL_Reset)
    i.USBD_LL_Resume                         0x0800522c   Section        0  usbd_core.o(i.USBD_LL_Resume)
    i.USBD_LL_SOF                            0x08005238   Section        0  usbd_core.o(i.USBD_LL_SOF)
    i.USBD_LL_SetSpeed                       0x08005250   Section        0  usbd_core.o(i.USBD_LL_SetSpeed)
    i.USBD_LL_SetUSBAddress                  0x08005256   Section        0  usbd_conf.o(i.USBD_LL_SetUSBAddress)
    i.USBD_LL_SetupStage                     0x08005276   Section        0  usbd_core.o(i.USBD_LL_SetupStage)
    i.USBD_LL_StallEP                        0x080052d0   Section        0  usbd_conf.o(i.USBD_LL_StallEP)
    i.USBD_LL_Start                          0x080052f0   Section        0  usbd_conf.o(i.USBD_LL_Start)
    i.USBD_LL_Suspend                        0x08005310   Section        0  usbd_core.o(i.USBD_LL_Suspend)
    i.USBD_LL_Transmit                       0x08005322   Section        0  usbd_conf.o(i.USBD_LL_Transmit)
    i.USBD_ParseSetupRequest                 0x08005342   Section        0  usbd_ctlreq.o(i.USBD_ParseSetupRequest)
    i.USBD_RegisterClass                     0x0800536a   Section        0  usbd_core.o(i.USBD_RegisterClass)
    i.USBD_SetClassConfig                    0x0800537a   Section        0  usbd_core.o(i.USBD_SetClassConfig)
    i.USBD_SetConfig                         0x08005390   Section        0  usbd_ctlreq.o(i.USBD_SetConfig)
    USBD_SetConfig                           0x08005391   Thumb Code   110  usbd_ctlreq.o(i.USBD_SetConfig)
    i.USBD_Start                             0x08005404   Section        0  usbd_core.o(i.USBD_Start)
    i.USBD_StdDevReq                         0x0800540e   Section        0  usbd_ctlreq.o(i.USBD_StdDevReq)
    i.USBD_StdEPReq                          0x08005500   Section        0  usbd_ctlreq.o(i.USBD_StdEPReq)
    i.USBD_StdItfReq                         0x080055dc   Section        0  usbd_ctlreq.o(i.USBD_StdItfReq)
    i.USBD_static_free                       0x08005610   Section        0  usbd_conf.o(i.USBD_static_free)
    i.USBD_static_malloc                     0x08005614   Section        0  usbd_conf.o(i.USBD_static_malloc)
    i.USB_LP_IRQHandler                      0x0800561c   Section        0  stm32l1xx_it.o(i.USB_LP_IRQHandler)
    i.UsageFault_Handler                     0x08005628   Section        0  stm32l1xx_it.o(i.UsageFault_Handler)
    i.WriteCrc16                             0x0800562a   Section        0  crc16.o(i.WriteCrc16)
    i._Error_Handler                         0x08005640   Section        0  main.o(i._Error_Handler)
    i.__scatterload_copy                     0x08005642   Section       14  handlers.o(i.__scatterload_copy)
    i.__scatterload_null                     0x08005650   Section        2  handlers.o(i.__scatterload_null)
    i.__scatterload_zeroinit                 0x08005652   Section       14  handlers.o(i.__scatterload_zeroinit)
    i.get_sens_data                          0x08005660   Section        0  main.o(i.get_sens_data)
    i.main                                   0x08005858   Section        0  main.o(i.main)
    i.mb_event                               0x080059bc   Section        0  modbus_config.o(i.mb_event)
    i.mb_read_registers                      0x080059f4   Section        0  main.o(i.mb_read_registers)
    i.mb_slave_init                          0x08005a88   Section        0  mb_slave.o(i.mb_slave_init)
    i.mb_slave_parse_packet                  0x08005b18   Section        0  mb_slave.o(i.mb_slave_parse_packet)
    i.mb_slave_recive                        0x08005c48   Section        0  mb_slave.o(i.mb_slave_recive)
    i.mb_slave_send_error                    0x08005ca8   Section        0  mb_slave.o(i.mb_slave_send_error)
    i.mb_slave_start_packet                  0x08005cd8   Section        0  mb_slave.o(i.mb_slave_start_packet)
    i.mb_slave_start_tx                      0x08005d0e   Section        0  mb_slave.o(i.mb_slave_start_tx)
    i.mb_slave_timer_expired                 0x08005d52   Section        0  mb_slave.o(i.mb_slave_timer_expired)
    i.mb_timer_disable                       0x08005d94   Section        0  modbus_config.o(i.mb_timer_disable)
    i.mb_timer_enable                        0x08005da4   Section        0  modbus_config.o(i.mb_timer_enable)
    i.mb_timer_init                          0x08005db4   Section        0  modbus_config.o(i.mb_timer_init)
    i.mb_timer_reset                         0x08005dd4   Section        0  modbus_config.o(i.mb_timer_reset)
    i.mb_tx                                  0x08005df0   Section        0  modbus_config.o(i.mb_tx)
    i.mb_write_registers                     0x08005e28   Section        0  main.o(i.mb_write_registers)
    i.usart_enable                           0x08005e68   Section        0  modbus_config.o(i.usart_enable)
    i.usart_init                             0x08005e6c   Section        0  modbus_config.o(i.usart_init)
    .constdata                               0x08005e70   Section       25  system_stm32l1xx.o(.constdata)
    .constdata                               0x08005e89   Section        8  system_stm32l1xx.o(.constdata)
    .constdata                               0x08005e92   Section     1024  crc16.o(.constdata)
    wCRCTable                                0x08006092   Data         512  crc16.o(.constdata)
    .data                                    0x20000000   Section        1  usbd_ctlreq.o(.data)
    cfgidx                                   0x20000000   Data           1  usbd_ctlreq.o(.data)
    .data                                    0x20000004   Section      219  usbd_cdc.o(.data)
    ifalt                                    0x20000004   Data           1  usbd_cdc.o(.data)
    USBD_CDC_DeviceQualifierDesc             0x20000008   Data          10  usbd_cdc.o(.data)
    .data                                    0x200000e0   Section       56  usbd_cdc.o(.data)
    .data                                    0x20000118   Section        4  system_stm32l1xx.o(.data)
    .data                                    0x2000011c   Section        4  stm32l1xx_hal.o(.data)
    .data                                    0x20000120   Section       68  main.o(.data)
    .data                                    0x20000164   Section       16  usbd_cdc_if.o(.data)
    .data                                    0x20000174   Section        8  usbd_cdc_if.o(.data)
    .data                                    0x2000017c   Section       28  usbd_desc.o(.data)
    .data                                    0x20000198   Section       22  usbd_desc.o(.data)
    .data                                    0x200001ae   Section        4  i2c.o(.data)
    .data                                    0x200001b4   Section        4  mb_slave.o(.data)
    .data                                    0x200001b8   Section      112  modbus_config.o(.data)
    .bss                                     0x20000228   Section       24  stm32l1xx_hal_flash.o(.bss)
    .bss                                     0x20000240   Section      288  main.o(.bss)
    .bss                                     0x20000360   Section     1088  usbd_conf.o(.bss)
    mem                                      0x20000360   Data         544  usbd_conf.o(.bss)
    .bss                                     0x200007a0   Section      548  usb_device.o(.bss)
    .bss                                     0x200009c4   Section      512  usbd_desc.o(.bss)
    .bss                                     0x20000bc4   Section      152  adc.o(.bss)
    .bss                                     0x20000c5c   Section       64  usart.o(.bss)
    .bss                                     0x20000c9c   Section      336  tim.o(.bss)
    .bss                                     0x20000dec   Section       84  i2c.o(.bss)
    .bss                                     0x20000e40   Section      100  modbus_config.o(.bss)
    .bss                                     0x20000ea4   Section      100  modbus_config.o(.bss)
    STACK                                    0x20000f08   Section     1024  startup_stm32l152xb.o(STACK)

    Global Symbols

    Symbol Name                              Value     Ov Type        Size  Object(Section)

    BuildAttributes$$THM_ISAv4$P$D$K$B$S$PE$A:L22UL41UL21$X:L11$S22US41US21$IEEE1$IW$USESV6$~STKCKD$USESV7$~SHL$OTIME$ROPI$EBA8$MICROLIB$REQ8$PRES8$EABIv2 0x00000000   Number         0  anon$$obj.o ABSOLUTE
    __ARM_use_no_argv                        0x00000000   Number         0  main.o ABSOLUTE
    __cpp_initialize__aeabi_                  - Undefined Weak Reference
    __cxa_finalize                            - Undefined Weak Reference
    _clock_init                               - Undefined Weak Reference
    _microlib_exit                            - Undefined Weak Reference
    __Vectors_Size                           0x000000f4   Number         0  startup_stm32l152xb.o ABSOLUTE
    __Vectors                                0x08000000   Data           4  startup_stm32l152xb.o(RESET)
    __Vectors_End                            0x080000f4   Data           0  startup_stm32l152xb.o(RESET)
    __main                                   0x080000f5   Thumb Code     0  entry.o(.ARM.Collect$$$$00000000)
    _main_stk                                0x080000f5   Thumb Code     0  entry2.o(.ARM.Collect$$$$00000001)
    _main_scatterload                        0x080000f9   Thumb Code     0  entry5.o(.ARM.Collect$$$$00000004)
    __main_after_scatterload                 0x080000fd   Thumb Code     0  entry5.o(.ARM.Collect$$$$00000004)
    _main_clock                              0x080000fd   Thumb Code     0  entry7b.o(.ARM.Collect$$$$00000008)
    _main_cpp_init                           0x080000fd   Thumb Code     0  entry8b.o(.ARM.Collect$$$$0000000A)
    _main_init                               0x080000fd   Thumb Code     0  entry9a.o(.ARM.Collect$$$$0000000B)
    __rt_final_cpp                           0x08000105   Thumb Code     0  entry10a.o(.ARM.Collect$$$$0000000D)
    __rt_final_exit                          0x08000105   Thumb Code     0  entry11a.o(.ARM.Collect$$$$0000000F)
    Reset_Handler                            0x08000109   Thumb Code     8  startup_stm32l152xb.o(.text)
    ADC1_IRQHandler                          0x08000123   Thumb Code     0  startup_stm32l152xb.o(.text)
    COMP_IRQHandler                          0x08000123   Thumb Code     0  startup_stm32l152xb.o(.text)
    DAC_IRQHandler                           0x08000123   Thumb Code     0  startup_stm32l152xb.o(.text)
    DMA1_Channel2_IRQHandler                 0x08000123   Thumb Code     0  startup_stm32l152xb.o(.text)
    DMA1_Channel3_IRQHandler                 0x08000123   Thumb Code     0  startup_stm32l152xb.o(.text)
    DMA1_Channel4_IRQHandler                 0x08000123   Thumb Code     0  startup_stm32l152xb.o(.text)
    DMA1_Channel5_IRQHandler                 0x08000123   Thumb Code     0  startup_stm32l152xb.o(.text)
    DMA1_Channel6_IRQHandler                 0x08000123   Thumb Code     0  startup_stm32l152xb.o(.text)
    DMA1_Channel7_IRQHandler                 0x08000123   Thumb Code     0  startup_stm32l152xb.o(.text)
    EXTI0_IRQHandler                         0x08000123   Thumb Code     0  startup_stm32l152xb.o(.text)
    EXTI15_10_IRQHandler                     0x08000123   Thumb Code     0  startup_stm32l152xb.o(.text)
    EXTI1_IRQHandler                         0x08000123   Thumb Code     0  startup_stm32l152xb.o(.text)
    EXTI2_IRQHandler                         0x08000123   Thumb Code     0  startup_stm32l152xb.o(.text)
    EXTI3_IRQHandler                         0x08000123   Thumb Code     0  startup_stm32l152xb.o(.text)
    EXTI4_IRQHandler                         0x08000123   Thumb Code     0  startup_stm32l152xb.o(.text)
    EXTI9_5_IRQHandler                       0x08000123   Thumb Code     0  startup_stm32l152xb.o(.text)
    FLASH_IRQHandler                         0x08000123   Thumb Code     0  startup_stm32l152xb.o(.text)
    I2C1_ER_IRQHandler                       0x08000123   Thumb Code     0  startup_stm32l152xb.o(.text)
    I2C1_EV_IRQHandler                       0x08000123   Thumb Code     0  startup_stm32l152xb.o(.text)
    I2C2_ER_IRQHandler                       0x08000123   Thumb Code     0  startup_stm32l152xb.o(.text)
    I2C2_EV_IRQHandler                       0x08000123   Thumb Code     0  startup_stm32l152xb.o(.text)
    LCD_IRQHandler                           0x08000123   Thumb Code     0  startup_stm32l152xb.o(.text)
    PVD_IRQHandler                           0x08000123   Thumb Code     0  startup_stm32l152xb.o(.text)
    RCC_IRQHandler                           0x08000123   Thumb Code     0  startup_stm32l152xb.o(.text)
    RTC_Alarm_IRQHandler                     0x08000123   Thumb Code     0  startup_stm32l152xb.o(.text)
    RTC_WKUP_IRQHandler                      0x08000123   Thumb Code     0  startup_stm32l152xb.o(.text)
    SPI1_IRQHandler                          0x08000123   Thumb Code     0  startup_stm32l152xb.o(.text)
    SPI2_IRQHandler                          0x08000123   Thumb Code     0  startup_stm32l152xb.o(.text)
    TAMPER_STAMP_IRQHandler                  0x08000123   Thumb Code     0  startup_stm32l152xb.o(.text)
    TIM10_IRQHandler                         0x08000123   Thumb Code     0  startup_stm32l152xb.o(.text)
    TIM11_IRQHandler                         0x08000123   Thumb Code     0  startup_stm32l152xb.o(.text)
    TIM2_IRQHandler                          0x08000123   Thumb Code     0  startup_stm32l152xb.o(.text)
    TIM6_IRQHandler                          0x08000123   Thumb Code     0  startup_stm32l152xb.o(.text)
    TIM7_IRQHandler                          0x08000123   Thumb Code     0  startup_stm32l152xb.o(.text)
    TIM9_IRQHandler                          0x08000123   Thumb Code     0  startup_stm32l152xb.o(.text)
    USART2_IRQHandler                        0x08000123   Thumb Code     0  startup_stm32l152xb.o(.text)
    USART3_IRQHandler                        0x08000123   Thumb Code     0  startup_stm32l152xb.o(.text)
    USB_FS_WKUP_IRQHandler                   0x08000123   Thumb Code     0  startup_stm32l152xb.o(.text)
    USB_HP_IRQHandler                        0x08000123   Thumb Code     0  startup_stm32l152xb.o(.text)
    WWDG_IRQHandler                          0x08000123   Thumb Code     0  startup_stm32l152xb.o(.text)
    __aeabi_fadd                             0x0800012d   Thumb Code   164  fadd.o(.text)
    __aeabi_fsub                             0x080001d1   Thumb Code     6  fadd.o(.text)
    __aeabi_frsub                            0x080001d7   Thumb Code     6  fadd.o(.text)
    __aeabi_fmul                             0x080001dd   Thumb Code   100  fmul.o(.text)
    __aeabi_fdiv                             0x08000241   Thumb Code   124  fdiv.o(.text)
    __ARM_scalbnf                            0x080002bd   Thumb Code    24  fscalb.o(.text)
    scalbnf                                  0x080002bd   Thumb Code     0  fscalb.o(.text)
    __aeabi_dmul                             0x080002d5   Thumb Code   228  dmul.o(.text)
    __ARM_scalbn                             0x080003b9   Thumb Code    46  dscalb.o(.text)
    scalbn                                   0x080003b9   Thumb Code     0  dscalb.o(.text)
    __aeabi_ui2f                             0x080003e7   Thumb Code    10  ffltui.o(.text)
    __aeabi_ui2d                             0x080003f1   Thumb Code    26  dfltui.o(.text)
    __aeabi_f2iz                             0x0800040b   Thumb Code    50  ffixi.o(.text)
    __aeabi_f2uiz                            0x0800043d   Thumb Code    40  ffixui.o(.text)
    __aeabi_d2uiz                            0x08000465   Thumb Code    50  dfixui.o(.text)
    __aeabi_d2f                              0x08000497   Thumb Code    56  d2f.o(.text)
    __aeabi_llsr                             0x080004cf   Thumb Code    32  llushr.o(.text)
    _ll_ushift_r                             0x080004cf   Thumb Code     0  llushr.o(.text)
    __I$use$fp                               0x080004ef   Thumb Code     0  iusefp.o(.text)
    _float_round                             0x080004ef   Thumb Code    18  fepilogue.o(.text)
    _float_epilogue                          0x08000501   Thumb Code    92  fepilogue.o(.text)
    _double_round                            0x0800055d   Thumb Code    30  depilogue.o(.text)
    _double_epilogue                         0x0800057b   Thumb Code   156  depilogue.o(.text)
    __scatterload                            0x08000619   Thumb Code    28  init.o(.text)
    __scatterload_rt2                        0x08000619   Thumb Code     0  init.o(.text)
    __aeabi_llsl                             0x0800063d   Thumb Code    30  llshl.o(.text)
    _ll_shift_l                              0x0800063d   Thumb Code     0  llshl.o(.text)
    __decompress                             0x0800065b   Thumb Code     0  __dczerorl2.o(.text)
    __decompress1                            0x0800065b   Thumb Code    86  __dczerorl2.o(.text)
    ADC_Enable                               0x08000739   Thumb Code   108  stm32l1xx_hal_adc.o(i.ADC_Enable)
    BusFault_Handler                         0x080007ad   Thumb Code     2  stm32l1xx_it.o(i.BusFault_Handler)
    CDC_Transmit_FS                          0x08000819   Thumb Code    38  usbd_cdc_if.o(i.CDC_Transmit_FS)
    CalcCrc16                                0x08000845   Thumb Code    34  crc16.o(i.CalcCrc16)
    Check_alarm                              0x0800086d   Thumb Code   158  main.o(i.Check_alarm)
    ConvertTemp                              0x0800091d   Thumb Code    86  i2c.o(i.ConvertTemp)
    Crc8                                     0x0800098d   Thumb Code    46  i2c.o(i.Crc8)
    DMA1_Channel1_IRQHandler                 0x080009bd   Thumb Code     6  stm32l1xx_it.o(i.DMA1_Channel1_IRQHandler)
    DebugMon_Handler                         0x080009f3   Thumb Code     2  stm32l1xx_it.o(i.DebugMon_Handler)
    EnterCritSection                         0x080009f5   Thumb Code    14  mb_slave.o(i.EnterCritSection)
    ExitCritSection                          0x08000a09   Thumb Code    18  mb_slave.o(i.ExitCritSection)
    FLASH_PageErase                          0x08000a21   Thumb Code    32  stm32l1xx_hal_flash_ex.o(i.FLASH_PageErase)
    FLASH_WaitForLastOperation               0x08000a91   Thumb Code    80  stm32l1xx_hal_flash.o(i.FLASH_WaitForLastOperation)
    Flash_Restore                            0x08000ae5   Thumb Code    74  main.o(i.Flash_Restore)
    Flash_Store                              0x08000b39   Thumb Code   234  main.o(i.Flash_Store)
    HAL_ADC_ConfigChannel                    0x08000c39   Thumb Code   316  stm32l1xx_hal_adc.o(i.HAL_ADC_ConfigChannel)
    HAL_ADC_ConvCpltCallback                 0x08000d81   Thumb Code     2  stm32l1xx_hal_adc.o(i.HAL_ADC_ConvCpltCallback)
    HAL_ADC_ConvHalfCpltCallback             0x08000d83   Thumb Code     2  stm32l1xx_hal_adc.o(i.HAL_ADC_ConvHalfCpltCallback)
    HAL_ADC_ErrorCallback                    0x08000d85   Thumb Code     2  stm32l1xx_hal_adc.o(i.HAL_ADC_ErrorCallback)
    HAL_ADC_GetValue                         0x08000d87   Thumb Code     6  stm32l1xx_hal_adc.o(i.HAL_ADC_GetValue)
    HAL_ADC_Init                             0x08000d8d   Thumb Code   390  stm32l1xx_hal_adc.o(i.HAL_ADC_Init)
    HAL_ADC_MspInit                          0x08000f29   Thumb Code   102  adc.o(i.HAL_ADC_MspInit)
    HAL_ADC_Start                            0x08000fb5   Thumb Code   118  stm32l1xx_hal_adc.o(i.HAL_ADC_Start)
    HAL_ADC_Start_DMA                        0x0800102d   Thumb Code   184  stm32l1xx_hal_adc.o(i.HAL_ADC_Start_DMA)
    HAL_DMA_IRQHandler                       0x080010f1   Thumb Code   168  stm32l1xx_hal_dma.o(i.HAL_DMA_IRQHandler)
    HAL_DMA_Init                             0x08001199   Thumb Code    92  stm32l1xx_hal_dma.o(i.HAL_DMA_Init)
    HAL_DMA_Start_IT                         0x080011fd   Thumb Code   112  stm32l1xx_hal_dma.o(i.HAL_DMA_Start_IT)
    HAL_Delay                                0x0800126d   Thumb Code    22  stm32l1xx_hal.o(i.HAL_Delay)
    HAL_FLASH_Lock                           0x08001285   Thumb Code    14  stm32l1xx_hal_flash.o(i.HAL_FLASH_Lock)
    HAL_FLASH_Program                        0x08001299   Thumb Code    56  stm32l1xx_hal_flash.o(i.HAL_FLASH_Program)
    HAL_FLASH_Unlock                         0x080012d5   Thumb Code    46  stm32l1xx_hal_flash.o(i.HAL_FLASH_Unlock)
    HAL_GPIO_Init                            0x08001319   Thumb Code   364  stm32l1xx_hal_gpio.o(i.HAL_GPIO_Init)
    HAL_GPIO_TogglePin                       0x080014a5   Thumb Code     8  stm32l1xx_hal_gpio.o(i.HAL_GPIO_TogglePin)
    HAL_GPIO_WritePin                        0x080014ad   Thumb Code    10  stm32l1xx_hal_gpio.o(i.HAL_GPIO_WritePin)
    HAL_GetTick                              0x080014b9   Thumb Code     6  stm32l1xx_hal.o(i.HAL_GetTick)
    HAL_I2C_Init                             0x080014c5   Thumb Code   312  stm32l1xx_hal_i2c.o(i.HAL_I2C_Init)
    HAL_I2C_Master_Receive                   0x08001609   Thumb Code   476  stm32l1xx_hal_i2c.o(i.HAL_I2C_Master_Receive)
    HAL_I2C_Master_Transmit                  0x080017ed   Thumb Code   304  stm32l1xx_hal_i2c.o(i.HAL_I2C_Master_Transmit)
    HAL_I2C_MspInit                          0x08001921   Thumb Code    64  i2c.o(i.HAL_I2C_MspInit)
    HAL_IncTick                              0x0800196d   Thumb Code    10  stm32l1xx_hal.o(i.HAL_IncTick)
    HAL_Init                                 0x0800197d   Thumb Code    40  stm32l1xx_hal.o(i.HAL_Init)
    HAL_InitTick                             0x080019a9   Thumb Code    34  stm32l1xx_hal.o(i.HAL_InitTick)
    HAL_MspInit                              0x080019d1   Thumb Code   140  stm32l1xx_hal_msp.o(i.HAL_MspInit)
    HAL_NVIC_EnableIRQ                       0x08001a61   Thumb Code    22  stm32l1xx_hal_cortex.o(i.HAL_NVIC_EnableIRQ)
    HAL_NVIC_SetPriority                     0x08001a79   Thumb Code    60  stm32l1xx_hal_cortex.o(i.HAL_NVIC_SetPriority)
    HAL_NVIC_SetPriorityGrouping             0x08001ab9   Thumb Code    26  stm32l1xx_hal_cortex.o(i.HAL_NVIC_SetPriorityGrouping)
    HAL_PCDEx_PMAConfig                      0x08001add   Thumb Code    60  stm32l1xx_hal_pcd_ex.o(i.HAL_PCDEx_PMAConfig)
    HAL_PCDEx_SetConnectionState             0x08001b19   Thumb Code    22  usbd_conf.o(i.HAL_PCDEx_SetConnectionState)
    HAL_PCD_DataInStageCallback              0x08001b35   Thumb Code    18  usbd_conf.o(i.HAL_PCD_DataInStageCallback)
    HAL_PCD_DataOutStageCallback             0x08001b47   Thumb Code    20  usbd_conf.o(i.HAL_PCD_DataOutStageCallback)
    HAL_PCD_EP_Close                         0x08001b5d   Thumb Code   348  stm32l1xx_hal_pcd.o(i.HAL_PCD_EP_Close)
    HAL_PCD_EP_ClrStall                      0x08001cb9   Thumb Code   178  stm32l1xx_hal_pcd.o(i.HAL_PCD_EP_ClrStall)
    HAL_PCD_EP_GetRxCount                    0x08001d6b   Thumb Code    20  stm32l1xx_hal_pcd.o(i.HAL_PCD_EP_GetRxCount)
    HAL_PCD_EP_Open                          0x08001d7f   Thumb Code   720  stm32l1xx_hal_pcd.o(i.HAL_PCD_EP_Open)
    HAL_PCD_EP_Receive                       0x08002051   Thumb Code   282  stm32l1xx_hal_pcd.o(i.HAL_PCD_EP_Receive)
    HAL_PCD_EP_SetStall                      0x0800216b   Thumb Code   138  stm32l1xx_hal_pcd.o(i.HAL_PCD_EP_SetStall)
    HAL_PCD_EP_Transmit                      0x080021f5   Thumb Code   246  stm32l1xx_hal_pcd.o(i.HAL_PCD_EP_Transmit)
    HAL_PCD_IRQHandler                       0x080022eb   Thumb Code   252  stm32l1xx_hal_pcd.o(i.HAL_PCD_IRQHandler)
    HAL_PCD_Init                             0x080023e7   Thumb Code   166  stm32l1xx_hal_pcd.o(i.HAL_PCD_Init)
    HAL_PCD_MspInit                          0x0800248d   Thumb Code    50  usbd_conf.o(i.HAL_PCD_MspInit)
    HAL_PCD_ResetCallback                    0x080024c9   Thumb Code    26  usbd_conf.o(i.HAL_PCD_ResetCallback)
    HAL_PCD_ResumeCallback                   0x080024e3   Thumb Code     8  usbd_conf.o(i.HAL_PCD_ResumeCallback)
    HAL_PCD_SOFCallback                      0x080024eb   Thumb Code     8  usbd_conf.o(i.HAL_PCD_SOFCallback)
    HAL_PCD_SetAddress                       0x080024f3   Thumb Code    44  stm32l1xx_hal_pcd.o(i.HAL_PCD_SetAddress)
    HAL_PCD_SetupStageCallback               0x0800251f   Thumb Code    14  usbd_conf.o(i.HAL_PCD_SetupStageCallback)
    HAL_PCD_Start                            0x0800252d   Thumb Code    12  stm32l1xx_hal_pcd.o(i.HAL_PCD_Start)
    HAL_PCD_SuspendCallback                  0x08002539   Thumb Code    30  usbd_conf.o(i.HAL_PCD_SuspendCallback)
    HAL_RCC_ClockConfig                      0x0800255d   Thumb Code   450  stm32l1xx_hal_rcc.o(i.HAL_RCC_ClockConfig)
    HAL_RCC_GetHCLKFreq                      0x08002731   Thumb Code     6  stm32l1xx_hal_rcc.o(i.HAL_RCC_GetHCLKFreq)
    HAL_RCC_GetPCLK1Freq                     0x0800273d   Thumb Code    34  stm32l1xx_hal_rcc.o(i.HAL_RCC_GetPCLK1Freq)
    HAL_RCC_GetPCLK2Freq                     0x0800276d   Thumb Code    34  stm32l1xx_hal_rcc.o(i.HAL_RCC_GetPCLK2Freq)
    HAL_RCC_GetSysClockFreq                  0x0800279d   Thumb Code   122  stm32l1xx_hal_rcc.o(i.HAL_RCC_GetSysClockFreq)
    HAL_RCC_OscConfig                        0x08002829   Thumb Code  1860  stm32l1xx_hal_rcc.o(i.HAL_RCC_OscConfig)
    HAL_SYSTICK_CLKSourceConfig              0x08002f79   Thumb Code    24  stm32l1xx_hal_cortex.o(i.HAL_SYSTICK_CLKSourceConfig)
    HAL_SYSTICK_Callback                     0x08002f91   Thumb Code     2  stm32l1xx_hal_cortex.o(i.HAL_SYSTICK_Callback)
    HAL_SYSTICK_Config                       0x08002f93   Thumb Code    40  stm32l1xx_hal_cortex.o(i.HAL_SYSTICK_Config)
    HAL_SYSTICK_IRQHandler                   0x08002fbb   Thumb Code     8  stm32l1xx_hal_cortex.o(i.HAL_SYSTICK_IRQHandler)
    HAL_TIMEx_MasterConfigSynchronization    0x08002fc3   Thumb Code    80  stm32l1xx_hal_tim_ex.o(i.HAL_TIMEx_MasterConfigSynchronization)
    HAL_TIM_Base_Init                        0x08003013   Thumb Code    54  stm32l1xx_hal_tim.o(i.HAL_TIM_Base_Init)
    HAL_TIM_Base_MspInit                     0x08003049   Thumb Code    86  tim.o(i.HAL_TIM_Base_MspInit)
    HAL_TIM_Base_Start_IT                    0x080030ad   Thumb Code    24  stm32l1xx_hal_tim.o(i.HAL_TIM_Base_Start_IT)
    HAL_TIM_Base_Stop_IT                     0x080030c5   Thumb Code    34  stm32l1xx_hal_tim.o(i.HAL_TIM_Base_Stop_IT)
    HAL_TIM_ConfigClockSource                0x080030e7   Thumb Code   242  stm32l1xx_hal_tim.o(i.HAL_TIM_ConfigClockSource)
    HAL_TIM_MspPostInit                      0x080031d9   Thumb Code    84  tim.o(i.HAL_TIM_MspPostInit)
    HAL_TIM_PWM_ConfigChannel                0x0800323d   Thumb Code   208  stm32l1xx_hal_tim.o(i.HAL_TIM_PWM_ConfigChannel)
    HAL_TIM_PWM_Init                         0x0800330d   Thumb Code    54  stm32l1xx_hal_tim.o(i.HAL_TIM_PWM_Init)
    HAL_TIM_PWM_MspInit                      0x08003345   Thumb Code   100  tim.o(i.HAL_TIM_PWM_MspInit)
    HAL_TIM_PWM_Start                        0x080033b9   Thumb Code    26  stm32l1xx_hal_tim.o(i.HAL_TIM_PWM_Start)
    HAL_TIM_PWM_Stop                         0x080033d3   Thumb Code    42  stm32l1xx_hal_tim.o(i.HAL_TIM_PWM_Stop)
    HAL_UART_ErrorCallback                   0x080033fd   Thumb Code     2  stm32l1xx_hal_uart.o(i.HAL_UART_ErrorCallback)
    HAL_UART_GetError                        0x080033ff   Thumb Code     4  stm32l1xx_hal_uart.o(i.HAL_UART_GetError)
    HAL_UART_IRQHandler                      0x08003405   Thumb Code   218  stm32l1xx_hal_uart.o(i.HAL_UART_IRQHandler)
    HAL_UART_Init                            0x080034df   Thumb Code    94  stm32l1xx_hal_uart.o(i.HAL_UART_Init)
    HAL_UART_MspInit                         0x0800353d   Thumb Code    80  usart.o(i.HAL_UART_MspInit)
    HAL_UART_RxCpltCallback                  0x08003599   Thumb Code    36  main.o(i.HAL_UART_RxCpltCallback)
    HAL_UART_TxCpltCallback                  0x080035c9   Thumb Code    16  main.o(i.HAL_UART_TxCpltCallback)
    HardFault_Handler                        0x080035e1   Thumb Code     2  stm32l1xx_it.o(i.HardFault_Handler)
    I2C_StartTransmission                    0x08003785   Thumb Code   116  i2c.o(i.I2C_StartTransmission)
    MX_ADC_Init                              0x080039f9   Thumb Code   136  adc.o(i.MX_ADC_Init)
    MX_DMA_Init                              0x08003a99   Thumb Code    40  dma.o(i.MX_DMA_Init)
    MX_GPIO_Init                             0x08003ac5   Thumb Code   198  gpio.o(i.MX_GPIO_Init)
    MX_I2C2_Init                             0x08003b9d   Thumb Code    54  i2c.o(i.MX_I2C2_Init)
    MX_TIM10_Init                            0x08003bf1   Thumb Code    78  tim.o(i.MX_TIM10_Init)
    MX_TIM11_Init                            0x08003c59   Thumb Code    78  tim.o(i.MX_TIM11_Init)
    MX_TIM2_Init                             0x08003cc1   Thumb Code   102  tim.o(i.MX_TIM2_Init)
    MX_TIM3_Init                             0x08003d3d   Thumb Code    86  tim.o(i.MX_TIM3_Init)
    MX_TIM4_Init                             0x08003dad   Thumb Code    86  tim.o(i.MX_TIM4_Init)
    MX_TIM9_Init                             0x08003e1d   Thumb Code   120  tim.o(i.MX_TIM9_Init)
    MX_USART1_UART_Init                      0x08003ead   Thumb Code    52  usart.o(i.MX_USART1_UART_Init)
    MX_USB_DEVICE_Init                       0x08003ef9   Thumb Code    38  usb_device.o(i.MX_USB_DEVICE_Init)
    MemManage_Handler                        0x08003f31   Thumb Code     2  stm32l1xx_it.o(i.MemManage_Handler)
    NMI_Handler                              0x08003f33   Thumb Code     2  stm32l1xx_it.o(i.NMI_Handler)
    PendSV_Handler                           0x08004311   Thumb Code     2  stm32l1xx_it.o(i.PendSV_Handler)
    ResetFilter_data                         0x08004395   Thumb Code    10  main.o(i.ResetFilter_data)
    SVC_Handler                              0x080043a5   Thumb Code     2  stm32l1xx_it.o(i.SVC_Handler)
    SetDutyCycle                             0x080043a7   Thumb Code    16  tim.o(i.SetDutyCycle)
    SetPeriod                                0x080043b9   Thumb Code    40  tim.o(i.SetPeriod)
    SysTick_Handler                          0x080043e5   Thumb Code    14  stm32l1xx_it.o(i.SysTick_Handler)
    SystemClock_Config                       0x080043f5   Thumb Code   122  main.o(i.SystemClock_Config)
    SystemInit                               0x08004475   Thumb Code    62  system_stm32l1xx.o(i.SystemInit)
    TIM3_IRQHandler                          0x080044c5   Thumb Code    16  main.o(i.TIM3_IRQHandler)
    TIM4_IRQHandler                          0x080044dd   Thumb Code    36  main.o(i.TIM4_IRQHandler)
    USART1_IRQHandler                        0x08004a65   Thumb Code     6  stm32l1xx_it.o(i.USART1_IRQHandler)
    USBD_CDC_GetDeviceQualifierDescriptor    0x08004b15   Thumb Code     8  usbd_cdc.o(i.USBD_CDC_GetDeviceQualifierDescriptor)
    USBD_CDC_ReceivePacket                   0x08004bcd   Thumb Code    40  usbd_cdc.o(i.USBD_CDC_ReceivePacket)
    USBD_CDC_RegisterInterface               0x08004bf5   Thumb Code    16  usbd_cdc.o(i.USBD_CDC_RegisterInterface)
    USBD_CDC_SetRxBuffer                     0x08004c05   Thumb Code    12  usbd_cdc.o(i.USBD_CDC_SetRxBuffer)
    USBD_CDC_SetTxBuffer                     0x08004c11   Thumb Code    16  usbd_cdc.o(i.USBD_CDC_SetTxBuffer)
    USBD_CDC_TransmitPacket                  0x08004c91   Thumb Code    48  usbd_cdc.o(i.USBD_CDC_TransmitPacket)
    USBD_ClrClassConfig                      0x08004cc1   Thumb Code    14  usbd_core.o(i.USBD_ClrClassConfig)
    USBD_CtlContinueRx                       0x08004ccf   Thumb Code    16  usbd_ioreq.o(i.USBD_CtlContinueRx)
    USBD_CtlContinueSendData                 0x08004cdf   Thumb Code    16  usbd_ioreq.o(i.USBD_CtlContinueSendData)
    USBD_CtlError                            0x08004cef   Thumb Code    22  usbd_ctlreq.o(i.USBD_CtlError)
    USBD_CtlPrepareRx                        0x08004d05   Thumb Code    30  usbd_ioreq.o(i.USBD_CtlPrepareRx)
    USBD_CtlReceiveStatus                    0x08004d23   Thumb Code    22  usbd_ioreq.o(i.USBD_CtlReceiveStatus)
    USBD_CtlSendData                         0x08004d39   Thumb Code    26  usbd_ioreq.o(i.USBD_CtlSendData)
    USBD_CtlSendStatus                       0x08004d53   Thumb Code    22  usbd_ioreq.o(i.USBD_CtlSendStatus)
    USBD_FS_ConfigStrDescriptor              0x08004d69   Thumb Code    16  usbd_desc.o(i.USBD_FS_ConfigStrDescriptor)
    USBD_FS_DeviceDescriptor                 0x08004d89   Thumb Code     8  usbd_desc.o(i.USBD_FS_DeviceDescriptor)
    USBD_FS_InterfaceStrDescriptor           0x08004d95   Thumb Code    16  usbd_desc.o(i.USBD_FS_InterfaceStrDescriptor)
    USBD_FS_LangIDStrDescriptor              0x08004db9   Thumb Code     8  usbd_desc.o(i.USBD_FS_LangIDStrDescriptor)
    USBD_FS_ManufacturerStrDescriptor        0x08004dc5   Thumb Code    16  usbd_desc.o(i.USBD_FS_ManufacturerStrDescriptor)
    USBD_FS_ProductStrDescriptor             0x08004ded   Thumb Code    16  usbd_desc.o(i.USBD_FS_ProductStrDescriptor)
    USBD_FS_SerialStrDescriptor              0x08004e19   Thumb Code    16  usbd_desc.o(i.USBD_FS_SerialStrDescriptor)
    USBD_GetString                           0x08004f1d   Thumb Code    70  usbd_ctlreq.o(i.USBD_GetString)
    USBD_Init                                0x08004f63   Thumb Code    42  usbd_core.o(i.USBD_Init)
    USBD_LL_ClearStallEP                     0x08004f8d   Thumb Code    32  usbd_conf.o(i.USBD_LL_ClearStallEP)
    USBD_LL_CloseEP                          0x08004fad   Thumb Code    32  usbd_conf.o(i.USBD_LL_CloseEP)
    USBD_LL_DataInStage                      0x08004fcd   Thumb Code   170  usbd_core.o(i.USBD_LL_DataInStage)
    USBD_LL_DataOutStage                     0x08005077   Thumb Code   106  usbd_core.o(i.USBD_LL_DataOutStage)
    USBD_LL_GetRxDataSize                    0x080050e1   Thumb Code     8  usbd_conf.o(i.USBD_LL_GetRxDataSize)
    USBD_LL_Init                             0x080050e9   Thumb Code   130  usbd_conf.o(i.USBD_LL_Init)
    USBD_LL_IsStallEP                        0x08005189   Thumb Code    32  usbd_conf.o(i.USBD_LL_IsStallEP)
    USBD_LL_OpenEP                           0x080051a9   Thumb Code    38  usbd_conf.o(i.USBD_LL_OpenEP)
    USBD_LL_PrepareReceive                   0x080051cf   Thumb Code    32  usbd_conf.o(i.USBD_LL_PrepareReceive)
    USBD_LL_Reset                            0x080051ef   Thumb Code    62  usbd_core.o(i.USBD_LL_Reset)
    USBD_LL_Resume                           0x0800522d   Thumb Code    12  usbd_core.o(i.USBD_LL_Resume)
    USBD_LL_SOF                              0x08005239   Thumb Code    24  usbd_core.o(i.USBD_LL_SOF)
    USBD_LL_SetSpeed                         0x08005251   Thumb Code     6  usbd_core.o(i.USBD_LL_SetSpeed)
    USBD_LL_SetUSBAddress                    0x08005257   Thumb Code    32  usbd_conf.o(i.USBD_LL_SetUSBAddress)
    USBD_LL_SetupStage                       0x08005277   Thumb Code    90  usbd_core.o(i.USBD_LL_SetupStage)
    USBD_LL_StallEP                          0x080052d1   Thumb Code    32  usbd_conf.o(i.USBD_LL_StallEP)
    USBD_LL_Start                            0x080052f1   Thumb Code    32  usbd_conf.o(i.USBD_LL_Start)
    USBD_LL_Suspend                          0x08005311   Thumb Code    18  usbd_core.o(i.USBD_LL_Suspend)
    USBD_LL_Transmit                         0x08005323   Thumb Code    32  usbd_conf.o(i.USBD_LL_Transmit)
    USBD_ParseSetupRequest                   0x08005343   Thumb Code    40  usbd_ctlreq.o(i.USBD_ParseSetupRequest)
    USBD_RegisterClass                       0x0800536b   Thumb Code    16  usbd_core.o(i.USBD_RegisterClass)
    USBD_SetClassConfig                      0x0800537b   Thumb Code    22  usbd_core.o(i.USBD_SetClassConfig)
    USBD_Start                               0x08005405   Thumb Code    10  usbd_core.o(i.USBD_Start)
    USBD_StdDevReq                           0x0800540f   Thumb Code   242  usbd_ctlreq.o(i.USBD_StdDevReq)
    USBD_StdEPReq                            0x08005501   Thumb Code   220  usbd_ctlreq.o(i.USBD_StdEPReq)
    USBD_StdItfReq                           0x080055dd   Thumb Code    52  usbd_ctlreq.o(i.USBD_StdItfReq)
    USBD_static_free                         0x08005611   Thumb Code     2  usbd_conf.o(i.USBD_static_free)
    USBD_static_malloc                       0x08005615   Thumb Code     4  usbd_conf.o(i.USBD_static_malloc)
    USB_LP_IRQHandler                        0x0800561d   Thumb Code     6  stm32l1xx_it.o(i.USB_LP_IRQHandler)
    UsageFault_Handler                       0x08005629   Thumb Code     2  stm32l1xx_it.o(i.UsageFault_Handler)
    WriteCrc16                               0x0800562b   Thumb Code    22  crc16.o(i.WriteCrc16)
    _Error_Handler                           0x08005641   Thumb Code     2  main.o(i._Error_Handler)
    __scatterload_copy                       0x08005643   Thumb Code    14  handlers.o(i.__scatterload_copy)
    __scatterload_null                       0x08005651   Thumb Code     2  handlers.o(i.__scatterload_null)
    __scatterload_zeroinit                   0x08005653   Thumb Code    14  handlers.o(i.__scatterload_zeroinit)
    get_sens_data                            0x08005661   Thumb Code   434  main.o(i.get_sens_data)
    main                                     0x08005859   Thumb Code   308  main.o(i.main)
    mb_event                                 0x080059bd   Thumb Code    46  modbus_config.o(i.mb_event)
    mb_read_registers                        0x080059f5   Thumb Code   124  main.o(i.mb_read_registers)
    mb_slave_init                            0x08005a89   Thumb Code   140  mb_slave.o(i.mb_slave_init)
    mb_slave_parse_packet                    0x08005b19   Thumb Code   304  mb_slave.o(i.mb_slave_parse_packet)
    mb_slave_recive                          0x08005c49   Thumb Code    96  mb_slave.o(i.mb_slave_recive)
    mb_slave_send_error                      0x08005ca9   Thumb Code    48  mb_slave.o(i.mb_slave_send_error)
    mb_slave_start_packet                    0x08005cd9   Thumb Code    54  mb_slave.o(i.mb_slave_start_packet)
    mb_slave_start_tx                        0x08005d0f   Thumb Code    68  mb_slave.o(i.mb_slave_start_tx)
    mb_slave_timer_expired                   0x08005d53   Thumb Code    64  mb_slave.o(i.mb_slave_timer_expired)
    mb_timer_disable                         0x08005d95   Thumb Code    12  modbus_config.o(i.mb_timer_disable)
    mb_timer_enable                          0x08005da5   Thumb Code    12  modbus_config.o(i.mb_timer_enable)
    mb_timer_init                            0x08005db5   Thumb Code    24  modbus_config.o(i.mb_timer_init)
    mb_timer_reset                           0x08005dd5   Thumb Code    18  modbus_config.o(i.mb_timer_reset)
    mb_tx                                    0x08005df1   Thumb Code    48  modbus_config.o(i.mb_tx)
    mb_write_registers                       0x08005e29   Thumb Code    56  main.o(i.mb_write_registers)
    usart_enable                             0x08005e69   Thumb Code     4  modbus_config.o(i.usart_enable)
    usart_init                               0x08005e6d   Thumb Code     4  modbus_config.o(i.usart_init)
    PLLMulTable                              0x08005e70   Data           9  system_stm32l1xx.o(.constdata)
    AHBPrescTable                            0x08005e79   Data          16  system_stm32l1xx.o(.constdata)
    APBPrescTable                            0x08005e89   Data           8  system_stm32l1xx.o(.constdata)
    srCRCHi                                  0x08005e92   Data         256  crc16.o(.constdata)
    srCRCLo                                  0x08005f92   Data         256  crc16.o(.constdata)
    Region$$Table$$Base                      0x08006294   Number         0  anon$$obj.o(Region$$Table)
    Region$$Table$$Limit                     0x080062b4   Number         0  anon$$obj.o(Region$$Table)
    USBD_CDC_CfgHSDesc                       0x20000014   Data          67  usbd_cdc.o(.data)
    USBD_CDC_CfgFSDesc                       0x20000058   Data          67  usbd_cdc.o(.data)
    USBD_CDC_OtherSpeedCfgDesc               0x2000009c   Data          67  usbd_cdc.o(.data)
    USBD_CDC                                 0x200000e0   Data          56  usbd_cdc.o(.data)
    SystemCoreClock                          0x20000118   Data           4  system_stm32l1xx.o(.data)
    uwTick                                   0x2000011c   Data           4  stm32l1xx_hal.o(.data)
    isPassword                               0x20000120   Data           1  main.o(.data)
    adc_new                                  0x20000121   Data           1  main.o(.data)
    i2c_new                                  0x20000122   Data           1  main.o(.data)
    adc_flag                                 0x20000123   Data           1  main.o(.data)
    i2c_msg_flag                             0x20000124   Data           1  main.o(.data)
    flag_T                                   0x20000125   Data           1  main.o(.data)
    i2c_is_busy                              0x20000126   Data           1  main.o(.data)
    duty1                                    0x20000127   Data           1  main.o(.data)
    alarm                                    0x20000128   Data           1  main.o(.data)
    tick                                     0x20000129   Data           1  main.o(.data)
    init                                     0x2000012a   Data           1  main.o(.data)
    m_isPasswordValid                        0x2000012b   Data           1  main.o(.data)
    usart_init_msg                           0x2000012c   Data           1  main.o(.data)
    status                                   0x2000012d   Data           1  main.o(.data)
    flash_status                             0x2000012e   Data           1  main.o(.data)
    f_size1                                  0x20000130   Data           2  main.o(.data)
    sdf                                      0x20000132   Data           2  main.o(.data)
    i2c_data                                 0x20000134   Data           4  main.o(.data)
    greenlight                               0x20000138   Data           4  main.o(.data)
    BUF1                                     0x2000013c   Data           4  main.o(.data)
    BUF2                                     0x20000140   Data           4  main.o(.data)
    Flash_Params                             0x20000144   Data           4  main.o(.data)
    PARAMS_BUF                               0x20000148   Data           4  main.o(.data)
    NbrOfPage                                0x2000014c   Data           4  main.o(.data)
    EraseCounter                             0x20000150   Data           4  main.o(.data)
    Address                                  0x20000154   Data           4  main.o(.data)
    m_hostTimeout                            0x20000158   Data           4  main.o(.data)
    lpBuf                                    0x2000015c   Data           4  main.o(.data)
    sdfgdf                                   0x20000160   Data           4  main.o(.data)
    USBD_Interface_fops_FS                   0x20000164   Data          16  usbd_cdc_if.o(.data)
    UserRxBufferFS                           0x20000174   Data           4  usbd_cdc_if.o(.data)
    UserTxBufferFS                           0x20000178   Data           4  usbd_cdc_if.o(.data)
    FS_Desc                                  0x2000017c   Data          28  usbd_desc.o(.data)
    USBD_LangIDDesc                          0x20000198   Data           4  usbd_desc.o(.data)
    USBD_FS_DeviceDesc                       0x2000019c   Data          18  usbd_desc.o(.data)
    i2c_flag                                 0x200001ae   Data           1  i2c.o(.data)
    tmp_bufiic                               0x200001af   Data           3  i2c.o(.data)
    IrqCounter                               0x200001b4   Data           4  mb_slave.o(.data)
    m_mbParam                                0x200001b8   Data         112  modbus_config.o(.data)
    pFlash                                   0x20000228   Data          24  stm32l1xx_hal_flash.o(.bss)
    Params                                   0x20000240   Data         288  main.o(.bss)
    hpcd_USB_FS                              0x20000580   Data         544  usbd_conf.o(.bss)
    hUsbDeviceFS                             0x200007a0   Data         548  usb_device.o(.bss)
    USBD_StrDesc                             0x200009c4   Data         512  usbd_desc.o(.bss)
    hadc                                     0x20000bc4   Data          84  adc.o(.bss)
    hdma_adc                                 0x20000c18   Data          68  adc.o(.bss)
    huart1                                   0x20000c5c   Data          64  usart.o(.bss)
    htim2                                    0x20000c9c   Data          56  tim.o(.bss)
    htim3                                    0x20000cd4   Data          56  tim.o(.bss)
    htim4                                    0x20000d0c   Data          56  tim.o(.bss)
    htim9                                    0x20000d44   Data          56  tim.o(.bss)
    htim10                                   0x20000d7c   Data          56  tim.o(.bss)
    htim11                                   0x20000db4   Data          56  tim.o(.bss)
    hi2c2                                    0x20000dec   Data          84  i2c.o(.bss)
    m_mbRxBuf                                0x20000e40   Data         100  modbus_config.o(.bss)
    m_mbTxBuf                                0x20000ea4   Data         100  modbus_config.o(.bss)
    __initial_sp                             0x20001308   Data           0  startup_stm32l152xb.o(STACK)



==============================================================================

Memory Map of the image

  Image Entry point : 0x080000f5

  Load Region LR_IROM1 (Base: 0x08000000, Size: 0x000064dc, Max: 0x00008000, ABSOLUTE, COMPRESSED[0x000063b8])

    Execution Region ER_IROM1 (Base: 0x08000000, Size: 0x000062b4, Max: 0x00008000, ABSOLUTE)

    Base Addr    Size         Type   Attr      Idx    E Section Name        Object

    0x08000000   0x000000f4   Data   RO         3350    RESET               startup_stm32l152xb.o
    0x080000f4   0x00000000   Code   RO         4485  * .ARM.Collect$$$$00000000  mc_w.l(entry.o)
    0x080000f4   0x00000004   Code   RO         4512    .ARM.Collect$$$$00000001  mc_w.l(entry2.o)
    0x080000f8   0x00000004   Code   RO         4515    .ARM.Collect$$$$00000004  mc_w.l(entry5.o)
    0x080000fc   0x00000000   Code   RO         4517    .ARM.Collect$$$$00000008  mc_w.l(entry7b.o)
    0x080000fc   0x00000000   Code   RO         4519    .ARM.Collect$$$$0000000A  mc_w.l(entry8b.o)
    0x080000fc   0x00000008   Code   RO         4520    .ARM.Collect$$$$0000000B  mc_w.l(entry9a.o)
    0x08000104   0x00000000   Code   RO         4522    .ARM.Collect$$$$0000000D  mc_w.l(entry10a.o)
    0x08000104   0x00000000   Code   RO         4524    .ARM.Collect$$$$0000000F  mc_w.l(entry11a.o)
    0x08000104   0x00000004   Code   RO         4513    .ARM.Collect$$$$00002712  mc_w.l(entry2.o)
    0x08000108   0x00000024   Code   RO         3351    .text               startup_stm32l152xb.o
    0x0800012c   0x000000b0   Code   RO         4488    .text               mf_w.l(fadd.o)
    0x080001dc   0x00000064   Code   RO         4490    .text               mf_w.l(fmul.o)
    0x08000240   0x0000007c   Code   RO         4492    .text               mf_w.l(fdiv.o)
    0x080002bc   0x00000018   Code   RO         4494    .text               mf_w.l(fscalb.o)
    0x080002d4   0x000000e4   Code   RO         4496    .text               mf_w.l(dmul.o)
    0x080003b8   0x0000002e   Code   RO         4498    .text               mf_w.l(dscalb.o)
    0x080003e6   0x0000000a   Code   RO         4500    .text               mf_w.l(ffltui.o)
    0x080003f0   0x0000001a   Code   RO         4502    .text               mf_w.l(dfltui.o)
    0x0800040a   0x00000032   Code   RO         4504    .text               mf_w.l(ffixi.o)
    0x0800043c   0x00000028   Code   RO         4506    .text               mf_w.l(ffixui.o)
    0x08000464   0x00000032   Code   RO         4508    .text               mf_w.l(dfixui.o)
    0x08000496   0x00000038   Code   RO         4510    .text               mf_w.l(d2f.o)
    0x080004ce   0x00000020   Code   RO         4526    .text               mc_w.l(llushr.o)
    0x080004ee   0x00000000   Code   RO         4528    .text               mc_w.l(iusefp.o)
    0x080004ee   0x0000006e   Code   RO         4529    .text               mf_w.l(fepilogue.o)
    0x0800055c   0x000000ba   Code   RO         4531    .text               mf_w.l(depilogue.o)
    0x08000616   0x00000002   PAD
    0x08000618   0x00000024   Code   RO         4533    .text               mc_w.l(init.o)
    0x0800063c   0x0000001e   Code   RO         4535    .text               mc_w.l(llshl.o)
    0x0800065a   0x00000056   Code   RO         4545    .text               mc_w.l(__dczerorl2.o)
    0x080006b0   0x00000062   Code   RO          905    i.ADC_DMAConvCplt   stm32l1xx_hal_adc.o
    0x08000712   0x0000001a   Code   RO          906    i.ADC_DMAError      stm32l1xx_hal_adc.o
    0x0800072c   0x0000000a   Code   RO          907    i.ADC_DMAHalfConvCplt  stm32l1xx_hal_adc.o
    0x08000736   0x00000002   PAD
    0x08000738   0x00000074   Code   RO          908    i.ADC_Enable        stm32l1xx_hal_adc.o
    0x080007ac   0x00000002   Code   RO         3721    i.BusFault_Handler  stm32l1xx_it.o
    0x080007ae   0x00000004   Code   RO         3881    i.CDC_Control_FS    usbd_cdc_if.o
    0x080007b2   0x00000004   Code   RO         3882    i.CDC_DeInit_FS     usbd_cdc_if.o
    0x080007b6   0x00000002   PAD
    0x080007b8   0x00000024   Code   RO         3883    i.CDC_Init_FS       usbd_cdc_if.o
    0x080007dc   0x0000003c   Code   RO         3884    i.CDC_Receive_FS    usbd_cdc_if.o
    0x08000818   0x0000002c   Code   RO         3885    i.CDC_Transmit_FS   usbd_cdc_if.o
    0x08000844   0x00000028   Code   RO         4293    i.CalcCrc16         crc16.o
    0x0800086c   0x000000b0   Code   RO         3358    i.Check_alarm       main.o
    0x0800091c   0x00000070   Code   RO         4235    i.ConvertTemp       i2c.o
    0x0800098c   0x0000002e   Code   RO         4236    i.Crc8              i2c.o
    0x080009ba   0x00000002   PAD
    0x080009bc   0x0000000c   Code   RO         3722    i.DMA1_Channel1_IRQHandler  stm32l1xx_it.o
    0x080009c8   0x0000002a   Code   RO         2231    i.DMA_SetConfig     stm32l1xx_hal_dma.o
    0x080009f2   0x00000002   Code   RO         3723    i.DebugMon_Handler  stm32l1xx_it.o
    0x080009f4   0x00000014   Code   RO         4332    i.EnterCritSection  mb_slave.o
    0x08000a08   0x00000018   Code   RO         4333    i.ExitCritSection   mb_slave.o
    0x08000a20   0x00000028   Code   RO         3247    i.FLASH_PageErase   stm32l1xx_hal_flash_ex.o
    0x08000a48   0x00000048   Code   RO         3144    i.FLASH_SetErrorCode  stm32l1xx_hal_flash.o
    0x08000a90   0x00000054   Code   RO         3145    i.FLASH_WaitForLastOperation  stm32l1xx_hal_flash.o
    0x08000ae4   0x00000054   Code   RO         3359    i.Flash_Restore     main.o
    0x08000b38   0x00000100   Code   RO         3360    i.Flash_Store       main.o
    0x08000c38   0x00000148   Code   RO          910    i.HAL_ADC_ConfigChannel  stm32l1xx_hal_adc.o
    0x08000d80   0x00000002   Code   RO          911    i.HAL_ADC_ConvCpltCallback  stm32l1xx_hal_adc.o
    0x08000d82   0x00000002   Code   RO          912    i.HAL_ADC_ConvHalfCpltCallback  stm32l1xx_hal_adc.o
    0x08000d84   0x00000002   Code   RO          914    i.HAL_ADC_ErrorCallback  stm32l1xx_hal_adc.o
    0x08000d86   0x00000006   Code   RO          917    i.HAL_ADC_GetValue  stm32l1xx_hal_adc.o
    0x08000d8c   0x0000019c   Code   RO          919    i.HAL_ADC_Init      stm32l1xx_hal_adc.o
    0x08000f28   0x0000008c   Code   RO         4002    i.HAL_ADC_MspInit   adc.o
    0x08000fb4   0x00000076   Code   RO          925    i.HAL_ADC_Start     stm32l1xx_hal_adc.o
    0x0800102a   0x00000002   PAD
    0x0800102c   0x000000c4   Code   RO          926    i.HAL_ADC_Start_DMA  stm32l1xx_hal_adc.o
    0x080010f0   0x000000a8   Code   RO         2237    i.HAL_DMA_IRQHandler  stm32l1xx_hal_dma.o
    0x08001198   0x00000064   Code   RO         2238    i.HAL_DMA_Init      stm32l1xx_hal_dma.o
    0x080011fc   0x00000070   Code   RO         2242    i.HAL_DMA_Start_IT  stm32l1xx_hal_dma.o
    0x0800126c   0x00000016   Code   RO         2399    i.HAL_Delay         stm32l1xx_hal.o
    0x08001282   0x00000002   PAD
    0x08001284   0x00000014   Code   RO         3149    i.HAL_FLASH_Lock    stm32l1xx_hal_flash.o
    0x08001298   0x0000003c   Code   RO         3154    i.HAL_FLASH_Program  stm32l1xx_hal_flash.o
    0x080012d4   0x00000044   Code   RO         3156    i.HAL_FLASH_Unlock  stm32l1xx_hal_flash.o
    0x08001318   0x0000018c   Code   RO          604    i.HAL_GPIO_Init     stm32l1xx_hal_gpio.o
    0x080014a4   0x00000008   Code   RO          607    i.HAL_GPIO_TogglePin  stm32l1xx_hal_gpio.o
    0x080014ac   0x0000000a   Code   RO          608    i.HAL_GPIO_WritePin  stm32l1xx_hal_gpio.o
    0x080014b6   0x00000002   PAD
    0x080014b8   0x0000000c   Code   RO         2403    i.HAL_GetTick       stm32l1xx_hal.o
    0x080014c4   0x00000144   Code   RO         2622    i.HAL_I2C_Init      stm32l1xx_hal_i2c.o
    0x08001608   0x000001e4   Code   RO         2628    i.HAL_I2C_Master_Receive  stm32l1xx_hal_i2c.o
    0x080017ec   0x00000134   Code   RO         2633    i.HAL_I2C_Master_Transmit  stm32l1xx_hal_i2c.o
    0x08001920   0x0000004c   Code   RO         4238    i.HAL_I2C_MspInit   i2c.o
    0x0800196c   0x00000010   Code   RO         2404    i.HAL_IncTick       stm32l1xx_hal.o
    0x0800197c   0x0000002c   Code   RO         2405    i.HAL_Init          stm32l1xx_hal.o
    0x080019a8   0x00000028   Code   RO         2406    i.HAL_InitTick      stm32l1xx_hal.o
    0x080019d0   0x00000090   Code   RO         4211    i.HAL_MspInit       stm32l1xx_hal_msp.o
    0x08001a60   0x00000016   Code   RO         3014    i.HAL_NVIC_EnableIRQ  stm32l1xx_hal_cortex.o
    0x08001a76   0x00000002   PAD
    0x08001a78   0x00000040   Code   RO         3020    i.HAL_NVIC_SetPriority  stm32l1xx_hal_cortex.o
    0x08001ab8   0x00000024   Code   RO         3021    i.HAL_NVIC_SetPriorityGrouping  stm32l1xx_hal_cortex.o
    0x08001adc   0x0000003c   Code   RO         2587    i.HAL_PCDEx_PMAConfig  stm32l1xx_hal_pcd_ex.o
    0x08001b18   0x0000001c   Code   RO         3514    i.HAL_PCDEx_SetConnectionState  usbd_conf.o
    0x08001b34   0x00000012   Code   RO         3516    i.HAL_PCD_DataInStageCallback  usbd_conf.o
    0x08001b46   0x00000014   Code   RO         3517    i.HAL_PCD_DataOutStageCallback  usbd_conf.o
    0x08001b5a   0x00000002   PAD
    0x08001b5c   0x0000015c   Code   RO         1121    i.HAL_PCD_EP_Close  stm32l1xx_hal_pcd.o
    0x08001cb8   0x000000b2   Code   RO         1122    i.HAL_PCD_EP_ClrStall  stm32l1xx_hal_pcd.o
    0x08001d6a   0x00000014   Code   RO         1124    i.HAL_PCD_EP_GetRxCount  stm32l1xx_hal_pcd.o
    0x08001d7e   0x000002d0   Code   RO         1125    i.HAL_PCD_EP_Open   stm32l1xx_hal_pcd.o
    0x0800204e   0x00000002   PAD
    0x08002050   0x0000011a   Code   RO         1126    i.HAL_PCD_EP_Receive  stm32l1xx_hal_pcd.o
    0x0800216a   0x0000008a   Code   RO         1127    i.HAL_PCD_EP_SetStall  stm32l1xx_hal_pcd.o
    0x080021f4   0x000000f6   Code   RO         1128    i.HAL_PCD_EP_Transmit  stm32l1xx_hal_pcd.o
    0x080022ea   0x000000fc   Code   RO         1130    i.HAL_PCD_IRQHandler  stm32l1xx_hal_pcd.o
    0x080023e6   0x000000a6   Code   RO         1133    i.HAL_PCD_Init      stm32l1xx_hal_pcd.o
    0x0800248c   0x0000003c   Code   RO         3522    i.HAL_PCD_MspInit   usbd_conf.o
    0x080024c8   0x0000001a   Code   RO         3523    i.HAL_PCD_ResetCallback  usbd_conf.o
    0x080024e2   0x00000008   Code   RO         3524    i.HAL_PCD_ResumeCallback  usbd_conf.o
    0x080024ea   0x00000008   Code   RO         3525    i.HAL_PCD_SOFCallback  usbd_conf.o
    0x080024f2   0x0000002c   Code   RO         1139    i.HAL_PCD_SetAddress  stm32l1xx_hal_pcd.o
    0x0800251e   0x0000000e   Code   RO         3526    i.HAL_PCD_SetupStageCallback  usbd_conf.o
    0x0800252c   0x0000000c   Code   RO         1141    i.HAL_PCD_Start     stm32l1xx_hal_pcd.o
    0x08002538   0x00000024   Code   RO         3527    i.HAL_PCD_SuspendCallback  usbd_conf.o
    0x0800255c   0x000001d4   Code   RO         2089    i.HAL_RCC_ClockConfig  stm32l1xx_hal_rcc.o
    0x08002730   0x0000000c   Code   RO         2094    i.HAL_RCC_GetHCLKFreq  stm32l1xx_hal_rcc.o
    0x0800273c   0x00000030   Code   RO         2096    i.HAL_RCC_GetPCLK1Freq  stm32l1xx_hal_rcc.o
    0x0800276c   0x00000030   Code   RO         2097    i.HAL_RCC_GetPCLK2Freq  stm32l1xx_hal_rcc.o
    0x0800279c   0x0000008c   Code   RO         2098    i.HAL_RCC_GetSysClockFreq  stm32l1xx_hal_rcc.o
    0x08002828   0x00000750   Code   RO         2101    i.HAL_RCC_OscConfig  stm32l1xx_hal_rcc.o
    0x08002f78   0x00000018   Code   RO         3023    i.HAL_SYSTICK_CLKSourceConfig  stm32l1xx_hal_cortex.o
    0x08002f90   0x00000002   Code   RO         3024    i.HAL_SYSTICK_Callback  stm32l1xx_hal_cortex.o
    0x08002f92   0x00000028   Code   RO         3025    i.HAL_SYSTICK_Config  stm32l1xx_hal_cortex.o
    0x08002fba   0x00000008   Code   RO         3026    i.HAL_SYSTICK_IRQHandler  stm32l1xx_hal_cortex.o
    0x08002fc2   0x00000050   Code   RO         1081    i.HAL_TIMEx_MasterConfigSynchronization  stm32l1xx_hal_tim_ex.o
    0x08003012   0x00000036   Code   RO         1343    i.HAL_TIM_Base_Init  stm32l1xx_hal_tim.o
    0x08003048   0x00000064   Code   RO         4110    i.HAL_TIM_Base_MspInit  tim.o
    0x080030ac   0x00000018   Code   RO         1348    i.HAL_TIM_Base_Start_IT  stm32l1xx_hal_tim.o
    0x080030c4   0x00000022   Code   RO         1351    i.HAL_TIM_Base_Stop_IT  stm32l1xx_hal_tim.o
    0x080030e6   0x000000f2   Code   RO         1352    i.HAL_TIM_ConfigClockSource  stm32l1xx_hal_tim.o
    0x080031d8   0x00000064   Code   RO         4111    i.HAL_TIM_MspPostInit  tim.o
    0x0800323c   0x000000d0   Code   RO         1409    i.HAL_TIM_PWM_ConfigChannel  stm32l1xx_hal_tim.o
    0x0800330c   0x00000036   Code   RO         1412    i.HAL_TIM_PWM_Init  stm32l1xx_hal_tim.o
    0x08003342   0x00000002   PAD
    0x08003344   0x00000074   Code   RO         4113    i.HAL_TIM_PWM_MspInit  tim.o
    0x080033b8   0x0000001a   Code   RO         1416    i.HAL_TIM_PWM_Start  stm32l1xx_hal_tim.o
    0x080033d2   0x0000002a   Code   RO         1419    i.HAL_TIM_PWM_Stop  stm32l1xx_hal_tim.o
    0x080033fc   0x00000002   Code   RO          679    i.HAL_UART_ErrorCallback  stm32l1xx_hal_uart.o
    0x080033fe   0x00000004   Code   RO          680    i.HAL_UART_GetError  stm32l1xx_hal_uart.o
    0x08003402   0x00000002   PAD
    0x08003404   0x000000da   Code   RO          682    i.HAL_UART_IRQHandler  stm32l1xx_hal_uart.o
    0x080034de   0x0000005e   Code   RO          683    i.HAL_UART_Init     stm32l1xx_hal_uart.o
    0x0800353c   0x0000005c   Code   RO         4068    i.HAL_UART_MspInit  usart.o
    0x08003598   0x00000030   Code   RO         3361    i.HAL_UART_RxCpltCallback  main.o
    0x080035c8   0x00000018   Code   RO         3362    i.HAL_UART_TxCpltCallback  main.o
    0x080035e0   0x00000002   Code   RO         3724    i.HardFault_Handler  stm32l1xx_it.o
    0x080035e2   0x00000028   Code   RO         2660    i.I2C_IsAcknowledgeFailed  stm32l1xx_hal_i2c.o
    0x0800360a   0x000000e2   Code   RO         2663    i.I2C_MasterRequestRead  stm32l1xx_hal_i2c.o
    0x080036ec   0x00000098   Code   RO         2664    i.I2C_MasterRequestWrite  stm32l1xx_hal_i2c.o
    0x08003784   0x0000008c   Code   RO         4239    i.I2C_StartTransmission  i2c.o
    0x08003810   0x0000004e   Code   RO         2673    i.I2C_WaitOnBTFFlagUntilTimeout  stm32l1xx_hal_i2c.o
    0x0800385e   0x00000060   Code   RO         2674    i.I2C_WaitOnFlagUntilTimeout  stm32l1xx_hal_i2c.o
    0x080038be   0x00000002   PAD
    0x080038c0   0x00000088   Code   RO         2675    i.I2C_WaitOnMasterAddressFlagUntilTimeout  stm32l1xx_hal_i2c.o
    0x08003948   0x00000062   Code   RO         2676    i.I2C_WaitOnRXNEFlagUntilTimeout  stm32l1xx_hal_i2c.o
    0x080039aa   0x0000004e   Code   RO         2677    i.I2C_WaitOnTXEFlagUntilTimeout  stm32l1xx_hal_i2c.o
    0x080039f8   0x000000a0   Code   RO         4003    i.MX_ADC_Init       adc.o
    0x08003a98   0x0000002c   Code   RO         4043    i.MX_DMA_Init       dma.o
    0x08003ac4   0x000000d8   Code   RO         3857    i.MX_GPIO_Init      gpio.o
    0x08003b9c   0x00000054   Code   RO         4240    i.MX_I2C2_Init      i2c.o
    0x08003bf0   0x00000068   Code   RO         4114    i.MX_TIM10_Init     tim.o
    0x08003c58   0x00000068   Code   RO         4115    i.MX_TIM11_Init     tim.o
    0x08003cc0   0x0000007c   Code   RO         4116    i.MX_TIM2_Init      tim.o
    0x08003d3c   0x00000070   Code   RO         4117    i.MX_TIM3_Init      tim.o
    0x08003dac   0x00000070   Code   RO         4118    i.MX_TIM4_Init      tim.o
    0x08003e1c   0x00000090   Code   RO         4119    i.MX_TIM9_Init      tim.o
    0x08003eac   0x0000004c   Code   RO         4069    i.MX_USART1_UART_Init  usart.o
    0x08003ef8   0x00000038   Code   RO         3827    i.MX_USB_DEVICE_Init  usb_device.o
    0x08003f30   0x00000002   Code   RO         3725    i.MemManage_Handler  stm32l1xx_it.o
    0x08003f32   0x00000002   Code   RO         3726    i.NMI_Handler       stm32l1xx_it.o
    0x08003f34   0x00000020   Code   RO         3027    i.NVIC_SetPriority  stm32l1xx_hal_cortex.o
    0x08003f54   0x00000366   Code   RO         1144    i.PCD_EP_ISR_Handler  stm32l1xx_hal_pcd.o
    0x080042ba   0x00000002   PAD
    0x080042bc   0x0000002e   Code   RO         1145    i.PCD_ReadPMA       stm32l1xx_hal_pcd.o
    0x080042ea   0x00000026   Code   RO         1146    i.PCD_WritePMA      stm32l1xx_hal_pcd.o
    0x08004310   0x00000002   Code   RO         3727    i.PendSV_Handler    stm32l1xx_it.o
    0x08004312   0x00000002   PAD
    0x08004314   0x00000080   Code   RO         2102    i.RCC_SetFlashLatencyFromMSIRange  stm32l1xx_hal_rcc.o
    0x08004394   0x00000010   Code   RO         3363    i.ResetFilter_data  main.o
    0x080043a4   0x00000002   Code   RO         3728    i.SVC_Handler       stm32l1xx_it.o
    0x080043a6   0x00000010   Code   RO         4120    i.SetDutyCycle      tim.o
    0x080043b6   0x00000002   PAD
    0x080043b8   0x0000002c   Code   RO         4121    i.SetPeriod         tim.o
    0x080043e4   0x0000000e   Code   RO         3729    i.SysTick_Handler   stm32l1xx_it.o
    0x080043f2   0x00000002   PAD
    0x080043f4   0x00000080   Code   RO         3364    i.SystemClock_Config  main.o
    0x08004474   0x00000050   Code   RO          504    i.SystemInit        system_stm32l1xx.o
    0x080044c4   0x00000018   Code   RO         3365    i.TIM3_IRQHandler   main.o
    0x080044dc   0x00000030   Code   RO         3366    i.TIM4_IRQHandler   main.o
    0x0800450c   0x0000006c   Code   RO         1427    i.TIM_Base_SetConfig  stm32l1xx_hal_tim.o
    0x08004578   0x00000016   Code   RO         1428    i.TIM_CCxChannelCmd  stm32l1xx_hal_tim.o
    0x0800458e   0x00000014   Code   RO         1434    i.TIM_ETR_SetConfig  stm32l1xx_hal_tim.o
    0x080045a2   0x00000010   Code   RO         1435    i.TIM_ITRx_SetConfig  stm32l1xx_hal_tim.o
    0x080045b2   0x0000002c   Code   RO         1436    i.TIM_OC1_SetConfig  stm32l1xx_hal_tim.o
    0x080045de   0x00000030   Code   RO         1437    i.TIM_OC2_SetConfig  stm32l1xx_hal_tim.o
    0x0800460e   0x0000002e   Code   RO         1438    i.TIM_OC3_SetConfig  stm32l1xx_hal_tim.o
    0x0800463c   0x00000030   Code   RO         1439    i.TIM_OC4_SetConfig  stm32l1xx_hal_tim.o
    0x0800466c   0x00000022   Code   RO         1441    i.TIM_TI1_ConfigInputStage  stm32l1xx_hal_tim.o
    0x0800468e   0x00000024   Code   RO         1443    i.TIM_TI2_ConfigInputStage  stm32l1xx_hal_tim.o
    0x080046b2   0x00000002   PAD
    0x080046b4   0x000000a8   Code   RO          701    i.UART_Receive_IT   stm32l1xx_hal_uart.o
    0x0800475c   0x000002a0   Code   RO          702    i.UART_SetConfig    stm32l1xx_hal_uart.o
    0x080049fc   0x00000066   Code   RO          703    i.UART_Transmit_IT  stm32l1xx_hal_uart.o
    0x08004a62   0x00000002   PAD
    0x08004a64   0x0000000c   Code   RO         3732    i.USART1_IRQHandler  stm32l1xx_it.o
    0x08004a70   0x00000014   Code   RO          255    i.USBD_CDC_DataIn   usbd_cdc.o
    0x08004a84   0x0000002e   Code   RO          256    i.USBD_CDC_DataOut  usbd_cdc.o
    0x08004ab2   0x0000003c   Code   RO          257    i.USBD_CDC_DeInit   usbd_cdc.o
    0x08004aee   0x00000024   Code   RO          258    i.USBD_CDC_EP0_RxReady  usbd_cdc.o
    0x08004b12   0x00000002   PAD
    0x08004b14   0x0000000c   Code   RO          259    i.USBD_CDC_GetDeviceQualifierDescriptor  usbd_cdc.o
    0x08004b20   0x0000000c   Code   RO          260    i.USBD_CDC_GetFSCfgDesc  usbd_cdc.o
    0x08004b2c   0x0000000c   Code   RO          261    i.USBD_CDC_GetHSCfgDesc  usbd_cdc.o
    0x08004b38   0x0000000c   Code   RO          262    i.USBD_CDC_GetOtherSpeedCfgDesc  usbd_cdc.o
    0x08004b44   0x00000088   Code   RO          263    i.USBD_CDC_Init     usbd_cdc.o
    0x08004bcc   0x00000028   Code   RO          264    i.USBD_CDC_ReceivePacket  usbd_cdc.o
    0x08004bf4   0x00000010   Code   RO          265    i.USBD_CDC_RegisterInterface  usbd_cdc.o
    0x08004c04   0x0000000c   Code   RO          266    i.USBD_CDC_SetRxBuffer  usbd_cdc.o
    0x08004c10   0x00000010   Code   RO          267    i.USBD_CDC_SetTxBuffer  usbd_cdc.o
    0x08004c20   0x00000070   Code   RO          268    i.USBD_CDC_Setup    usbd_cdc.o
    0x08004c90   0x00000030   Code   RO          269    i.USBD_CDC_TransmitPacket  usbd_cdc.o
    0x08004cc0   0x0000000e   Code   RO          365    i.USBD_ClrClassConfig  usbd_core.o
    0x08004cce   0x00000010   Code   RO          195    i.USBD_CtlContinueRx  usbd_ioreq.o
    0x08004cde   0x00000010   Code   RO          196    i.USBD_CtlContinueSendData  usbd_ioreq.o
    0x08004cee   0x00000016   Code   RO            4    i.USBD_CtlError     usbd_ctlreq.o
    0x08004d04   0x0000001e   Code   RO          197    i.USBD_CtlPrepareRx  usbd_ioreq.o
    0x08004d22   0x00000016   Code   RO          198    i.USBD_CtlReceiveStatus  usbd_ioreq.o
    0x08004d38   0x0000001a   Code   RO          199    i.USBD_CtlSendData  usbd_ioreq.o
    0x08004d52   0x00000016   Code   RO          200    i.USBD_CtlSendStatus  usbd_ioreq.o
    0x08004d68   0x00000020   Code   RO         3933    i.USBD_FS_ConfigStrDescriptor  usbd_desc.o
    0x08004d88   0x0000000c   Code   RO         3934    i.USBD_FS_DeviceDescriptor  usbd_desc.o
    0x08004d94   0x00000024   Code   RO         3935    i.USBD_FS_InterfaceStrDescriptor  usbd_desc.o
    0x08004db8   0x0000000c   Code   RO         3936    i.USBD_FS_LangIDStrDescriptor  usbd_desc.o
    0x08004dc4   0x00000028   Code   RO         3937    i.USBD_FS_ManufacturerStrDescriptor  usbd_desc.o
    0x08004dec   0x0000002c   Code   RO         3938    i.USBD_FS_ProductStrDescriptor  usbd_desc.o
    0x08004e18   0x00000024   Code   RO         3939    i.USBD_FS_SerialStrDescriptor  usbd_desc.o
    0x08004e3c   0x000000e0   Code   RO            5    i.USBD_GetDescriptor  usbd_ctlreq.o
    0x08004f1c   0x00000046   Code   RO            6    i.USBD_GetString    usbd_ctlreq.o
    0x08004f62   0x0000002a   Code   RO          367    i.USBD_Init         usbd_core.o
    0x08004f8c   0x00000020   Code   RO         3528    i.USBD_LL_ClearStallEP  usbd_conf.o
    0x08004fac   0x00000020   Code   RO         3529    i.USBD_LL_CloseEP   usbd_conf.o
    0x08004fcc   0x000000aa   Code   RO          368    i.USBD_LL_DataInStage  usbd_core.o
    0x08005076   0x0000006a   Code   RO          369    i.USBD_LL_DataOutStage  usbd_core.o
    0x080050e0   0x00000008   Code   RO         3533    i.USBD_LL_GetRxDataSize  usbd_conf.o
    0x080050e8   0x000000a0   Code   RO         3534    i.USBD_LL_Init      usbd_conf.o
    0x08005188   0x00000020   Code   RO         3535    i.USBD_LL_IsStallEP  usbd_conf.o
    0x080051a8   0x00000026   Code   RO         3536    i.USBD_LL_OpenEP    usbd_conf.o
    0x080051ce   0x00000020   Code   RO         3537    i.USBD_LL_PrepareReceive  usbd_conf.o
    0x080051ee   0x0000003e   Code   RO          374    i.USBD_LL_Reset     usbd_core.o
    0x0800522c   0x0000000c   Code   RO          375    i.USBD_LL_Resume    usbd_core.o
    0x08005238   0x00000018   Code   RO          376    i.USBD_LL_SOF       usbd_core.o
    0x08005250   0x00000006   Code   RO          377    i.USBD_LL_SetSpeed  usbd_core.o
    0x08005256   0x00000020   Code   RO         3538    i.USBD_LL_SetUSBAddress  usbd_conf.o
    0x08005276   0x0000005a   Code   RO          378    i.USBD_LL_SetupStage  usbd_core.o
    0x080052d0   0x00000020   Code   RO         3539    i.USBD_LL_StallEP   usbd_conf.o
    0x080052f0   0x00000020   Code   RO         3540    i.USBD_LL_Start     usbd_conf.o
    0x08005310   0x00000012   Code   RO          379    i.USBD_LL_Suspend   usbd_core.o
    0x08005322   0x00000020   Code   RO         3542    i.USBD_LL_Transmit  usbd_conf.o
    0x08005342   0x00000028   Code   RO            7    i.USBD_ParseSetupRequest  usbd_ctlreq.o
    0x0800536a   0x00000010   Code   RO          380    i.USBD_RegisterClass  usbd_core.o
    0x0800537a   0x00000016   Code   RO          382    i.USBD_SetClassConfig  usbd_core.o
    0x08005390   0x00000074   Code   RO            8    i.USBD_SetConfig    usbd_ctlreq.o
    0x08005404   0x0000000a   Code   RO          383    i.USBD_Start        usbd_core.o
    0x0800540e   0x000000f2   Code   RO            9    i.USBD_StdDevReq    usbd_ctlreq.o
    0x08005500   0x000000dc   Code   RO           10    i.USBD_StdEPReq     usbd_ctlreq.o
    0x080055dc   0x00000034   Code   RO           11    i.USBD_StdItfReq    usbd_ctlreq.o
    0x08005610   0x00000002   Code   RO         3543    i.USBD_static_free  usbd_conf.o
    0x08005612   0x00000002   PAD
    0x08005614   0x00000008   Code   RO         3544    i.USBD_static_malloc  usbd_conf.o
    0x0800561c   0x0000000c   Code   RO         3733    i.USB_LP_IRQHandler  stm32l1xx_it.o
    0x08005628   0x00000002   Code   RO         3734    i.UsageFault_Handler  stm32l1xx_it.o
    0x0800562a   0x00000016   Code   RO         4296    i.WriteCrc16        crc16.o
    0x08005640   0x00000002   Code   RO         3367    i._Error_Handler    main.o
    0x08005642   0x0000000e   Code   RO         4539    i.__scatterload_copy  mc_w.l(handlers.o)
    0x08005650   0x00000002   Code   RO         4540    i.__scatterload_null  mc_w.l(handlers.o)
    0x08005652   0x0000000e   Code   RO         4541    i.__scatterload_zeroinit  mc_w.l(handlers.o)
    0x08005660   0x000001f8   Code   RO         3368    i.get_sens_data     main.o
    0x08005858   0x00000164   Code   RO         3369    i.main              main.o
    0x080059bc   0x00000038   Code   RO         4400    i.mb_event          modbus_config.o
    0x080059f4   0x00000094   Code   RO         3370    i.mb_read_registers  main.o
    0x08005a88   0x00000090   Code   RO         4334    i.mb_slave_init     mb_slave.o
    0x08005b18   0x00000130   Code   RO         4335    i.mb_slave_parse_packet  mb_slave.o
    0x08005c48   0x00000060   Code   RO         4336    i.mb_slave_recive   mb_slave.o
    0x08005ca8   0x00000030   Code   RO         4337    i.mb_slave_send_error  mb_slave.o
    0x08005cd8   0x00000036   Code   RO         4338    i.mb_slave_start_packet  mb_slave.o
    0x08005d0e   0x00000044   Code   RO         4339    i.mb_slave_start_tx  mb_slave.o
    0x08005d52   0x00000040   Code   RO         4340    i.mb_slave_timer_expired  mb_slave.o
    0x08005d92   0x00000002   PAD
    0x08005d94   0x00000010   Code   RO         4401    i.mb_timer_disable  modbus_config.o
    0x08005da4   0x00000010   Code   RO         4402    i.mb_timer_enable   modbus_config.o
    0x08005db4   0x00000020   Code   RO         4403    i.mb_timer_init     modbus_config.o
    0x08005dd4   0x0000001c   Code   RO         4404    i.mb_timer_reset    modbus_config.o
    0x08005df0   0x00000038   Code   RO         4405    i.mb_tx             modbus_config.o
    0x08005e28   0x00000040   Code   RO         3371    i.mb_write_registers  main.o
    0x08005e68   0x00000004   Code   RO         4407    i.usart_enable      modbus_config.o
    0x08005e6c   0x00000004   Code   RO         4408    i.usart_init        modbus_config.o
    0x08005e70   0x00000019   Data   RO          505    .constdata          system_stm32l1xx.o
    0x08005e89   0x00000008   Data   RO          506    .constdata          system_stm32l1xx.o
    0x08005e91   0x00000001   PAD
    0x08005e92   0x00000400   Data   RO         4297    .constdata          crc16.o
    0x08006292   0x00000002   PAD
    0x08006294   0x00000020   Data   RO         4537    Region$$Table       anon$$obj.o


    Execution Region RW_IRAM1 (Base: 0x20000000, Size: 0x00001308, Max: 0x00002800, ABSOLUTE, COMPRESSED[0x00000104])

    Base Addr    Size         Type   Attr      Idx    E Section Name        Object

    0x20000000   0x00000001   Data   RW           12    .data               usbd_ctlreq.o
    0x20000001   0x00000003   PAD
    0x20000004   0x000000db   Data   RW          270    .data               usbd_cdc.o
    0x200000df   0x00000001   PAD
    0x200000e0   0x00000038   Data   RW          271    .data               usbd_cdc.o
    0x20000118   0x00000004   Data   RW          507    .data               system_stm32l1xx.o
    0x2000011c   0x00000004   Data   RW         2411    .data               stm32l1xx_hal.o
    0x20000120   0x00000044   Data   RW         3373    .data               main.o
    0x20000164   0x00000010   Data   RW         3886    .data               usbd_cdc_if.o
    0x20000174   0x00000008   Data   RW         3887    .data               usbd_cdc_if.o
    0x2000017c   0x0000001c   Data   RW         3941    .data               usbd_desc.o
    0x20000198   0x00000016   Data   RW         3942    .data               usbd_desc.o
    0x200001ae   0x00000004   Data   RW         4242    .data               i2c.o
    0x200001b2   0x00000002   PAD
    0x200001b4   0x00000004   Data   RW         4341    .data               mb_slave.o
    0x200001b8   0x00000070   Data   RW         4413    .data               modbus_config.o
    0x20000228   0x00000018   Zero   RW         3157    .bss                stm32l1xx_hal_flash.o
    0x20000240   0x00000120   Zero   RW         3372    .bss                main.o
    0x20000360   0x00000440   Zero   RW         3545    .bss                usbd_conf.o
    0x200007a0   0x00000224   Zero   RW         3828    .bss                usb_device.o
    0x200009c4   0x00000200   Zero   RW         3940    .bss                usbd_desc.o
    0x20000bc4   0x00000098   Zero   RW         4004    .bss                adc.o
    0x20000c5c   0x00000040   Zero   RW         4070    .bss                usart.o
    0x20000c9c   0x00000150   Zero   RW         4122    .bss                tim.o
    0x20000dec   0x00000054   Zero   RW         4241    .bss                i2c.o
    0x20000e40   0x00000064   Zero   RW         4409    .bss                modbus_config.o
    0x20000ea4   0x00000064   Zero   RW         4410    .bss                modbus_config.o
    0x20000f08   0x00000400   Zero   RW         3348    STACK               startup_stm32l152xb.o


==============================================================================

Image component sizes


      Code (inc. data)   RO Data    RW Data    ZI Data      Debug   Object Name

       300         62          0          0        152       1736   adc.o
        62          6       1024          0          0       1895   crc16.o
        44          4          0          0          0        750   dma.o
       216         18          0          0          0        971   gpio.o
       458         92          0          4         84       3902   i2c.o
      1878        252          0         68        288      17662   main.o
       822         16          0          4          0       7313   mb_slave.o
       212         44          0        112        200       5130   modbus_config.o
        36          8        244          0       1024        780   startup_stm32l152xb.o
       134         22          0          4          0       3679   stm32l1xx_hal.o
      1316         54          0          0          0       8993   stm32l1xx_hal_adc.o
       228         14          0          0          0      29109   stm32l1xx_hal_cortex.o
       422          8          0          0          0       3595   stm32l1xx_hal_dma.o
       304         46          0          0         24       3602   stm32l1xx_hal_flash.o
        40          8          0          0          0       2325   stm32l1xx_hal_flash_ex.o
       414         32          0          0          0       2937   stm32l1xx_hal_gpio.o
      2020         30          0          0          0      12122   stm32l1xx_hal_i2c.o
       144          4          0          0          0        942   stm32l1xx_hal_msp.o
      3360          0          0          0          0      13566   stm32l1xx_hal_pcd.o
        60          0          0          0          0       1190   stm32l1xx_hal_pcd_ex.o
      2716        114          0          0          0       7232   stm32l1xx_hal_rcc.o
      1106         22          0          0          0      12969   stm32l1xx_hal_tim.o
        80          0          0          0          0       1176   stm32l1xx_hal_tim_ex.o
      1260          6          0          0          0       5427   stm32l1xx_hal_uart.o
        66         18          0          0          0       5213   stm32l1xx_it.o
        80         18         33          4          0       1231   system_stm32l1xx.o
      1076        200          0          0        336       7110   tim.o
       168         36          0          0         64       1650   usart.o
        56         18          0          0        548        720   usb_device.o
       590         22          0        275          0      12798   usbd_cdc.o
       148         26          0         24          0       3328   usbd_cdc_if.o
       690         56          0          0       1088      13393   usbd_conf.o
       592          0          0          0          0       9268   usbd_core.o
       986         30          0          1          0     418912   usbd_ctlreq.o
       212        116          0         50        512       4987   usbd_desc.o
       132          0          0          0          0       4380   usbd_ioreq.o

    ----------------------------------------------------------------------
     22470       1402       1336        552       4320     631993   Object Totals
         0          0         32          0          0          0   (incl. Generated)
        42          0          3          6          0          0   (incl. Padding)

    ----------------------------------------------------------------------

      Code (inc. data)   RO Data    RW Data    ZI Data      Debug   Library Member Name

        86          0          0          0          0          0   __dczerorl2.o
         0          0          0          0          0          0   entry.o
         0          0          0          0          0          0   entry10a.o
         0          0          0          0          0          0   entry11a.o
         8          4          0          0          0          0   entry2.o
         4          0          0          0          0          0   entry5.o
         0          0          0          0          0          0   entry7b.o
         0          0          0          0          0          0   entry8b.o
         8          4          0          0          0          0   entry9a.o
        30          0          0          0          0          0   handlers.o
        36          8          0          0          0         68   init.o
         0          0          0          0          0          0   iusefp.o
        30          0          0          0          0         68   llshl.o
        32          0          0          0          0         68   llushr.o
        56          0          0          0          0         88   d2f.o
       186          0          0          0          0        176   depilogue.o
        50          0          0          0          0         76   dfixui.o
        26          0          0          0          0         76   dfltui.o
       228          0          0          0          0         96   dmul.o
        46          0          0          0          0         80   dscalb.o
       176          0          0          0          0        140   fadd.o
       124          0          0          0          0         88   fdiv.o
       110          0          0          0          0        168   fepilogue.o
        50          0          0          0          0         68   ffixi.o
        40          0          0          0          0         68   ffixui.o
        10          0          0          0          0         68   ffltui.o
       100          0          0          0          0         76   fmul.o
        24          0          0          0          0         68   fscalb.o

    ----------------------------------------------------------------------
      1462         16          0          0          0       1540   Library Totals
         2          0          0          0          0          0   (incl. Padding)

    ----------------------------------------------------------------------

      Code (inc. data)   RO Data    RW Data    ZI Data      Debug   Library Name

       234         16          0          0          0        204   mc_w.l
      1226          0          0          0          0       1336   mf_w.l

    ----------------------------------------------------------------------
      1462         16          0          0          0       1540   Library Totals

    ----------------------------------------------------------------------

==============================================================================


      Code (inc. data)   RO Data    RW Data    ZI Data      Debug   

     23932       1418       1336        552       4320     620505   Grand Totals
     23932       1418       1336        260       4320     620505   ELF Image Totals (compressed)
     23932       1418       1336        260          0          0   ROM Totals

==============================================================================

    Total RO  Size (Code + RO Data)                25268 (  24.68kB)
    Total RW  Size (RW Data + ZI Data)              4872 (   4.76kB)
    Total ROM Size (Code + RO Data + RW Data)      25528 (  24.93kB)

==============================================================================

