<html>
<body>
<pre>
<h1>µVision Build Log</h1>
<h2>Project:</h2>
D:\work\Keil\mobiledetector\mobiledetector_r2 - копия - копия\MDK-ARM\mobiledetector_r2.uvproj
Project File Date:  01/26/2017

<h2>Output:</h2>
Build target 'mobiledetector_r2'
linking...
Program Size: Code=17784 RO-data=1336 RW-data=204 ZI-data=2412  
"mobiledetector_r2\mobiledetector_r2.axf" - 0 Error(s), 0 Warning(s).
Load "mobiledetector_r2\\mobiledetector_r2.axf" 
Set JLink Project File to "D:\work\Keil\mobiledetector\mobiledetector_r2 - копия - копия\MDK-ARM\JLinkSettings.ini"
* JLink Info: Device "STM32L152C6" selected.
 
JLink info:
------------
DLL: V5.00l, compiled Aug  7 2015 15:52:45
Firmware: J-Link V10 compiled Sep  1 2016 18:29:58
Hardware: V10.10
S/N : 50103721 
Feature(s) : GDB 
 
* JLink Info: Found SWD-DP with ID 0x2BA01477
* JLink Info: Found SWD-DP with ID 0x2BA01477
* JLink Info: Found Cortex-M3 r2p0, Little endian.
* JLink Info: FPUnit: 6 code (BP) slots and 2 literal slots
* JLink Info: CoreSight components:
* JLink Info: ROMTbl 0 @ E00FF000
* JLink Info: ROMTbl 0 [0]: FFF0F000, CID: B105E00D, PID: 002BB000 SCS
* JLink Info: ROMTbl 0 [1]: FFF02000, CID: B105E00D, PID: 002BB002 DWT
* JLink Info: ROMTbl 0 [2]: FFF03000, CID: B105E00D, PID: 002BB003 FPB
* JLink Info: ROMTbl 0 [3]: FFF01000, CID: B105E00D, PID: 002BB001 ITM
* JLink Info: ROMTbl 0 [4]: FFF41000, CID: B105900D, PID: 002BB923 TPIU-Lite
* JLink Info: ROMTbl 0 [5]: FFF42000, CID: B105900D, PID: 002BB924 ETM-M3
ROMTableAddr = 0xE00FF003
 
Target info:
------------
Device: STM32L152C6
VTarget = 3.656V
State of Pins: 
TCK: 0, TDI: 0, TDO: 0, TMS: 0, TRES: 1, TRST: 0
Hardware-Breakpoints: 6
Software-Breakpoints: 8192
Watchpoints:          4
JTAG speed: 10000 kHz
 
Erase Done.
Programming Done.
Verify OK.
</pre>
</body>
</html>
IZE * EraseCounter));
../Src/main.c: 9 warnings, 0 errors
linking...
Program Size: Code=17756 RO-data=1336 RW-data=204 ZI-data=2412  
"mobiledetector_r2\mobiledetector_r2.axf" - 0 Error(s), 9 Warning(s).
Load "mobiledetector_r2\\mobiledetector_r2.axf" 
Set JLink Project File to "D:\work\Keil\mobiledetector\mobiledetector_r2 - копия - копия\MDK-ARM\JLinkSettings.ini"
* JLink Info: Device "STM32L152C6" selected.
 
JLink info:
------------
DLL: V5.00l, compiled Aug  7 2015 15:52:45
Firmware: J-Link V10 compiled Sep  1 2016 18:29:58
Hardware: V10.10
S/N : 50103721 
Feature(s) : GDB 
 
Error: Flash Download failed  -  Target DLL has been cancelled
Load "mobiledetector_r2\\mobiledetector_r2.axf" 
Set JLink Project File to "D:\work\Keil\mobiledetector\mobiledetector_r2 - копия - копия\MDK-ARM\JLinkSettings.ini"
* JLink Info: Device "STM32L152C6" selected.
 
JLink info:
------------
DLL: V5.00l, compiled Aug  7 2015 15:52:45
Firmware: J-Link V10 compiled Sep  1 2016 18:29:58
Hardware: V10.10
S/N : 50103721 
Feature(s) : GDB 
 
Error: Flash Download failed  -  Target DLL has been cancelled
Load "mobiledetector_r2\\mobiledetector_r2.axf" 
Set JLink Project File to "D:\work\Keil\mobiledetector\mobiledetector_r2 - копия - копия\MDK-ARM\JLinkSettings.ini"
* JLink Info: Device "STM32L152C6" selected.
 
JLink info:
------------
DLL: V5.00l, compiled Aug  7 2015 15:52:45
Firmware: J-Link V10 compiled Sep  1 2016 18:29:58
Hardware: V10.10
S/N : 50103721 
Feature(s) : GDB 
 
* JLink Info: Found SWD-DP with ID 0x2BA01477
* JLink Info: Found SWD-DP with ID 0x2BA01477
* JLink Info: Found Cortex-M3 r2p0, Little endian.
* JLink Info: FPUnit: 6 code (BP) slots and 2 literal slots
* JLink Info: CoreSight components:
* JLink Info: ROMTbl 0 @ E00FF000
* JLink Info: ROMTbl 0 [0]: FFF0F000, CID: B105E00D, PID: 002BB000 SCS
* JLink Info: ROMTbl 0 [1]: FFF02000, CID: B105E00D, PID: 002BB002 DWT
* JLink Info: ROMTbl 0 [2]: FFF03000, CID: B105E00D, PID: 002BB003 FPB
* JLink Info: ROMTbl 0 [3]: FFF01000, CID: B105E00D, PID: 002BB001 ITM
* JLink Info: ROMTbl 0 [4]: FFF41000, CID: B105900D, PID: 002BB923 TPIU-Lite
* JLink Info: ROMTbl 0 [5]: FFF42000, CID: B105900D, PID: 002BB924 ETM-M3
ROMTableAddr = 0xE00FF003
 
Target info:
------------
Device: STM32L152C6
VTarget = 3.580V
State of Pins: 
TCK: 0, TDI: 0, TDO: 0, TMS: 0, TRES: 1, TRST: 0
Hardware-Breakpoints: 6
Software-Breakpoints: 8192
Watchpoints:          4
JTAG speed: 10000 kHz
 
Erase Done.
Programming Done.
Verify OK.
