Archive member included to satisfy reference by file (symbol)

c:/program files (x86)/atmel/studio/7.0/toolchain/avr8/avr8-gnu-toolchain/bin/../lib/gcc/avr/4.9.2/avr5\libgcc.a(_udivmodsi4.o)
                              src/ASF/common/services/calendar/calendar.o (__udivmodsi4)
c:/program files (x86)/atmel/studio/7.0/toolchain/avr8/avr8-gnu-toolchain/bin/../lib/gcc/avr/4.9.2/avr5\libgcc.a(_exit.o)
                              C:/Program Files (x86)/Atmel/Studio/7.0/Packs/atmel/ATmega_DFP/1.0.90/gcc/dev/atmega164pa/avr5/crtatmega164pa.o (exit)
c:/program files (x86)/atmel/studio/7.0/toolchain/avr8/avr8-gnu-toolchain/bin/../lib/gcc/avr/4.9.2/avr5\libgcc.a(_copy_data.o)
                              src/ASF/common/services/calendar/calendar.o (__do_copy_data)
c:/program files (x86)/atmel/studio/7.0/toolchain/avr8/avr8-gnu-toolchain/bin/../lib/gcc/avr/4.9.2/avr5\libgcc.a(_clear_bss.o)
                              src/ASF/common/utils/stdio/read.o (__do_clear_bss)
c:/program files (x86)/atmel/studio/7.0/toolchain/avr8/avr8-gnu-toolchain/bin/../lib/gcc/avr/4.9.2/avr5\libgcc.a(_umulhisi3.o)
                              src/ASF/common/services/calendar/calendar.o (__umulhisi3)
c:/program files (x86)/atmel/studio/7.0/toolchain/avr8/avr8-gnu-toolchain/bin/../lib/gcc/avr/4.9.2/avr5\libgcc.a(_usmulhisi3.o)
                              src/ASF/common/services/calendar/calendar.o (__usmulhisi3)
c:/program files (x86)/atmel/studio/7.0/toolchain/avr8/avr8-gnu-toolchain/bin/../lib/gcc/avr/4.9.2/avr5\libgcc.a(_muluhisi3.o)
                              src/ASF/common/services/calendar/calendar.o (__muluhisi3)
c:/program files (x86)/atmel/studio/7.0/toolchain/avr8/avr8-gnu-toolchain/bin/../lib/gcc/avr/4.9.2/../../../../avr/lib/avr5\libc.a(setjmp.o)
                              src/ASF/common/utils/unit_test/suite.o (setjmp)
c:/program files (x86)/atmel/studio/7.0/toolchain/avr8/avr8-gnu-toolchain/bin/../lib/gcc/avr/4.9.2/../../../../avr/lib/avr5\libc.a(fputc.o)
                              src/ASF/common/utils/unit_test/suite.o (fputc)
c:/program files (x86)/atmel/studio/7.0/toolchain/avr8/avr8-gnu-toolchain/bin/../lib/gcc/avr/4.9.2/../../../../avr/lib/avr5\libc.a(iob.o)
                              src/ASF/common/utils/unit_test/suite.o (__iob)
c:/program files (x86)/atmel/studio/7.0/toolchain/avr8/avr8-gnu-toolchain/bin/../lib/gcc/avr/4.9.2/../../../../avr/lib/avr5\libc.a(printf.o)
                              src/ASF/common/services/calendar/calendar.o (printf)
c:/program files (x86)/atmel/studio/7.0/toolchain/avr8/avr8-gnu-toolchain/bin/../lib/gcc/avr/4.9.2/../../../../avr/lib/avr5\libc.a(puts.o)
                              src/ASF/common/utils/unit_test/suite.o (puts)
c:/program files (x86)/atmel/studio/7.0/toolchain/avr8/avr8-gnu-toolchain/bin/../lib/gcc/avr/4.9.2/../../../../avr/lib/avr5\libc.a(vfprintf_std.o)
                              src/ASF/common/utils/unit_test/suite.o (vfprintf)
c:/program files (x86)/atmel/studio/7.0/toolchain/avr8/avr8-gnu-toolchain/bin/../lib/gcc/avr/4.9.2/../../../../avr/lib/avr5\libc.a(strnlen_P.o)
                              c:/program files (x86)/atmel/studio/7.0/toolchain/avr8/avr8-gnu-toolchain/bin/../lib/gcc/avr/4.9.2/../../../../avr/lib/avr5\libc.a(vfprintf_std.o) (strnlen_P)
c:/program files (x86)/atmel/studio/7.0/toolchain/avr8/avr8-gnu-toolchain/bin/../lib/gcc/avr/4.9.2/../../../../avr/lib/avr5\libc.a(strnlen.o)
                              c:/program files (x86)/atmel/studio/7.0/toolchain/avr8/avr8-gnu-toolchain/bin/../lib/gcc/avr/4.9.2/../../../../avr/lib/avr5\libc.a(vfprintf_std.o) (strnlen)
c:/program files (x86)/atmel/studio/7.0/toolchain/avr8/avr8-gnu-toolchain/bin/../lib/gcc/avr/4.9.2/../../../../avr/lib/avr5\libc.a(ultoa_invert.o)
                              c:/program files (x86)/atmel/studio/7.0/toolchain/avr8/avr8-gnu-toolchain/bin/../lib/gcc/avr/4.9.2/../../../../avr/lib/avr5\libc.a(vfprintf_std.o) (__ultoa_invert)
c:/program files (x86)/atmel/studio/7.0/toolchain/avr8/avr8-gnu-toolchain/bin/../lib/gcc/avr/4.9.2/avr5\libgcc.a(_prologue.o)
                              c:/program files (x86)/atmel/studio/7.0/toolchain/avr8/avr8-gnu-toolchain/bin/../lib/gcc/avr/4.9.2/../../../../avr/lib/avr5\libc.a(printf.o) (__prologue_saves__)
c:/program files (x86)/atmel/studio/7.0/toolchain/avr8/avr8-gnu-toolchain/bin/../lib/gcc/avr/4.9.2/avr5\libgcc.a(_epilogue.o)
                              c:/program files (x86)/atmel/studio/7.0/toolchain/avr8/avr8-gnu-toolchain/bin/../lib/gcc/avr/4.9.2/../../../../avr/lib/avr5\libc.a(printf.o) (__epilogue_restores__)

Allocating common symbols
Common symbol       size              file

ptr_get             0x2               src/ASF/common/utils/stdio/read.o
ptr_put             0x2               src/ASF/common/utils/stdio/write.o
stdio_base          0x2               src/ASF/common/utils/stdio/write.o
__iob               0x6               c:/program files (x86)/atmel/studio/7.0/toolchain/avr8/avr8-gnu-toolchain/bin/../lib/gcc/avr/4.9.2/../../../../avr/lib/avr5\libc.a(iob.o)
test_priv_data      0x2               src/ASF/common/utils/unit_test/suite.o

Discarded input sections

 .data          0x00000000        0x0 C:/Program Files (x86)/Atmel/Studio/7.0/Packs/atmel/ATmega_DFP/1.0.90/gcc/dev/atmega164pa/avr5/crtatmega164pa.o
 .bss           0x00000000        0x0 C:/Program Files (x86)/Atmel/Studio/7.0/Packs/atmel/ATmega_DFP/1.0.90/gcc/dev/atmega164pa/avr5/crtatmega164pa.o
 .group         0x00000000        0x8 src/ASF/common/services/calendar/calendar.o
 .group         0x00000000        0x8 src/ASF/common/services/calendar/calendar.o
 .group         0x00000000        0x8 src/ASF/common/services/calendar/calendar.o
 .group         0x00000000        0x8 src/ASF/common/services/calendar/calendar.o
 .group         0x00000000        0x8 src/ASF/common/services/calendar/calendar.o
 .group         0x00000000        0x8 src/ASF/common/services/calendar/calendar.o
 .group         0x00000000        0x8 src/ASF/common/services/calendar/calendar.o
 .group         0x00000000        0x8 src/ASF/common/services/calendar/calendar.o
 .group         0x00000000        0x8 src/ASF/common/services/calendar/calendar.o
 .group         0x00000000        0x8 src/ASF/common/services/calendar/calendar.o
 .group         0x00000000        0x8 src/ASF/common/services/calendar/calendar.o
 .group         0x00000000        0x8 src/ASF/common/services/calendar/calendar.o
 .group         0x00000000        0x8 src/ASF/common/services/calendar/calendar.o
 .group         0x00000000        0x8 src/ASF/common/services/calendar/calendar.o
 .group         0x00000000        0x8 src/ASF/common/services/calendar/calendar.o
 .group         0x00000000        0x8 src/ASF/common/services/calendar/calendar.o
 .group         0x00000000        0x8 src/ASF/common/services/calendar/calendar.o
 .group         0x00000000        0x8 src/ASF/common/services/calendar/calendar.o
 .group         0x00000000        0x8 src/ASF/common/services/calendar/calendar.o
 .group         0x00000000        0x8 src/ASF/common/services/calendar/calendar.o
 .group         0x00000000        0x8 src/ASF/common/services/calendar/calendar.o
 .group         0x00000000        0x8 src/ASF/common/services/calendar/calendar.o
 .group         0x00000000        0x8 src/ASF/common/services/calendar/calendar.o
 .group         0x00000000        0x8 src/ASF/common/services/calendar/calendar.o
 .group         0x00000000        0x8 src/ASF/common/services/calendar/calendar.o
 .group         0x00000000        0x8 src/ASF/common/services/calendar/calendar.o
 .group         0x00000000        0x8 src/ASF/common/services/calendar/calendar.o
 .group         0x00000000        0x8 src/ASF/common/services/calendar/calendar.o
 .group         0x00000000        0x8 src/ASF/common/services/calendar/calendar.o
 .text          0x00000000        0x0 src/ASF/common/services/calendar/calendar.o
 .data          0x00000000        0x0 src/ASF/common/services/calendar/calendar.o
 .bss           0x00000000        0x0 src/ASF/common/services/calendar/calendar.o
 .text.calendar_leapyear
                0x00000000       0x6e src/ASF/common/services/calendar/calendar.o
 .text.calendar_is_date_valid
                0x00000000       0x86 src/ASF/common/services/calendar/calendar.o
 .text.calendar_timestamp_to_date
                0x00000000      0x1a6 src/ASF/common/services/calendar/calendar.o
 .text.calendar_timestamp_to_date_tz
                0x00000000       0xa0 src/ASF/common/services/calendar/calendar.o
 .text.calendar_date_to_timestamp
                0x00000000      0x134 src/ASF/common/services/calendar/calendar.o
 .text.calendar_date_to_timestamp_tz
                0x00000000       0xbc src/ASF/common/services/calendar/calendar.o
 .text.calendar_time_between_dates
                0x00000000      0x176 src/ASF/common/services/calendar/calendar.o
 .rodata.str1.1
                0x00000000       0x82 src/ASF/common/services/calendar/calendar.o
 .text.calendar_add_second_to_date
                0x00000000      0x138 src/ASF/common/services/calendar/calendar.o
 .rodata.month  0x00000000       0x18 src/ASF/common/services/calendar/calendar.o
 .debug_info    0x00000000      0x765 src/ASF/common/services/calendar/calendar.o
 .debug_abbrev  0x00000000      0x2ae src/ASF/common/services/calendar/calendar.o
 .debug_loc     0x00000000      0xb17 src/ASF/common/services/calendar/calendar.o
 .debug_aranges
                0x00000000       0x58 src/ASF/common/services/calendar/calendar.o
 .debug_ranges  0x00000000       0x78 src/ASF/common/services/calendar/calendar.o
 .debug_macro   0x00000000      0x178 src/ASF/common/services/calendar/calendar.o
 .debug_macro   0x00000000      0xa5a src/ASF/common/services/calendar/calendar.o
 .debug_macro   0x00000000       0x10 src/ASF/common/services/calendar/calendar.o
 .debug_macro   0x00000000      0x1ad src/ASF/common/services/calendar/calendar.o
 .debug_macro   0x00000000      0x293 src/ASF/common/services/calendar/calendar.o
 .debug_macro   0x00000000       0x9e src/ASF/common/services/calendar/calendar.o
 .debug_macro   0x00000000     0x1291 src/ASF/common/services/calendar/calendar.o
 .debug_macro   0x00000000      0x171 src/ASF/common/services/calendar/calendar.o
 .debug_macro   0x00000000       0xbd src/ASF/common/services/calendar/calendar.o
 .debug_macro   0x00000000       0x34 src/ASF/common/services/calendar/calendar.o
 .debug_macro   0x00000000       0x18 src/ASF/common/services/calendar/calendar.o
 .debug_macro   0x00000000       0x6c src/ASF/common/services/calendar/calendar.o
 .debug_macro   0x00000000       0x22 src/ASF/common/services/calendar/calendar.o
 .debug_macro   0x00000000      0x166 src/ASF/common/services/calendar/calendar.o
 .debug_macro   0x00000000       0x1c src/ASF/common/services/calendar/calendar.o
 .debug_macro   0x00000000       0x35 src/ASF/common/services/calendar/calendar.o
 .debug_macro   0x00000000       0x66 src/ASF/common/services/calendar/calendar.o
 .debug_macro   0x00000000      0x636 src/ASF/common/services/calendar/calendar.o
 .debug_macro   0x00000000       0x2f src/ASF/common/services/calendar/calendar.o
 .debug_macro   0x00000000       0x58 src/ASF/common/services/calendar/calendar.o
 .debug_macro   0x00000000       0x10 src/ASF/common/services/calendar/calendar.o
 .debug_macro   0x00000000       0xeb src/ASF/common/services/calendar/calendar.o
 .debug_macro   0x00000000       0x5f src/ASF/common/services/calendar/calendar.o
 .debug_macro   0x00000000       0x12 src/ASF/common/services/calendar/calendar.o
 .debug_macro   0x00000000       0x69 src/ASF/common/services/calendar/calendar.o
 .debug_macro   0x00000000       0x2c src/ASF/common/services/calendar/calendar.o
 .debug_macro   0x00000000       0x10 src/ASF/common/services/calendar/calendar.o
 .debug_macro   0x00000000       0xe2 src/ASF/common/services/calendar/calendar.o
 .debug_macro   0x00000000       0x40 src/ASF/common/services/calendar/calendar.o
 .debug_macro   0x00000000      0x100 src/ASF/common/services/calendar/calendar.o
 .debug_line    0x00000000      0x7a6 src/ASF/common/services/calendar/calendar.o
 .debug_str     0x00000000     0xfa20 src/ASF/common/services/calendar/calendar.o
 .comment       0x00000000       0x31 src/ASF/common/services/calendar/calendar.o
 .debug_frame   0x00000000      0x244 src/ASF/common/services/calendar/calendar.o
 .group         0x00000000        0x8 src/ASF/common/services/clock/mega/sysclk.o
 .group         0x00000000        0x8 src/ASF/common/services/clock/mega/sysclk.o
 .group         0x00000000        0x8 src/ASF/common/services/clock/mega/sysclk.o
 .group         0x00000000        0x8 src/ASF/common/services/clock/mega/sysclk.o
 .group         0x00000000        0x8 src/ASF/common/services/clock/mega/sysclk.o
 .group         0x00000000        0x8 src/ASF/common/services/clock/mega/sysclk.o
 .group         0x00000000        0x8 src/ASF/common/services/clock/mega/sysclk.o
 .group         0x00000000        0x8 src/ASF/common/services/clock/mega/sysclk.o
 .group         0x00000000        0x8 src/ASF/common/services/clock/mega/sysclk.o
 .group         0x00000000        0x8 src/ASF/common/services/clock/mega/sysclk.o
 .group         0x00000000        0x8 src/ASF/common/services/clock/mega/sysclk.o
 .group         0x00000000        0x8 src/ASF/common/services/clock/mega/sysclk.o
 .group         0x00000000        0x8 src/ASF/common/services/clock/mega/sysclk.o
 .group         0x00000000        0x8 src/ASF/common/services/clock/mega/sysclk.o
 .group         0x00000000        0x8 src/ASF/common/services/clock/mega/sysclk.o
 .group         0x00000000        0x8 src/ASF/common/services/clock/mega/sysclk.o
 .group         0x00000000        0x8 src/ASF/common/services/clock/mega/sysclk.o
 .group         0x00000000        0x8 src/ASF/common/services/clock/mega/sysclk.o
 .group         0x00000000        0x8 src/ASF/common/services/clock/mega/sysclk.o
 .group         0x00000000        0x8 src/ASF/common/services/clock/mega/sysclk.o
 .group         0x00000000        0x8 src/ASF/common/services/clock/mega/sysclk.o
 .group         0x00000000        0x8 src/ASF/common/services/clock/mega/sysclk.o
 .group         0x00000000        0x8 src/ASF/common/services/clock/mega/sysclk.o
 .group         0x00000000        0x8 src/ASF/common/services/clock/mega/sysclk.o
 .group         0x00000000        0x8 src/ASF/common/services/clock/mega/sysclk.o
 .group         0x00000000        0x8 src/ASF/common/services/clock/mega/sysclk.o
 .group         0x00000000        0x8 src/ASF/common/services/clock/mega/sysclk.o
 .group         0x00000000        0x8 src/ASF/common/services/clock/mega/sysclk.o
 .group         0x00000000        0x8 src/ASF/common/services/clock/mega/sysclk.o
 .group         0x00000000        0x8 src/ASF/common/services/clock/mega/sysclk.o
 .group         0x00000000        0x8 src/ASF/common/services/clock/mega/sysclk.o
 .group         0x00000000        0x8 src/ASF/common/services/clock/mega/sysclk.o
 .text          0x00000000        0x0 src/ASF/common/services/clock/mega/sysclk.o
 .data          0x00000000        0x0 src/ASF/common/services/clock/mega/sysclk.o
 .bss           0x00000000        0x0 src/ASF/common/services/clock/mega/sysclk.o
 .text.sysclk_enable_module
                0x00000000       0x1c src/ASF/common/services/clock/mega/sysclk.o
 .text.sysclk_disable_module
                0x00000000       0x1a src/ASF/common/services/clock/mega/sysclk.o
 .debug_macro   0x00000000      0xa5a src/ASF/common/services/clock/mega/sysclk.o
 .debug_macro   0x00000000       0x10 src/ASF/common/services/clock/mega/sysclk.o
 .debug_macro   0x00000000      0x1ad src/ASF/common/services/clock/mega/sysclk.o
 .debug_macro   0x00000000      0x293 src/ASF/common/services/clock/mega/sysclk.o
 .debug_macro   0x00000000       0x9e src/ASF/common/services/clock/mega/sysclk.o
 .debug_macro   0x00000000     0x1291 src/ASF/common/services/clock/mega/sysclk.o
 .debug_macro   0x00000000      0x171 src/ASF/common/services/clock/mega/sysclk.o
 .debug_macro   0x00000000       0xbd src/ASF/common/services/clock/mega/sysclk.o
 .debug_macro   0x00000000       0x34 src/ASF/common/services/clock/mega/sysclk.o
 .debug_macro   0x00000000       0x18 src/ASF/common/services/clock/mega/sysclk.o
 .debug_macro   0x00000000       0x6c src/ASF/common/services/clock/mega/sysclk.o
 .debug_macro   0x00000000       0x22 src/ASF/common/services/clock/mega/sysclk.o
 .debug_macro   0x00000000      0x166 src/ASF/common/services/clock/mega/sysclk.o
 .debug_macro   0x00000000       0x1c src/ASF/common/services/clock/mega/sysclk.o
 .debug_macro   0x00000000       0x35 src/ASF/common/services/clock/mega/sysclk.o
 .debug_macro   0x00000000       0x66 src/ASF/common/services/clock/mega/sysclk.o
 .debug_macro   0x00000000      0x636 src/ASF/common/services/clock/mega/sysclk.o
 .debug_macro   0x00000000       0x2f src/ASF/common/services/clock/mega/sysclk.o
 .debug_macro   0x00000000       0x58 src/ASF/common/services/clock/mega/sysclk.o
 .debug_macro   0x00000000       0x10 src/ASF/common/services/clock/mega/sysclk.o
 .debug_macro   0x00000000       0xeb src/ASF/common/services/clock/mega/sysclk.o
 .debug_macro   0x00000000       0x5f src/ASF/common/services/clock/mega/sysclk.o
 .debug_macro   0x00000000       0x12 src/ASF/common/services/clock/mega/sysclk.o
 .debug_macro   0x00000000       0x69 src/ASF/common/services/clock/mega/sysclk.o
 .debug_macro   0x00000000       0x2c src/ASF/common/services/clock/mega/sysclk.o
 .debug_macro   0x00000000       0x10 src/ASF/common/services/clock/mega/sysclk.o
 .debug_macro   0x00000000       0xe2 src/ASF/common/services/clock/mega/sysclk.o
 .debug_macro   0x00000000       0x40 src/ASF/common/services/clock/mega/sysclk.o
 .debug_macro   0x00000000      0x100 src/ASF/common/services/clock/mega/sysclk.o
 .group         0x00000000        0x8 src/ASF/common/utils/stdio/read.o
 .group         0x00000000        0x8 src/ASF/common/utils/stdio/read.o
 .group         0x00000000        0x8 src/ASF/common/utils/stdio/read.o
 .group         0x00000000        0x8 src/ASF/common/utils/stdio/read.o
 .group         0x00000000        0x8 src/ASF/common/utils/stdio/read.o
 .group         0x00000000        0x8 src/ASF/common/utils/stdio/read.o
 .group         0x00000000        0x8 src/ASF/common/utils/stdio/read.o
 .group         0x00000000        0x8 src/ASF/common/utils/stdio/read.o
 .group         0x00000000        0x8 src/ASF/common/utils/stdio/read.o
 .group         0x00000000        0x8 src/ASF/common/utils/stdio/read.o
 .group         0x00000000        0x8 src/ASF/common/utils/stdio/read.o
 .group         0x00000000        0x8 src/ASF/common/utils/stdio/read.o
 .group         0x00000000        0x8 src/ASF/common/utils/stdio/read.o
 .group         0x00000000        0x8 src/ASF/common/utils/stdio/read.o
 .group         0x00000000        0x8 src/ASF/common/utils/stdio/read.o
 .group         0x00000000        0x8 src/ASF/common/utils/stdio/read.o
 .group         0x00000000        0x8 src/ASF/common/utils/stdio/read.o
 .group         0x00000000        0x8 src/ASF/common/utils/stdio/read.o
 .group         0x00000000        0x8 src/ASF/common/utils/stdio/read.o
 .group         0x00000000        0x8 src/ASF/common/utils/stdio/read.o
 .group         0x00000000        0x8 src/ASF/common/utils/stdio/read.o
 .group         0x00000000        0x8 src/ASF/common/utils/stdio/read.o
 .group         0x00000000        0x8 src/ASF/common/utils/stdio/read.o
 .group         0x00000000        0x8 src/ASF/common/utils/stdio/read.o
 .group         0x00000000        0x8 src/ASF/common/utils/stdio/read.o
 .group         0x00000000        0x8 src/ASF/common/utils/stdio/read.o
 .group         0x00000000        0x8 src/ASF/common/utils/stdio/read.o
 .group         0x00000000        0x8 src/ASF/common/utils/stdio/read.o
 .group         0x00000000        0x8 src/ASF/common/utils/stdio/read.o
 .text          0x00000000        0x0 src/ASF/common/utils/stdio/read.o
 .data          0x00000000        0x0 src/ASF/common/utils/stdio/read.o
 .bss           0x00000000        0x0 src/ASF/common/utils/stdio/read.o
 .text._read    0x00000000       0x32 src/ASF/common/utils/stdio/read.o
 .debug_info    0x00000000      0x195 src/ASF/common/utils/stdio/read.o
 .debug_abbrev  0x00000000      0x111 src/ASF/common/utils/stdio/read.o
 .debug_loc     0x00000000       0x6e src/ASF/common/utils/stdio/read.o
 .debug_aranges
                0x00000000       0x20 src/ASF/common/utils/stdio/read.o
 .debug_ranges  0x00000000       0x10 src/ASF/common/utils/stdio/read.o
 .debug_macro   0x00000000      0x156 src/ASF/common/utils/stdio/read.o
 .debug_macro   0x00000000      0xa5a src/ASF/common/utils/stdio/read.o
 .debug_macro   0x00000000       0x10 src/ASF/common/utils/stdio/read.o
 .debug_macro   0x00000000      0x1ad src/ASF/common/utils/stdio/read.o
 .debug_macro   0x00000000      0x293 src/ASF/common/utils/stdio/read.o
 .debug_macro   0x00000000       0x9e src/ASF/common/utils/stdio/read.o
 .debug_macro   0x00000000     0x1291 src/ASF/common/utils/stdio/read.o
 .debug_macro   0x00000000      0x171 src/ASF/common/utils/stdio/read.o
 .debug_macro   0x00000000       0xbd src/ASF/common/utils/stdio/read.o
 .debug_macro   0x00000000       0x34 src/ASF/common/utils/stdio/read.o
 .debug_macro   0x00000000       0x18 src/ASF/common/utils/stdio/read.o
 .debug_macro   0x00000000       0x6c src/ASF/common/utils/stdio/read.o
 .debug_macro   0x00000000       0x22 src/ASF/common/utils/stdio/read.o
 .debug_macro   0x00000000      0x166 src/ASF/common/utils/stdio/read.o
 .debug_macro   0x00000000       0x1c src/ASF/common/utils/stdio/read.o
 .debug_macro   0x00000000       0x35 src/ASF/common/utils/stdio/read.o
 .debug_macro   0x00000000       0x66 src/ASF/common/utils/stdio/read.o
 .debug_macro   0x00000000      0x636 src/ASF/common/utils/stdio/read.o
 .debug_macro   0x00000000       0x2f src/ASF/common/utils/stdio/read.o
 .debug_macro   0x00000000       0x58 src/ASF/common/utils/stdio/read.o
 .debug_macro   0x00000000       0x10 src/ASF/common/utils/stdio/read.o
 .debug_macro   0x00000000       0xeb src/ASF/common/utils/stdio/read.o
 .debug_macro   0x00000000       0x5f src/ASF/common/utils/stdio/read.o
 .debug_macro   0x00000000       0x12 src/ASF/common/utils/stdio/read.o
 .debug_macro   0x00000000       0x69 src/ASF/common/utils/stdio/read.o
 .debug_macro   0x00000000       0x2c src/ASF/common/utils/stdio/read.o
 .debug_macro   0x00000000       0x10 src/ASF/common/utils/stdio/read.o
 .debug_macro   0x00000000       0xe2 src/ASF/common/utils/stdio/read.o
 .debug_macro   0x00000000       0x40 src/ASF/common/utils/stdio/read.o
 .debug_macro   0x00000000      0x100 src/ASF/common/utils/stdio/read.o
 .debug_line    0x00000000      0x36f src/ASF/common/utils/stdio/read.o
 .debug_str     0x00000000     0xf73b src/ASF/common/utils/stdio/read.o
 .comment       0x00000000       0x31 src/ASF/common/utils/stdio/read.o
 .debug_frame   0x00000000       0x34 src/ASF/common/utils/stdio/read.o
 COMMON         0x00000000        0x2 src/ASF/common/utils/stdio/read.o
 .group         0x00000000        0x8 src/ASF/common/utils/stdio/write.o
 .group         0x00000000        0x8 src/ASF/common/utils/stdio/write.o
 .group         0x00000000        0x8 src/ASF/common/utils/stdio/write.o
 .group         0x00000000        0x8 src/ASF/common/utils/stdio/write.o
 .group         0x00000000        0x8 src/ASF/common/utils/stdio/write.o
 .group         0x00000000        0x8 src/ASF/common/utils/stdio/write.o
 .group         0x00000000        0x8 src/ASF/common/utils/stdio/write.o
 .group         0x00000000        0x8 src/ASF/common/utils/stdio/write.o
 .group         0x00000000        0x8 src/ASF/common/utils/stdio/write.o
 .group         0x00000000        0x8 src/ASF/common/utils/stdio/write.o
 .group         0x00000000        0x8 src/ASF/common/utils/stdio/write.o
 .group         0x00000000        0x8 src/ASF/common/utils/stdio/write.o
 .group         0x00000000        0x8 src/ASF/common/utils/stdio/write.o
 .group         0x00000000        0x8 src/ASF/common/utils/stdio/write.o
 .group         0x00000000        0x8 src/ASF/common/utils/stdio/write.o
 .group         0x00000000        0x8 src/ASF/common/utils/stdio/write.o
 .group         0x00000000        0x8 src/ASF/common/utils/stdio/write.o
 .group         0x00000000        0x8 src/ASF/common/utils/stdio/write.o
 .group         0x00000000        0x8 src/ASF/common/utils/stdio/write.o
 .group         0x00000000        0x8 src/ASF/common/utils/stdio/write.o
 .group         0x00000000        0x8 src/ASF/common/utils/stdio/write.o
 .group         0x00000000        0x8 src/ASF/common/utils/stdio/write.o
 .group         0x00000000        0x8 src/ASF/common/utils/stdio/write.o
 .group         0x00000000        0x8 src/ASF/common/utils/stdio/write.o
 .group         0x00000000        0x8 src/ASF/common/utils/stdio/write.o
 .group         0x00000000        0x8 src/ASF/common/utils/stdio/write.o
 .group         0x00000000        0x8 src/ASF/common/utils/stdio/write.o
 .group         0x00000000        0x8 src/ASF/common/utils/stdio/write.o
 .group         0x00000000        0x8 src/ASF/common/utils/stdio/write.o
 .text          0x00000000        0x0 src/ASF/common/utils/stdio/write.o
 .data          0x00000000        0x0 src/ASF/common/utils/stdio/write.o
 .bss           0x00000000        0x0 src/ASF/common/utils/stdio/write.o
 .text._write   0x00000000       0x24 src/ASF/common/utils/stdio/write.o
 .debug_info    0x00000000      0x195 src/ASF/common/utils/stdio/write.o
 .debug_abbrev  0x00000000       0xfc src/ASF/common/utils/stdio/write.o
 .debug_loc     0x00000000       0x52 src/ASF/common/utils/stdio/write.o
 .debug_aranges
                0x00000000       0x20 src/ASF/common/utils/stdio/write.o
 .debug_ranges  0x00000000       0x10 src/ASF/common/utils/stdio/write.o
 .debug_macro   0x00000000      0x156 src/ASF/common/utils/stdio/write.o
 .debug_macro   0x00000000      0xa5a src/ASF/common/utils/stdio/write.o
 .debug_macro   0x00000000       0x10 src/ASF/common/utils/stdio/write.o
 .debug_macro   0x00000000      0x1ad src/ASF/common/utils/stdio/write.o
 .debug_macro   0x00000000      0x293 src/ASF/common/utils/stdio/write.o
 .debug_macro   0x00000000       0x9e src/ASF/common/utils/stdio/write.o
 .debug_macro   0x00000000     0x1291 src/ASF/common/utils/stdio/write.o
 .debug_macro   0x00000000      0x171 src/ASF/common/utils/stdio/write.o
 .debug_macro   0x00000000       0xbd src/ASF/common/utils/stdio/write.o
 .debug_macro   0x00000000       0x34 src/ASF/common/utils/stdio/write.o
 .debug_macro   0x00000000       0x18 src/ASF/common/utils/stdio/write.o
 .debug_macro   0x00000000       0x6c src/ASF/common/utils/stdio/write.o
 .debug_macro   0x00000000       0x22 src/ASF/common/utils/stdio/write.o
 .debug_macro   0x00000000      0x166 src/ASF/common/utils/stdio/write.o
 .debug_macro   0x00000000       0x1c src/ASF/common/utils/stdio/write.o
 .debug_macro   0x00000000       0x35 src/ASF/common/utils/stdio/write.o
 .debug_macro   0x00000000       0x66 src/ASF/common/utils/stdio/write.o
 .debug_macro   0x00000000      0x636 src/ASF/common/utils/stdio/write.o
 .debug_macro   0x00000000       0x2f src/ASF/common/utils/stdio/write.o
 .debug_macro   0x00000000       0x58 src/ASF/common/utils/stdio/write.o
 .debug_macro   0x00000000       0x10 src/ASF/common/utils/stdio/write.o
 .debug_macro   0x00000000       0xeb src/ASF/common/utils/stdio/write.o
 .debug_macro   0x00000000       0x5f src/ASF/common/utils/stdio/write.o
 .debug_macro   0x00000000       0x12 src/ASF/common/utils/stdio/write.o
 .debug_macro   0x00000000       0x69 src/ASF/common/utils/stdio/write.o
 .debug_macro   0x00000000       0x2c src/ASF/common/utils/stdio/write.o
 .debug_macro   0x00000000       0x10 src/ASF/common/utils/stdio/write.o
 .debug_macro   0x00000000       0xe2 src/ASF/common/utils/stdio/write.o
 .debug_macro   0x00000000       0x40 src/ASF/common/utils/stdio/write.o
 .debug_macro   0x00000000      0x100 src/ASF/common/utils/stdio/write.o
 .debug_line    0x00000000      0x376 src/ASF/common/utils/stdio/write.o
 .debug_str     0x00000000     0xf73d src/ASF/common/utils/stdio/write.o
 .comment       0x00000000       0x31 src/ASF/common/utils/stdio/write.o
 .debug_frame   0x00000000       0x24 src/ASF/common/utils/stdio/write.o
 COMMON         0x00000000        0x4 src/ASF/common/utils/stdio/write.o
 .group         0x00000000        0x8 src/ASF/common/utils/unit_test/suite.o
 .group         0x00000000        0x8 src/ASF/common/utils/unit_test/suite.o
 .group         0x00000000        0x8 src/ASF/common/utils/unit_test/suite.o
 .group         0x00000000        0x8 src/ASF/common/utils/unit_test/suite.o
 .group         0x00000000        0x8 src/ASF/common/utils/unit_test/suite.o
 .group         0x00000000        0x8 src/ASF/common/utils/unit_test/suite.o
 .group         0x00000000        0x8 src/ASF/common/utils/unit_test/suite.o
 .group         0x00000000        0x8 src/ASF/common/utils/unit_test/suite.o
 .group         0x00000000        0x8 src/ASF/common/utils/unit_test/suite.o
 .group         0x00000000        0x8 src/ASF/common/utils/unit_test/suite.o
 .group         0x00000000        0x8 src/ASF/common/utils/unit_test/suite.o
 .group         0x00000000        0x8 src/ASF/common/utils/unit_test/suite.o
 .group         0x00000000        0x8 src/ASF/common/utils/unit_test/suite.o
 .group         0x00000000        0x8 src/ASF/common/utils/unit_test/suite.o
 .group         0x00000000        0x8 src/ASF/common/utils/unit_test/suite.o
 .group         0x00000000        0x8 src/ASF/common/utils/unit_test/suite.o
 .group         0x00000000        0x8 src/ASF/common/utils/unit_test/suite.o
 .group         0x00000000        0x8 src/ASF/common/utils/unit_test/suite.o
 .group         0x00000000        0x8 src/ASF/common/utils/unit_test/suite.o
 .group         0x00000000        0x8 src/ASF/common/utils/unit_test/suite.o
 .group         0x00000000        0x8 src/ASF/common/utils/unit_test/suite.o
 .group         0x00000000        0x8 src/ASF/common/utils/unit_test/suite.o
 .group         0x00000000        0x8 src/ASF/common/utils/unit_test/suite.o
 .group         0x00000000        0x8 src/ASF/common/utils/unit_test/suite.o
 .group         0x00000000        0x8 src/ASF/common/utils/unit_test/suite.o
 .group         0x00000000        0x8 src/ASF/common/utils/unit_test/suite.o
 .group         0x00000000        0x8 src/ASF/common/utils/unit_test/suite.o
 .group         0x00000000        0x8 src/ASF/common/utils/unit_test/suite.o
 .group         0x00000000        0x8 src/ASF/common/utils/unit_test/suite.o
 .group         0x00000000        0x8 src/ASF/common/utils/unit_test/suite.o
 .text          0x00000000        0x0 src/ASF/common/utils/unit_test/suite.o
 .data          0x00000000        0x0 src/ASF/common/utils/unit_test/suite.o
 .bss           0x00000000        0x0 src/ASF/common/utils/unit_test/suite.o
 .text.test_call
                0x00000000       0x4c src/ASF/common/utils/unit_test/suite.o
 .rodata.str1.1
                0x00000000       0xec src/ASF/common/utils/unit_test/suite.o
 .text.test_case_fail
                0x00000000       0x70 src/ASF/common/utils/unit_test/suite.o
 .text.test_suite_run
                0x00000000      0x232 src/ASF/common/utils/unit_test/suite.o
 .bss.test_case_ptr
                0x00000000        0x2 src/ASF/common/utils/unit_test/suite.o
 .bss.test_failure_jmpbuf
                0x00000000       0x17 src/ASF/common/utils/unit_test/suite.o
 .debug_info    0x00000000      0x6c5 src/ASF/common/utils/unit_test/suite.o
 .debug_abbrev  0x00000000      0x317 src/ASF/common/utils/unit_test/suite.o
 .debug_loc     0x00000000      0x4dc src/ASF/common/utils/unit_test/suite.o
 .debug_aranges
                0x00000000       0x30 src/ASF/common/utils/unit_test/suite.o
 .debug_ranges  0x00000000       0x68 src/ASF/common/utils/unit_test/suite.o
 .debug_macro   0x00000000      0x163 src/ASF/common/utils/unit_test/suite.o
 .debug_macro   0x00000000      0xa5a src/ASF/common/utils/unit_test/suite.o
 .debug_macro   0x00000000       0x10 src/ASF/common/utils/unit_test/suite.o
 .debug_macro   0x00000000      0x1ad src/ASF/common/utils/unit_test/suite.o
 .debug_macro   0x00000000      0x293 src/ASF/common/utils/unit_test/suite.o
 .debug_macro   0x00000000       0x9e src/ASF/common/utils/unit_test/suite.o
 .debug_macro   0x00000000     0x1291 src/ASF/common/utils/unit_test/suite.o
 .debug_macro   0x00000000      0x171 src/ASF/common/utils/unit_test/suite.o
 .debug_macro   0x00000000       0xbd src/ASF/common/utils/unit_test/suite.o
 .debug_macro   0x00000000       0x34 src/ASF/common/utils/unit_test/suite.o
 .debug_macro   0x00000000       0x18 src/ASF/common/utils/unit_test/suite.o
 .debug_macro   0x00000000       0x6c src/ASF/common/utils/unit_test/suite.o
 .debug_macro   0x00000000       0x22 src/ASF/common/utils/unit_test/suite.o
 .debug_macro   0x00000000      0x166 src/ASF/common/utils/unit_test/suite.o
 .debug_macro   0x00000000       0x1c src/ASF/common/utils/unit_test/suite.o
 .debug_macro   0x00000000       0x35 src/ASF/common/utils/unit_test/suite.o
 .debug_macro   0x00000000       0x66 src/ASF/common/utils/unit_test/suite.o
 .debug_macro   0x00000000      0x636 src/ASF/common/utils/unit_test/suite.o
 .debug_macro   0x00000000       0x2f src/ASF/common/utils/unit_test/suite.o
 .debug_macro   0x00000000       0x58 src/ASF/common/utils/unit_test/suite.o
 .debug_macro   0x00000000       0x10 src/ASF/common/utils/unit_test/suite.o
 .debug_macro   0x00000000       0xeb src/ASF/common/utils/unit_test/suite.o
 .debug_macro   0x00000000       0x5f src/ASF/common/utils/unit_test/suite.o
 .debug_macro   0x00000000       0x12 src/ASF/common/utils/unit_test/suite.o
 .debug_macro   0x00000000       0x69 src/ASF/common/utils/unit_test/suite.o
 .debug_macro   0x00000000       0x2c src/ASF/common/utils/unit_test/suite.o
 .debug_macro   0x00000000       0x10 src/ASF/common/utils/unit_test/suite.o
 .debug_macro   0x00000000       0xe2 src/ASF/common/utils/unit_test/suite.o
 .debug_macro   0x00000000       0x40 src/ASF/common/utils/unit_test/suite.o
 .debug_macro   0x00000000      0x100 src/ASF/common/utils/unit_test/suite.o
 .debug_macro   0x00000000       0x10 src/ASF/common/utils/unit_test/suite.o
 .debug_line    0x00000000      0x495 src/ASF/common/utils/unit_test/suite.o
 .debug_str     0x00000000     0xf8c1 src/ASF/common/utils/unit_test/suite.o
 .comment       0x00000000       0x31 src/ASF/common/utils/unit_test/suite.o
 .debug_frame   0x00000000      0x150 src/ASF/common/utils/unit_test/suite.o
 COMMON         0x00000000        0x2 src/ASF/common/utils/unit_test/suite.o
 .group         0x00000000        0x8 src/ASF/common/boards/user_board/init.o
 .group         0x00000000        0x8 src/ASF/common/boards/user_board/init.o
 .group         0x00000000        0x8 src/ASF/common/boards/user_board/init.o
 .group         0x00000000        0x8 src/ASF/common/boards/user_board/init.o
 .group         0x00000000        0x8 src/ASF/common/boards/user_board/init.o
 .group         0x00000000        0x8 src/ASF/common/boards/user_board/init.o
 .group         0x00000000        0x8 src/ASF/common/boards/user_board/init.o
 .group         0x00000000        0x8 src/ASF/common/boards/user_board/init.o
 .group         0x00000000        0x8 src/ASF/common/boards/user_board/init.o
 .group         0x00000000        0x8 src/ASF/common/boards/user_board/init.o
 .group         0x00000000        0x8 src/ASF/common/boards/user_board/init.o
 .group         0x00000000        0x8 src/ASF/common/boards/user_board/init.o
 .group         0x00000000        0x8 src/ASF/common/boards/user_board/init.o
 .group         0x00000000        0x8 src/ASF/common/boards/user_board/init.o
 .group         0x00000000        0x8 src/ASF/common/boards/user_board/init.o
 .group         0x00000000        0x8 src/ASF/common/boards/user_board/init.o
 .group         0x00000000        0x8 src/ASF/common/boards/user_board/init.o
 .group         0x00000000        0x8 src/ASF/common/boards/user_board/init.o
 .group         0x00000000        0x8 src/ASF/common/boards/user_board/init.o
 .group         0x00000000        0x8 src/ASF/common/boards/user_board/init.o
 .group         0x00000000        0x8 src/ASF/common/boards/user_board/init.o
 .group         0x00000000        0x8 src/ASF/common/boards/user_board/init.o
 .group         0x00000000        0x8 src/ASF/common/boards/user_board/init.o
 .group         0x00000000        0x8 src/ASF/common/boards/user_board/init.o
 .group         0x00000000        0x8 src/ASF/common/boards/user_board/init.o
 .group         0x00000000        0x8 src/ASF/common/boards/user_board/init.o
 .group         0x00000000        0x8 src/ASF/common/boards/user_board/init.o
 .group         0x00000000        0x8 src/ASF/common/boards/user_board/init.o
 .group         0x00000000        0x8 src/ASF/common/boards/user_board/init.o
 .group         0x00000000        0x8 src/ASF/common/boards/user_board/init.o
 .group         0x00000000        0x8 src/ASF/common/boards/user_board/init.o
 .group         0x00000000        0x8 src/ASF/common/boards/user_board/init.o
 .group         0x00000000        0x8 src/ASF/common/boards/user_board/init.o
 .group         0x00000000        0x8 src/ASF/common/boards/user_board/init.o
 .group         0x00000000        0x8 src/ASF/common/boards/user_board/init.o
 .group         0x00000000        0x8 src/ASF/common/boards/user_board/init.o
 .group         0x00000000        0x8 src/ASF/common/boards/user_board/init.o
 .group         0x00000000        0x8 src/ASF/common/boards/user_board/init.o
 .group         0x00000000        0x8 src/ASF/common/boards/user_board/init.o
 .text          0x00000000        0x0 src/ASF/common/boards/user_board/init.o
 .data          0x00000000        0x0 src/ASF/common/boards/user_board/init.o
 .bss           0x00000000        0x0 src/ASF/common/boards/user_board/init.o
 .debug_macro   0x00000000      0xa5a src/ASF/common/boards/user_board/init.o
 .debug_macro   0x00000000       0x10 src/ASF/common/boards/user_board/init.o
 .debug_macro   0x00000000      0x1ad src/ASF/common/boards/user_board/init.o
 .debug_macro   0x00000000      0x293 src/ASF/common/boards/user_board/init.o
 .debug_macro   0x00000000       0x9e src/ASF/common/boards/user_board/init.o
 .debug_macro   0x00000000     0x1291 src/ASF/common/boards/user_board/init.o
 .debug_macro   0x00000000      0x171 src/ASF/common/boards/user_board/init.o
 .debug_macro   0x00000000       0xbd src/ASF/common/boards/user_board/init.o
 .debug_macro   0x00000000       0x34 src/ASF/common/boards/user_board/init.o
 .debug_macro   0x00000000       0x18 src/ASF/common/boards/user_board/init.o
 .debug_macro   0x00000000       0x6c src/ASF/common/boards/user_board/init.o
 .debug_macro   0x00000000       0x22 src/ASF/common/boards/user_board/init.o
 .debug_macro   0x00000000      0x166 src/ASF/common/boards/user_board/init.o
 .debug_macro   0x00000000       0x1c src/ASF/common/boards/user_board/init.o
 .debug_macro   0x00000000       0x35 src/ASF/common/boards/user_board/init.o
 .debug_macro   0x00000000       0x66 src/ASF/common/boards/user_board/init.o
 .debug_macro   0x00000000      0x636 src/ASF/common/boards/user_board/init.o
 .debug_macro   0x00000000       0x2f src/ASF/common/boards/user_board/init.o
 .debug_macro   0x00000000       0x58 src/ASF/common/boards/user_board/init.o
 .debug_macro   0x00000000       0x10 src/ASF/common/boards/user_board/init.o
 .debug_macro   0x00000000       0xeb src/ASF/common/boards/user_board/init.o
 .debug_macro   0x00000000       0x5f src/ASF/common/boards/user_board/init.o
 .debug_macro   0x00000000       0x12 src/ASF/common/boards/user_board/init.o
 .debug_macro   0x00000000       0x69 src/ASF/common/boards/user_board/init.o
 .debug_macro   0x00000000       0x2c src/ASF/common/boards/user_board/init.o
 .debug_macro   0x00000000       0x10 src/ASF/common/boards/user_board/init.o
 .debug_macro   0x00000000       0xe2 src/ASF/common/boards/user_board/init.o
 .debug_macro   0x00000000       0x40 src/ASF/common/boards/user_board/init.o
 .debug_macro   0x00000000      0x100 src/ASF/common/boards/user_board/init.o
 .debug_macro   0x00000000       0x3a src/ASF/common/boards/user_board/init.o
 .debug_macro   0x00000000      0x28e src/ASF/common/boards/user_board/init.o
 .debug_macro   0x00000000       0xa7 src/ASF/common/boards/user_board/init.o
 .group         0x00000000        0x8 src/main.o
 .group         0x00000000        0x8 src/main.o
 .group         0x00000000        0x8 src/main.o
 .group         0x00000000        0x8 src/main.o
 .group         0x00000000        0x8 src/main.o
 .group         0x00000000        0x8 src/main.o
 .group         0x00000000        0x8 src/main.o
 .group         0x00000000        0x8 src/main.o
 .group         0x00000000        0x8 src/main.o
 .group         0x00000000        0x8 src/main.o
 .group         0x00000000        0x8 src/main.o
 .group         0x00000000        0x8 src/main.o
 .group         0x00000000        0x8 src/main.o
 .group         0x00000000        0x8 src/main.o
 .group         0x00000000        0x8 src/main.o
 .group         0x00000000        0x8 src/main.o
 .group         0x00000000        0x8 src/main.o
 .group         0x00000000        0x8 src/main.o
 .group         0x00000000        0x8 src/main.o
 .group         0x00000000        0x8 src/main.o
 .group         0x00000000        0x8 src/main.o
 .group         0x00000000        0x8 src/main.o
 .group         0x00000000        0x8 src/main.o
 .group         0x00000000        0x8 src/main.o
 .group         0x00000000        0x8 src/main.o
 .group         0x00000000        0x8 src/main.o
 .group         0x00000000        0x8 src/main.o
 .group         0x00000000        0x8 src/main.o
 .group         0x00000000        0x8 src/main.o
 .group         0x00000000        0x8 src/main.o
 .group         0x00000000        0x8 src/main.o
 .group         0x00000000        0x8 src/main.o
 .group         0x00000000        0x8 src/main.o
 .group         0x00000000        0x8 src/main.o
 .group         0x00000000        0x8 src/main.o
 .group         0x00000000        0x8 src/main.o
 .group         0x00000000        0x8 src/main.o
 .group         0x00000000        0x8 src/main.o
 .group         0x00000000        0x8 src/main.o
 .text          0x00000000        0x0 src/main.o
 .data          0x00000000        0x0 src/main.o
 .bss           0x00000000        0x0 src/main.o
 .debug_macro   0x00000000      0xa5a src/main.o
 .debug_macro   0x00000000       0x10 src/main.o
 .debug_macro   0x00000000      0x1ad src/main.o
 .debug_macro   0x00000000      0x293 src/main.o
 .debug_macro   0x00000000       0x9e src/main.o
 .debug_macro   0x00000000     0x1291 src/main.o
 .debug_macro   0x00000000      0x171 src/main.o
 .debug_macro   0x00000000       0xbd src/main.o
 .debug_macro   0x00000000       0x34 src/main.o
 .debug_macro   0x00000000       0x18 src/main.o
 .debug_macro   0x00000000       0x6c src/main.o
 .debug_macro   0x00000000       0x22 src/main.o
 .debug_macro   0x00000000      0x166 src/main.o
 .debug_macro   0x00000000       0x1c src/main.o
 .debug_macro   0x00000000       0x35 src/main.o
 .debug_macro   0x00000000       0x66 src/main.o
 .debug_macro   0x00000000      0x636 src/main.o
 .debug_macro   0x00000000       0x2f src/main.o
 .debug_macro   0x00000000       0x58 src/main.o
 .debug_macro   0x00000000       0x10 src/main.o
 .debug_macro   0x00000000       0xeb src/main.o
 .debug_macro   0x00000000       0x5f src/main.o
 .debug_macro   0x00000000       0x12 src/main.o
 .debug_macro   0x00000000       0x69 src/main.o
 .debug_macro   0x00000000       0x2c src/main.o
 .debug_macro   0x00000000       0x10 src/main.o
 .debug_macro   0x00000000       0xe2 src/main.o
 .debug_macro   0x00000000       0x40 src/main.o
 .debug_macro   0x00000000      0x100 src/main.o
 .debug_macro   0x00000000       0x1c src/main.o
 .debug_macro   0x00000000       0x10 src/main.o
 .debug_macro   0x00000000       0x28 src/main.o
 .debug_macro   0x00000000       0x3a src/main.o
 .debug_macro   0x00000000      0x28e src/main.o
 .debug_macro   0x00000000       0xa7 src/main.o
 .debug_macro   0x00000000       0x28 src/main.o
 .debug_macro   0x00000000       0x23 src/main.o
 .debug_macro   0x00000000       0x5c src/main.o
 .debug_macro   0x00000000       0x40 src/main.o
 .text          0x00000000        0x0 c:/program files (x86)/atmel/studio/7.0/toolchain/avr8/avr8-gnu-toolchain/bin/../lib/gcc/avr/4.9.2/avr5\libgcc.a(_udivmodsi4.o)
 .data          0x00000000        0x0 c:/program files (x86)/atmel/studio/7.0/toolchain/avr8/avr8-gnu-toolchain/bin/../lib/gcc/avr/4.9.2/avr5\libgcc.a(_udivmodsi4.o)
 .bss           0x00000000        0x0 c:/program files (x86)/atmel/studio/7.0/toolchain/avr8/avr8-gnu-toolchain/bin/../lib/gcc/avr/4.9.2/avr5\libgcc.a(_udivmodsi4.o)
 .text.libgcc.mul
                0x00000000        0x0 c:/program files (x86)/atmel/studio/7.0/toolchain/avr8/avr8-gnu-toolchain/bin/../lib/gcc/avr/4.9.2/avr5\libgcc.a(_udivmodsi4.o)
 .text.libgcc.div
                0x00000000       0x44 c:/program files (x86)/atmel/studio/7.0/toolchain/avr8/avr8-gnu-toolchain/bin/../lib/gcc/avr/4.9.2/avr5\libgcc.a(_udivmodsi4.o)
 .text.libgcc   0x00000000        0x0 c:/program files (x86)/atmel/studio/7.0/toolchain/avr8/avr8-gnu-toolchain/bin/../lib/gcc/avr/4.9.2/avr5\libgcc.a(_udivmodsi4.o)
 .text.libgcc.prologue
                0x00000000        0x0 c:/program files (x86)/atmel/studio/7.0/toolchain/avr8/avr8-gnu-toolchain/bin/../lib/gcc/avr/4.9.2/avr5\libgcc.a(_udivmodsi4.o)
 .text.libgcc.builtins
                0x00000000        0x0 c:/program files (x86)/atmel/studio/7.0/toolchain/avr8/avr8-gnu-toolchain/bin/../lib/gcc/avr/4.9.2/avr5\libgcc.a(_udivmodsi4.o)
 .text.libgcc.fmul
                0x00000000        0x0 c:/program files (x86)/atmel/studio/7.0/toolchain/avr8/avr8-gnu-toolchain/bin/../lib/gcc/avr/4.9.2/avr5\libgcc.a(_udivmodsi4.o)
 .text.libgcc.fixed
                0x00000000        0x0 c:/program files (x86)/atmel/studio/7.0/toolchain/avr8/avr8-gnu-toolchain/bin/../lib/gcc/avr/4.9.2/avr5\libgcc.a(_udivmodsi4.o)
 .text          0x00000000        0x0 c:/program files (x86)/atmel/studio/7.0/toolchain/avr8/avr8-gnu-toolchain/bin/../lib/gcc/avr/4.9.2/avr5\libgcc.a(_exit.o)
 .data          0x00000000        0x0 c:/program files (x86)/atmel/studio/7.0/toolchain/avr8/avr8-gnu-toolchain/bin/../lib/gcc/avr/4.9.2/avr5\libgcc.a(_exit.o)
 .bss           0x00000000        0x0 c:/program files (x86)/atmel/studio/7.0/toolchain/avr8/avr8-gnu-toolchain/bin/../lib/gcc/avr/4.9.2/avr5\libgcc.a(_exit.o)
 .text.libgcc.mul
                0x00000000        0x0 c:/program files (x86)/atmel/studio/7.0/toolchain/avr8/avr8-gnu-toolchain/bin/../lib/gcc/avr/4.9.2/avr5\libgcc.a(_exit.o)
 .text.libgcc.div
                0x00000000        0x0 c:/program files (x86)/atmel/studio/7.0/toolchain/avr8/avr8-gnu-toolchain/bin/../lib/gcc/avr/4.9.2/avr5\libgcc.a(_exit.o)
 .text.libgcc   0x00000000        0x0 c:/program files (x86)/atmel/studio/7.0/toolchain/avr8/avr8-gnu-toolchain/bin/../lib/gcc/avr/4.9.2/avr5\libgcc.a(_exit.o)
 .text.libgcc.prologue
                0x00000000        0x0 c:/program files (x86)/atmel/studio/7.0/toolchain/avr8/avr8-gnu-toolchain/bin/../lib/gcc/avr/4.9.2/avr5\libgcc.a(_exit.o)
 .text.libgcc.builtins
                0x00000000        0x0 c:/program files (x86)/atmel/studio/7.0/toolchain/avr8/avr8-gnu-toolchain/bin/../lib/gcc/avr/4.9.2/avr5\libgcc.a(_exit.o)
 .text.libgcc.fmul
                0x00000000        0x0 c:/program files (x86)/atmel/studio/7.0/toolchain/avr8/avr8-gnu-toolchain/bin/../lib/gcc/avr/4.9.2/avr5\libgcc.a(_exit.o)
 .text.libgcc.fixed
                0x00000000        0x0 c:/program files (x86)/atmel/studio/7.0/toolchain/avr8/avr8-gnu-toolchain/bin/../lib/gcc/avr/4.9.2/avr5\libgcc.a(_exit.o)
 .text          0x00000000        0x0 c:/program files (x86)/atmel/studio/7.0/toolchain/avr8/avr8-gnu-toolchain/bin/../lib/gcc/avr/4.9.2/avr5\libgcc.a(_copy_data.o)
 .data          0x00000000        0x0 c:/program files (x86)/atmel/studio/7.0/toolchain/avr8/avr8-gnu-toolchain/bin/../lib/gcc/avr/4.9.2/avr5\libgcc.a(_copy_data.o)
 .bss           0x00000000        0x0 c:/program files (x86)/atmel/studio/7.0/toolchain/avr8/avr8-gnu-toolchain/bin/../lib/gcc/avr/4.9.2/avr5\libgcc.a(_copy_data.o)
 .text.libgcc.mul
                0x00000000        0x0 c:/program files (x86)/atmel/studio/7.0/toolchain/avr8/avr8-gnu-toolchain/bin/../lib/gcc/avr/4.9.2/avr5\libgcc.a(_copy_data.o)
 .text.libgcc.div
                0x00000000        0x0 c:/program files (x86)/atmel/studio/7.0/toolchain/avr8/avr8-gnu-toolchain/bin/../lib/gcc/avr/4.9.2/avr5\libgcc.a(_copy_data.o)
 .text.libgcc   0x00000000        0x0 c:/program files (x86)/atmel/studio/7.0/toolchain/avr8/avr8-gnu-toolchain/bin/../lib/gcc/avr/4.9.2/avr5\libgcc.a(_copy_data.o)
 .text.libgcc.prologue
                0x00000000        0x0 c:/program files (x86)/atmel/studio/7.0/toolchain/avr8/avr8-gnu-toolchain/bin/../lib/gcc/avr/4.9.2/avr5\libgcc.a(_copy_data.o)
 .text.libgcc.builtins
                0x00000000        0x0 c:/program files (x86)/atmel/studio/7.0/toolchain/avr8/avr8-gnu-toolchain/bin/../lib/gcc/avr/4.9.2/avr5\libgcc.a(_copy_data.o)
 .text.libgcc.fmul
                0x00000000        0x0 c:/program files (x86)/atmel/studio/7.0/toolchain/avr8/avr8-gnu-toolchain/bin/../lib/gcc/avr/4.9.2/avr5\libgcc.a(_copy_data.o)
 .text.libgcc.fixed
                0x00000000        0x0 c:/program files (x86)/atmel/studio/7.0/toolchain/avr8/avr8-gnu-toolchain/bin/../lib/gcc/avr/4.9.2/avr5\libgcc.a(_copy_data.o)
 .text          0x00000000        0x0 c:/program files (x86)/atmel/studio/7.0/toolchain/avr8/avr8-gnu-toolchain/bin/../lib/gcc/avr/4.9.2/avr5\libgcc.a(_clear_bss.o)
 .data          0x00000000        0x0 c:/program files (x86)/atmel/studio/7.0/toolchain/avr8/avr8-gnu-toolchain/bin/../lib/gcc/avr/4.9.2/avr5\libgcc.a(_clear_bss.o)
 .bss           0x00000000        0x0 c:/program files (x86)/atmel/studio/7.0/toolchain/avr8/avr8-gnu-toolchain/bin/../lib/gcc/avr/4.9.2/avr5\libgcc.a(_clear_bss.o)
 .text.libgcc.mul
                0x00000000        0x0 c:/program files (x86)/atmel/studio/7.0/toolchain/avr8/avr8-gnu-toolchain/bin/../lib/gcc/avr/4.9.2/avr5\libgcc.a(_clear_bss.o)
 .text.libgcc.div
                0x00000000        0x0 c:/program files (x86)/atmel/studio/7.0/toolchain/avr8/avr8-gnu-toolchain/bin/../lib/gcc/avr/4.9.2/avr5\libgcc.a(_clear_bss.o)
 .text.libgcc   0x00000000        0x0 c:/program files (x86)/atmel/studio/7.0/toolchain/avr8/avr8-gnu-toolchain/bin/../lib/gcc/avr/4.9.2/avr5\libgcc.a(_clear_bss.o)
 .text.libgcc.prologue
                0x00000000        0x0 c:/program files (x86)/atmel/studio/7.0/toolchain/avr8/avr8-gnu-toolchain/bin/../lib/gcc/avr/4.9.2/avr5\libgcc.a(_clear_bss.o)
 .text.libgcc.builtins
                0x00000000        0x0 c:/program files (x86)/atmel/studio/7.0/toolchain/avr8/avr8-gnu-toolchain/bin/../lib/gcc/avr/4.9.2/avr5\libgcc.a(_clear_bss.o)
 .text.libgcc.fmul
                0x00000000        0x0 c:/program files (x86)/atmel/studio/7.0/toolchain/avr8/avr8-gnu-toolchain/bin/../lib/gcc/avr/4.9.2/avr5\libgcc.a(_clear_bss.o)
 .text.libgcc.fixed
                0x00000000        0x0 c:/program files (x86)/atmel/studio/7.0/toolchain/avr8/avr8-gnu-toolchain/bin/../lib/gcc/avr/4.9.2/avr5\libgcc.a(_clear_bss.o)
 .text          0x00000000        0x0 c:/program files (x86)/atmel/studio/7.0/toolchain/avr8/avr8-gnu-toolchain/bin/../lib/gcc/avr/4.9.2/avr5\libgcc.a(_umulhisi3.o)
 .data          0x00000000        0x0 c:/program files (x86)/atmel/studio/7.0/toolchain/avr8/avr8-gnu-toolchain/bin/../lib/gcc/avr/4.9.2/avr5\libgcc.a(_umulhisi3.o)
 .bss           0x00000000        0x0 c:/program files (x86)/atmel/studio/7.0/toolchain/avr8/avr8-gnu-toolchain/bin/../lib/gcc/avr/4.9.2/avr5\libgcc.a(_umulhisi3.o)
 .text.libgcc.mul
                0x00000000       0x1e c:/program files (x86)/atmel/studio/7.0/toolchain/avr8/avr8-gnu-toolchain/bin/../lib/gcc/avr/4.9.2/avr5\libgcc.a(_umulhisi3.o)
 .text.libgcc.div
                0x00000000        0x0 c:/program files (x86)/atmel/studio/7.0/toolchain/avr8/avr8-gnu-toolchain/bin/../lib/gcc/avr/4.9.2/avr5\libgcc.a(_umulhisi3.o)
 .text.libgcc   0x00000000        0x0 c:/program files (x86)/atmel/studio/7.0/toolchain/avr8/avr8-gnu-toolchain/bin/../lib/gcc/avr/4.9.2/avr5\libgcc.a(_umulhisi3.o)
 .text.libgcc.prologue
                0x00000000        0x0 c:/program files (x86)/atmel/studio/7.0/toolchain/avr8/avr8-gnu-toolchain/bin/../lib/gcc/avr/4.9.2/avr5\libgcc.a(_umulhisi3.o)
 .text.libgcc.builtins
                0x00000000        0x0 c:/program files (x86)/atmel/studio/7.0/toolchain/avr8/avr8-gnu-toolchain/bin/../lib/gcc/avr/4.9.2/avr5\libgcc.a(_umulhisi3.o)
 .text.libgcc.fmul
                0x00000000        0x0 c:/program files (x86)/atmel/studio/7.0/toolchain/avr8/avr8-gnu-toolchain/bin/../lib/gcc/avr/4.9.2/avr5\libgcc.a(_umulhisi3.o)
 .text.libgcc.fixed
                0x00000000        0x0 c:/program files (x86)/atmel/studio/7.0/toolchain/avr8/avr8-gnu-toolchain/bin/../lib/gcc/avr/4.9.2/avr5\libgcc.a(_umulhisi3.o)
 .text          0x00000000        0x0 c:/program files (x86)/atmel/studio/7.0/toolchain/avr8/avr8-gnu-toolchain/bin/../lib/gcc/avr/4.9.2/avr5\libgcc.a(_usmulhisi3.o)
 .data          0x00000000        0x0 c:/program files (x86)/atmel/studio/7.0/toolchain/avr8/avr8-gnu-toolchain/bin/../lib/gcc/avr/4.9.2/avr5\libgcc.a(_usmulhisi3.o)
 .bss           0x00000000        0x0 c:/program files (x86)/atmel/studio/7.0/toolchain/avr8/avr8-gnu-toolchain/bin/../lib/gcc/avr/4.9.2/avr5\libgcc.a(_usmulhisi3.o)
 .text.libgcc.mul
                0x00000000        0xe c:/program files (x86)/atmel/studio/7.0/toolchain/avr8/avr8-gnu-toolchain/bin/../lib/gcc/avr/4.9.2/avr5\libgcc.a(_usmulhisi3.o)
 .text.libgcc.div
                0x00000000        0x0 c:/program files (x86)/atmel/studio/7.0/toolchain/avr8/avr8-gnu-toolchain/bin/../lib/gcc/avr/4.9.2/avr5\libgcc.a(_usmulhisi3.o)
 .text.libgcc   0x00000000        0x0 c:/program files (x86)/atmel/studio/7.0/toolchain/avr8/avr8-gnu-toolchain/bin/../lib/gcc/avr/4.9.2/avr5\libgcc.a(_usmulhisi3.o)
 .text.libgcc.prologue
                0x00000000        0x0 c:/program files (x86)/atmel/studio/7.0/toolchain/avr8/avr8-gnu-toolchain/bin/../lib/gcc/avr/4.9.2/avr5\libgcc.a(_usmulhisi3.o)
 .text.libgcc.builtins
                0x00000000        0x0 c:/program files (x86)/atmel/studio/7.0/toolchain/avr8/avr8-gnu-toolchain/bin/../lib/gcc/avr/4.9.2/avr5\libgcc.a(_usmulhisi3.o)
 .text.libgcc.fmul
                0x00000000        0x0 c:/program files (x86)/atmel/studio/7.0/toolchain/avr8/avr8-gnu-toolchain/bin/../lib/gcc/avr/4.9.2/avr5\libgcc.a(_usmulhisi3.o)
 .text.libgcc.fixed
                0x00000000        0x0 c:/program files (x86)/atmel/studio/7.0/toolchain/avr8/avr8-gnu-toolchain/bin/../lib/gcc/avr/4.9.2/avr5\libgcc.a(_usmulhisi3.o)
 .text          0x00000000        0x0 c:/program files (x86)/atmel/studio/7.0/toolchain/avr8/avr8-gnu-toolchain/bin/../lib/gcc/avr/4.9.2/avr5\libgcc.a(_muluhisi3.o)
 .data          0x00000000        0x0 c:/program files (x86)/atmel/studio/7.0/toolchain/avr8/avr8-gnu-toolchain/bin/../lib/gcc/avr/4.9.2/avr5\libgcc.a(_muluhisi3.o)
 .bss           0x00000000        0x0 c:/program files (x86)/atmel/studio/7.0/toolchain/avr8/avr8-gnu-toolchain/bin/../lib/gcc/avr/4.9.2/avr5\libgcc.a(_muluhisi3.o)
 .text.libgcc.mul
                0x00000000       0x16 c:/program files (x86)/atmel/studio/7.0/toolchain/avr8/avr8-gnu-toolchain/bin/../lib/gcc/avr/4.9.2/avr5\libgcc.a(_muluhisi3.o)
 .text.libgcc.div
                0x00000000        0x0 c:/program files (x86)/atmel/studio/7.0/toolchain/avr8/avr8-gnu-toolchain/bin/../lib/gcc/avr/4.9.2/avr5\libgcc.a(_muluhisi3.o)
 .text.libgcc   0x00000000        0x0 c:/program files (x86)/atmel/studio/7.0/toolchain/avr8/avr8-gnu-toolchain/bin/../lib/gcc/avr/4.9.2/avr5\libgcc.a(_muluhisi3.o)
 .text.libgcc.prologue
                0x00000000        0x0 c:/program files (x86)/atmel/studio/7.0/toolchain/avr8/avr8-gnu-toolchain/bin/../lib/gcc/avr/4.9.2/avr5\libgcc.a(_muluhisi3.o)
 .text.libgcc.builtins
                0x00000000        0x0 c:/program files (x86)/atmel/studio/7.0/toolchain/avr8/avr8-gnu-toolchain/bin/../lib/gcc/avr/4.9.2/avr5\libgcc.a(_muluhisi3.o)
 .text.libgcc.fmul
                0x00000000        0x0 c:/program files (x86)/atmel/studio/7.0/toolchain/avr8/avr8-gnu-toolchain/bin/../lib/gcc/avr/4.9.2/avr5\libgcc.a(_muluhisi3.o)
 .text.libgcc.fixed
                0x00000000        0x0 c:/program files (x86)/atmel/studio/7.0/toolchain/avr8/avr8-gnu-toolchain/bin/../lib/gcc/avr/4.9.2/avr5\libgcc.a(_muluhisi3.o)
 .text          0x00000000        0x0 c:/program files (x86)/atmel/studio/7.0/toolchain/avr8/avr8-gnu-toolchain/bin/../lib/gcc/avr/4.9.2/../../../../avr/lib/avr5\libc.a(setjmp.o)
 .data          0x00000000        0x0 c:/program files (x86)/atmel/studio/7.0/toolchain/avr8/avr8-gnu-toolchain/bin/../lib/gcc/avr/4.9.2/../../../../avr/lib/avr5\libc.a(setjmp.o)
 .bss           0x00000000        0x0 c:/program files (x86)/atmel/studio/7.0/toolchain/avr8/avr8-gnu-toolchain/bin/../lib/gcc/avr/4.9.2/../../../../avr/lib/avr5\libc.a(setjmp.o)
 .text.avr-libc
                0x00000000       0x82 c:/program files (x86)/atmel/studio/7.0/toolchain/avr8/avr8-gnu-toolchain/bin/../lib/gcc/avr/4.9.2/../../../../avr/lib/avr5\libc.a(setjmp.o)
 .text          0x00000000        0x0 c:/program files (x86)/atmel/studio/7.0/toolchain/avr8/avr8-gnu-toolchain/bin/../lib/gcc/avr/4.9.2/../../../../avr/lib/avr5\libc.a(fputc.o)
 .data          0x00000000        0x0 c:/program files (x86)/atmel/studio/7.0/toolchain/avr8/avr8-gnu-toolchain/bin/../lib/gcc/avr/4.9.2/../../../../avr/lib/avr5\libc.a(fputc.o)
 .bss           0x00000000        0x0 c:/program files (x86)/atmel/studio/7.0/toolchain/avr8/avr8-gnu-toolchain/bin/../lib/gcc/avr/4.9.2/../../../../avr/lib/avr5\libc.a(fputc.o)
 .text.avr-libc
                0x00000000       0x70 c:/program files (x86)/atmel/studio/7.0/toolchain/avr8/avr8-gnu-toolchain/bin/../lib/gcc/avr/4.9.2/../../../../avr/lib/avr5\libc.a(fputc.o)
 .comment       0x00000000       0x31 c:/program files (x86)/atmel/studio/7.0/toolchain/avr8/avr8-gnu-toolchain/bin/../lib/gcc/avr/4.9.2/../../../../avr/lib/avr5\libc.a(fputc.o)
 .text          0x00000000        0x0 c:/program files (x86)/atmel/studio/7.0/toolchain/avr8/avr8-gnu-toolchain/bin/../lib/gcc/avr/4.9.2/../../../../avr/lib/avr5\libc.a(iob.o)
 .data          0x00000000        0x0 c:/program files (x86)/atmel/studio/7.0/toolchain/avr8/avr8-gnu-toolchain/bin/../lib/gcc/avr/4.9.2/../../../../avr/lib/avr5\libc.a(iob.o)
 .bss           0x00000000        0x0 c:/program files (x86)/atmel/studio/7.0/toolchain/avr8/avr8-gnu-toolchain/bin/../lib/gcc/avr/4.9.2/../../../../avr/lib/avr5\libc.a(iob.o)
 .comment       0x00000000       0x31 c:/program files (x86)/atmel/studio/7.0/toolchain/avr8/avr8-gnu-toolchain/bin/../lib/gcc/avr/4.9.2/../../../../avr/lib/avr5\libc.a(iob.o)
 COMMON         0x00000000        0x6 c:/program files (x86)/atmel/studio/7.0/toolchain/avr8/avr8-gnu-toolchain/bin/../lib/gcc/avr/4.9.2/../../../../avr/lib/avr5\libc.a(iob.o)
 .text          0x00000000        0x0 c:/program files (x86)/atmel/studio/7.0/toolchain/avr8/avr8-gnu-toolchain/bin/../lib/gcc/avr/4.9.2/../../../../avr/lib/avr5\libc.a(printf.o)
 .data          0x00000000        0x0 c:/program files (x86)/atmel/studio/7.0/toolchain/avr8/avr8-gnu-toolchain/bin/../lib/gcc/avr/4.9.2/../../../../avr/lib/avr5\libc.a(printf.o)
 .bss           0x00000000        0x0 c:/program files (x86)/atmel/studio/7.0/toolchain/avr8/avr8-gnu-toolchain/bin/../lib/gcc/avr/4.9.2/../../../../avr/lib/avr5\libc.a(printf.o)
 .text.avr-libc
                0x00000000       0x2c c:/program files (x86)/atmel/studio/7.0/toolchain/avr8/avr8-gnu-toolchain/bin/../lib/gcc/avr/4.9.2/../../../../avr/lib/avr5\libc.a(printf.o)
 .comment       0x00000000       0x31 c:/program files (x86)/atmel/studio/7.0/toolchain/avr8/avr8-gnu-toolchain/bin/../lib/gcc/avr/4.9.2/../../../../avr/lib/avr5\libc.a(printf.o)
 .text          0x00000000        0x0 c:/program files (x86)/atmel/studio/7.0/toolchain/avr8/avr8-gnu-toolchain/bin/../lib/gcc/avr/4.9.2/../../../../avr/lib/avr5\libc.a(puts.o)
 .data          0x00000000        0x0 c:/program files (x86)/atmel/studio/7.0/toolchain/avr8/avr8-gnu-toolchain/bin/../lib/gcc/avr/4.9.2/../../../../avr/lib/avr5\libc.a(puts.o)
 .bss           0x00000000        0x0 c:/program files (x86)/atmel/studio/7.0/toolchain/avr8/avr8-gnu-toolchain/bin/../lib/gcc/avr/4.9.2/../../../../avr/lib/avr5\libc.a(puts.o)
 .text.avr-libc
                0x00000000       0x60 c:/program files (x86)/atmel/studio/7.0/toolchain/avr8/avr8-gnu-toolchain/bin/../lib/gcc/avr/4.9.2/../../../../avr/lib/avr5\libc.a(puts.o)
 .comment       0x00000000       0x31 c:/program files (x86)/atmel/studio/7.0/toolchain/avr8/avr8-gnu-toolchain/bin/../lib/gcc/avr/4.9.2/../../../../avr/lib/avr5\libc.a(puts.o)
 .text          0x00000000        0x0 c:/program files (x86)/atmel/studio/7.0/toolchain/avr8/avr8-gnu-toolchain/bin/../lib/gcc/avr/4.9.2/../../../../avr/lib/avr5\libc.a(vfprintf_std.o)
 .data          0x00000000        0x0 c:/program files (x86)/atmel/studio/7.0/toolchain/avr8/avr8-gnu-toolchain/bin/../lib/gcc/avr/4.9.2/../../../../avr/lib/avr5\libc.a(vfprintf_std.o)
 .bss           0x00000000        0x0 c:/program files (x86)/atmel/studio/7.0/toolchain/avr8/avr8-gnu-toolchain/bin/../lib/gcc/avr/4.9.2/../../../../avr/lib/avr5\libc.a(vfprintf_std.o)
 .text.avr-libc
                0x00000000      0x3a4 c:/program files (x86)/atmel/studio/7.0/toolchain/avr8/avr8-gnu-toolchain/bin/../lib/gcc/avr/4.9.2/../../../../avr/lib/avr5\libc.a(vfprintf_std.o)
 .comment       0x00000000       0x2d c:/program files (x86)/atmel/studio/7.0/toolchain/avr8/avr8-gnu-toolchain/bin/../lib/gcc/avr/4.9.2/../../../../avr/lib/avr5\libc.a(vfprintf_std.o)
 .text          0x00000000        0x0 c:/program files (x86)/atmel/studio/7.0/toolchain/avr8/avr8-gnu-toolchain/bin/../lib/gcc/avr/4.9.2/../../../../avr/lib/avr5\libc.a(strnlen_P.o)
 .data          0x00000000        0x0 c:/program files (x86)/atmel/studio/7.0/toolchain/avr8/avr8-gnu-toolchain/bin/../lib/gcc/avr/4.9.2/../../../../avr/lib/avr5\libc.a(strnlen_P.o)
 .bss           0x00000000        0x0 c:/program files (x86)/atmel/studio/7.0/toolchain/avr8/avr8-gnu-toolchain/bin/../lib/gcc/avr/4.9.2/../../../../avr/lib/avr5\libc.a(strnlen_P.o)
 .text.avr-libc
                0x00000000       0x16 c:/program files (x86)/atmel/studio/7.0/toolchain/avr8/avr8-gnu-toolchain/bin/../lib/gcc/avr/4.9.2/../../../../avr/lib/avr5\libc.a(strnlen_P.o)
 .text          0x00000000        0x0 c:/program files (x86)/atmel/studio/7.0/toolchain/avr8/avr8-gnu-toolchain/bin/../lib/gcc/avr/4.9.2/../../../../avr/lib/avr5\libc.a(strnlen.o)
 .data          0x00000000        0x0 c:/program files (x86)/atmel/studio/7.0/toolchain/avr8/avr8-gnu-toolchain/bin/../lib/gcc/avr/4.9.2/../../../../avr/lib/avr5\libc.a(strnlen.o)
 .bss           0x00000000        0x0 c:/program files (x86)/atmel/studio/7.0/toolchain/avr8/avr8-gnu-toolchain/bin/../lib/gcc/avr/4.9.2/../../../../avr/lib/avr5\libc.a(strnlen.o)
 .text.avr-libc
                0x00000000       0x16 c:/program files (x86)/atmel/studio/7.0/toolchain/avr8/avr8-gnu-toolchain/bin/../lib/gcc/avr/4.9.2/../../../../avr/lib/avr5\libc.a(strnlen.o)
 .text          0x00000000        0x0 c:/program files (x86)/atmel/studio/7.0/toolchain/avr8/avr8-gnu-toolchain/bin/../lib/gcc/avr/4.9.2/../../../../avr/lib/avr5\libc.a(ultoa_invert.o)
 .data          0x00000000        0x0 c:/program files (x86)/atmel/studio/7.0/toolchain/avr8/avr8-gnu-toolchain/bin/../lib/gcc/avr/4.9.2/../../../../avr/lib/avr5\libc.a(ultoa_invert.o)
 .bss           0x00000000        0x0 c:/program files (x86)/atmel/studio/7.0/toolchain/avr8/avr8-gnu-toolchain/bin/../lib/gcc/avr/4.9.2/../../../../avr/lib/avr5\libc.a(ultoa_invert.o)
 .text.avr-libc
                0x00000000       0xbc c:/program files (x86)/atmel/studio/7.0/toolchain/avr8/avr8-gnu-toolchain/bin/../lib/gcc/avr/4.9.2/../../../../avr/lib/avr5\libc.a(ultoa_invert.o)
 .text          0x00000000        0x0 c:/program files (x86)/atmel/studio/7.0/toolchain/avr8/avr8-gnu-toolchain/bin/../lib/gcc/avr/4.9.2/avr5\libgcc.a(_prologue.o)
 .data          0x00000000        0x0 c:/program files (x86)/atmel/studio/7.0/toolchain/avr8/avr8-gnu-toolchain/bin/../lib/gcc/avr/4.9.2/avr5\libgcc.a(_prologue.o)
 .bss           0x00000000        0x0 c:/program files (x86)/atmel/studio/7.0/toolchain/avr8/avr8-gnu-toolchain/bin/../lib/gcc/avr/4.9.2/avr5\libgcc.a(_prologue.o)
 .text.libgcc.mul
                0x00000000        0x0 c:/program files (x86)/atmel/studio/7.0/toolchain/avr8/avr8-gnu-toolchain/bin/../lib/gcc/avr/4.9.2/avr5\libgcc.a(_prologue.o)
 .text.libgcc.div
                0x00000000        0x0 c:/program files (x86)/atmel/studio/7.0/toolchain/avr8/avr8-gnu-toolchain/bin/../lib/gcc/avr/4.9.2/avr5\libgcc.a(_prologue.o)
 .text.libgcc   0x00000000        0x0 c:/program files (x86)/atmel/studio/7.0/toolchain/avr8/avr8-gnu-toolchain/bin/../lib/gcc/avr/4.9.2/avr5\libgcc.a(_prologue.o)
 .text.libgcc.prologue
                0x00000000       0x38 c:/program files (x86)/atmel/studio/7.0/toolchain/avr8/avr8-gnu-toolchain/bin/../lib/gcc/avr/4.9.2/avr5\libgcc.a(_prologue.o)
 .text.libgcc.builtins
                0x00000000        0x0 c:/program files (x86)/atmel/studio/7.0/toolchain/avr8/avr8-gnu-toolchain/bin/../lib/gcc/avr/4.9.2/avr5\libgcc.a(_prologue.o)
 .text.libgcc.fmul
                0x00000000        0x0 c:/program files (x86)/atmel/studio/7.0/toolchain/avr8/avr8-gnu-toolchain/bin/../lib/gcc/avr/4.9.2/avr5\libgcc.a(_prologue.o)
 .text.libgcc.fixed
                0x00000000        0x0 c:/program files (x86)/atmel/studio/7.0/toolchain/avr8/avr8-gnu-toolchain/bin/../lib/gcc/avr/4.9.2/avr5\libgcc.a(_prologue.o)
 .text          0x00000000        0x0 c:/program files (x86)/atmel/studio/7.0/toolchain/avr8/avr8-gnu-toolchain/bin/../lib/gcc/avr/4.9.2/avr5\libgcc.a(_epilogue.o)
 .data          0x00000000        0x0 c:/program files (x86)/atmel/studio/7.0/toolchain/avr8/avr8-gnu-toolchain/bin/../lib/gcc/avr/4.9.2/avr5\libgcc.a(_epilogue.o)
 .bss           0x00000000        0x0 c:/program files (x86)/atmel/studio/7.0/toolchain/avr8/avr8-gnu-toolchain/bin/../lib/gcc/avr/4.9.2/avr5\libgcc.a(_epilogue.o)
 .text.libgcc.mul
                0x00000000        0x0 c:/program files (x86)/atmel/studio/7.0/toolchain/avr8/avr8-gnu-toolchain/bin/../lib/gcc/avr/4.9.2/avr5\libgcc.a(_epilogue.o)
 .text.libgcc.div
                0x00000000        0x0 c:/program files (x86)/atmel/studio/7.0/toolchain/avr8/avr8-gnu-toolchain/bin/../lib/gcc/avr/4.9.2/avr5\libgcc.a(_epilogue.o)
 .text.libgcc   0x00000000        0x0 c:/program files (x86)/atmel/studio/7.0/toolchain/avr8/avr8-gnu-toolchain/bin/../lib/gcc/avr/4.9.2/avr5\libgcc.a(_epilogue.o)
 .text.libgcc.prologue
                0x00000000       0x36 c:/program files (x86)/atmel/studio/7.0/toolchain/avr8/avr8-gnu-toolchain/bin/../lib/gcc/avr/4.9.2/avr5\libgcc.a(_epilogue.o)
 .text.libgcc.builtins
                0x00000000        0x0 c:/program files (x86)/atmel/studio/7.0/toolchain/avr8/avr8-gnu-toolchain/bin/../lib/gcc/avr/4.9.2/avr5\libgcc.a(_epilogue.o)
 .text.libgcc.fmul
                0x00000000        0x0 c:/program files (x86)/atmel/studio/7.0/toolchain/avr8/avr8-gnu-toolchain/bin/../lib/gcc/avr/4.9.2/avr5\libgcc.a(_epilogue.o)
 .text.libgcc.fixed
                0x00000000        0x0 c:/program files (x86)/atmel/studio/7.0/toolchain/avr8/avr8-gnu-toolchain/bin/../lib/gcc/avr/4.9.2/avr5\libgcc.a(_epilogue.o)

Memory Configuration

Name             Origin             Length             Attributes
text             0x00000000         0x00020000         xr
data             0x00800060         0x0000ffa0         rw !x
eeprom           0x00810000         0x00010000         rw !x
fuse             0x00820000         0x00000400         rw !x
lock             0x00830000         0x00000400         rw !x
signature        0x00840000         0x00000400         rw !x
user_signatures  0x00850000         0x00000400         rw !x
*default*        0x00000000         0xffffffff

Linker script and memory map

Address of section .data set to 0x800100
LOAD C:/Program Files (x86)/Atmel/Studio/7.0/Packs/atmel/ATmega_DFP/1.0.90/gcc/dev/atmega164pa/avr5/crtatmega164pa.o
LOAD src/ASF/common/services/calendar/calendar.o
LOAD src/ASF/common/services/clock/mega/sysclk.o
LOAD src/ASF/common/utils/stdio/read.o
LOAD src/ASF/common/utils/stdio/write.o
LOAD src/ASF/common/utils/unit_test/suite.o
LOAD src/ASF/common/boards/user_board/init.o
LOAD src/main.o
START GROUP
LOAD c:/program files (x86)/atmel/studio/7.0/toolchain/avr8/avr8-gnu-toolchain/bin/../lib/gcc/avr/4.9.2/../../../../avr/lib/avr5\libm.a
END GROUP
START GROUP
LOAD c:/program files (x86)/atmel/studio/7.0/toolchain/avr8/avr8-gnu-toolchain/bin/../lib/gcc/avr/4.9.2/avr5\libgcc.a
LOAD c:/program files (x86)/atmel/studio/7.0/toolchain/avr8/avr8-gnu-toolchain/bin/../lib/gcc/avr/4.9.2/../../../../avr/lib/avr5\libm.a
LOAD c:/program files (x86)/atmel/studio/7.0/toolchain/avr8/avr8-gnu-toolchain/bin/../lib/gcc/avr/4.9.2/../../../../avr/lib/avr5\libc.a
LOAD C:/Program Files (x86)/Atmel/Studio/7.0/Packs/atmel/ATmega_DFP/1.0.90/gcc/dev/atmega164pa/avr5\libatmega164pa.a
END GROUP

.hash
 *(.hash)

.dynsym
 *(.dynsym)

.dynstr
 *(.dynstr)

.gnu.version
 *(.gnu.version)

.gnu.version_d
 *(.gnu.version_d)

.gnu.version_r
 *(.gnu.version_r)

.rel.init
 *(.rel.init)

.rela.init
 *(.rela.init)

.rel.text
 *(.rel.text)
 *(.rel.text.*)
 *(.rel.gnu.linkonce.t*)

.rela.text
 *(.rela.text)
 *(.rela.text.*)
 *(.rela.gnu.linkonce.t*)

.rel.fini
 *(.rel.fini)

.rela.fini
 *(.rela.fini)

.rel.rodata
 *(.rel.rodata)
 *(.rel.rodata.*)
 *(.rel.gnu.linkonce.r*)

.rela.rodata
 *(.rela.rodata)
 *(.rela.rodata.*)
 *(.rela.gnu.linkonce.r*)

.rel.data
 *(.rel.data)
 *(.rel.data.*)
 *(.rel.gnu.linkonce.d*)

.rela.data
 *(.rela.data)
 *(.rela.data.*)
 *(.rela.gnu.linkonce.d*)

.rel.ctors
 *(.rel.ctors)

.rela.ctors
 *(.rela.ctors)

.rel.dtors
 *(.rel.dtors)

.rela.dtors
 *(.rela.dtors)

.rel.got
 *(.rel.got)

.rela.got
 *(.rela.got)

.rel.bss
 *(.rel.bss)

.rela.bss
 *(.rela.bss)

.rel.plt
 *(.rel.plt)

.rela.plt
 *(.rela.plt)

.text           0x00000000       0xf2
 *(.vectors)
 .vectors       0x00000000       0x7c C:/Program Files (x86)/Atmel/Studio/7.0/Packs/atmel/ATmega_DFP/1.0.90/gcc/dev/atmega164pa/avr5/crtatmega164pa.o
                0x00000000                __vector_default
                0x00000000                __vectors
 *(.vectors)
 *(.progmem.gcc*)
                0x0000007c                . = ALIGN (0x2)
                0x0000007c                __trampolines_start = .
 *(.trampolines)
 .trampolines   0x0000007c        0x0 linker stubs
 *(.trampolines*)
                0x0000007c                __trampolines_end = .
 *(.progmem*)
                0x0000007c                . = ALIGN (0x2)
 *(.jumptables)
 *(.jumptables*)
 *(.lowtext)
 *(.lowtext*)
                0x0000007c                __ctors_start = .
 *(.ctors)
                0x0000007c                __ctors_end = .
                0x0000007c                __dtors_start = .
 *(.dtors)
                0x0000007c                __dtors_end = .
 SORT(*)(.ctors)
 SORT(*)(.dtors)
 *(.init0)
 .init0         0x0000007c        0x0 C:/Program Files (x86)/Atmel/Studio/7.0/Packs/atmel/ATmega_DFP/1.0.90/gcc/dev/atmega164pa/avr5/crtatmega164pa.o
                0x0000007c                __init
 *(.init0)
 *(.init1)
 *(.init1)
 *(.init2)
 .init2         0x0000007c        0xc C:/Program Files (x86)/Atmel/Studio/7.0/Packs/atmel/ATmega_DFP/1.0.90/gcc/dev/atmega164pa/avr5/crtatmega164pa.o
 *(.init2)
 *(.init3)
 *(.init3)
 *(.init4)
 .init4         0x00000088       0x16 c:/program files (x86)/atmel/studio/7.0/toolchain/avr8/avr8-gnu-toolchain/bin/../lib/gcc/avr/4.9.2/avr5\libgcc.a(_copy_data.o)
                0x00000088                __do_copy_data
 .init4         0x0000009e       0x10 c:/program files (x86)/atmel/studio/7.0/toolchain/avr8/avr8-gnu-toolchain/bin/../lib/gcc/avr/4.9.2/avr5\libgcc.a(_clear_bss.o)
                0x0000009e                __do_clear_bss
 *(.init4)
 *(.init5)
 *(.init5)
 *(.init6)
 *(.init6)
 *(.init7)
 *(.init7)
 *(.init8)
 *(.init8)
 *(.init9)
 .init9         0x000000ae        0x4 C:/Program Files (x86)/Atmel/Studio/7.0/Packs/atmel/ATmega_DFP/1.0.90/gcc/dev/atmega164pa/avr5/crtatmega164pa.o
 *(.init9)
 *(.text)
 .text          0x000000b2        0x2 C:/Program Files (x86)/Atmel/Studio/7.0/Packs/atmel/ATmega_DFP/1.0.90/gcc/dev/atmega164pa/avr5/crtatmega164pa.o
                0x000000b2                __vector_22
                0x000000b2                __vector_28
                0x000000b2                __vector_1
                0x000000b2                __vector_24
                0x000000b2                __vector_12
                0x000000b2                __bad_interrupt
                0x000000b2                __vector_6
                0x000000b2                __vector_3
                0x000000b2                __vector_23
                0x000000b2                __vector_30
                0x000000b2                __vector_25
                0x000000b2                __vector_11
                0x000000b2                __vector_13
                0x000000b2                __vector_17
                0x000000b2                __vector_19
                0x000000b2                __vector_7
                0x000000b2                __vector_27
                0x000000b2                __vector_5
                0x000000b2                __vector_4
                0x000000b2                __vector_9
                0x000000b2                __vector_2
                0x000000b2                __vector_21
                0x000000b2                __vector_15
                0x000000b2                __vector_29
                0x000000b2                __vector_8
                0x000000b2                __vector_26
                0x000000b2                __vector_14
                0x000000b2                __vector_10
                0x000000b2                __vector_16
                0x000000b2                __vector_18
                0x000000b2                __vector_20
                0x000000b4                . = ALIGN (0x2)
 *(.text.*)
 .text.sysclk_init
                0x000000b4       0x2a src/ASF/common/services/clock/mega/sysclk.o
                0x000000b4                sysclk_init
 .text.board_init
                0x000000de        0x2 src/ASF/common/boards/user_board/init.o
                0x000000de                board_init
 .text.main     0x000000e0        0xe src/main.o
                0x000000e0                main
                0x000000ee                . = ALIGN (0x2)
 *(.fini9)
 .fini9         0x000000ee        0x0 c:/program files (x86)/atmel/studio/7.0/toolchain/avr8/avr8-gnu-toolchain/bin/../lib/gcc/avr/4.9.2/avr5\libgcc.a(_exit.o)
                0x000000ee                _exit
                0x000000ee                exit
 *(.fini9)
 *(.fini8)
 *(.fini8)
 *(.fini7)
 *(.fini7)
 *(.fini6)
 *(.fini6)
 *(.fini5)
 *(.fini5)
 *(.fini4)
 *(.fini4)
 *(.fini3)
 *(.fini3)
 *(.fini2)
 *(.fini2)
 *(.fini1)
 *(.fini1)
 *(.fini0)
 .fini0         0x000000ee        0x4 c:/program files (x86)/atmel/studio/7.0/toolchain/avr8/avr8-gnu-toolchain/bin/../lib/gcc/avr/4.9.2/avr5\libgcc.a(_exit.o)
 *(.fini0)
                0x000000f2                _etext = .

.data           0x00800100        0x0 load address 0x000000f2
                0x00800100                PROVIDE (__data_start, .)
 *(.data)
 *(.data*)
 *(.rodata)
 *(.rodata*)
 *(.gnu.linkonce.d*)
                0x00800100                . = ALIGN (0x2)
                0x00800100                _edata = .
                0x00800100                PROVIDE (__data_end, .)

.bss            0x00800100        0x0
                0x00800100                PROVIDE (__bss_start, .)
 *(.bss)
 *(.bss*)
 *(COMMON)
                0x00800100                PROVIDE (__bss_end, .)
                0x000000f2                __data_load_start = LOADADDR (.data)
                0x000000f2                __data_load_end = (__data_load_start + SIZEOF (.data))

.noinit         0x00800060        0x0
                0x00800060                PROVIDE (__noinit_start, .)
 *(.noinit*)
                0x00800060                PROVIDE (__noinit_end, .)
                0x00800060                _end = .
                0x00800060                PROVIDE (__heap_start, .)

.eeprom         0x00810000        0x0
 *(.eeprom*)
                0x00810000                __eeprom_end = .

.fuse
 *(.fuse)
 *(.lfuse)
 *(.hfuse)
 *(.efuse)

.lock
 *(.lock*)

.signature
 *(.signature*)

.user_signatures
 *(.user_signatures*)

.stab
 *(.stab)

.stabstr
 *(.stabstr)

.stab.excl
 *(.stab.excl)

.stab.exclstr
 *(.stab.exclstr)

.stab.index
 *(.stab.index)

.stab.indexstr
 *(.stab.indexstr)

.comment        0x00000000       0x30
 *(.comment)
 .comment       0x00000000       0x30 src/ASF/common/services/clock/mega/sysclk.o
                                 0x31 (size before relaxing)
 .comment       0x00000030       0x31 src/ASF/common/boards/user_board/init.o
 .comment       0x00000030       0x31 src/main.o

.note.gnu.avr.deviceinfo
                0x00000000       0x40
 .note.gnu.avr.deviceinfo
                0x00000000       0x40 C:/Program Files (x86)/Atmel/Studio/7.0/Packs/atmel/ATmega_DFP/1.0.90/gcc/dev/atmega164pa/avr5/crtatmega164pa.o

.note.gnu.build-id
 *(.note.gnu.build-id)

.debug
 *(.debug)

.line
 *(.line)

.debug_srcinfo
 *(.debug_srcinfo)

.debug_sfnames
 *(.debug_sfnames)

.debug_aranges  0x00000000       0x70
 *(.debug_aranges)
 .debug_aranges
                0x00000000       0x30 src/ASF/common/services/clock/mega/sysclk.o
 .debug_aranges
                0x00000030       0x20 src/ASF/common/boards/user_board/init.o
 .debug_aranges
                0x00000050       0x20 src/main.o

.debug_pubnames
 *(.debug_pubnames)

.debug_info     0x00000000      0x5ab
 *(.debug_info .gnu.linkonce.wi.*)
 .debug_info    0x00000000      0x347 src/ASF/common/services/clock/mega/sysclk.o
 .debug_info    0x00000347      0x114 src/ASF/common/boards/user_board/init.o
 .debug_info    0x0000045b      0x150 src/main.o

.debug_abbrev   0x00000000      0x379
 *(.debug_abbrev)
 .debug_abbrev  0x00000000      0x1f4 src/ASF/common/services/clock/mega/sysclk.o
 .debug_abbrev  0x000001f4       0xac src/ASF/common/boards/user_board/init.o
 .debug_abbrev  0x000002a0       0xd9 src/main.o

.debug_line     0x00000000     0x110d
 *(.debug_line .debug_line.* .debug_line_end)
 .debug_line    0x00000000      0x4d3 src/ASF/common/services/clock/mega/sysclk.o
 .debug_line    0x000004d3      0x60c src/ASF/common/boards/user_board/init.o
 .debug_line    0x00000adf      0x62e src/main.o

.debug_frame    0x00000000       0x8c
 *(.debug_frame)
 .debug_frame   0x00000000       0x44 src/ASF/common/services/clock/mega/sysclk.o
 .debug_frame   0x00000044       0x24 src/ASF/common/boards/user_board/init.o
 .debug_frame   0x00000068       0x24 src/main.o

.debug_str      0x00000000    0x108c9
 *(.debug_str)
 .debug_str     0x00000000    0x1007d src/ASF/common/services/clock/mega/sysclk.o
                              0x10280 (size before relaxing)
 .debug_str     0x0001007d      0x839 src/ASF/common/boards/user_board/init.o
                              0x109ea (size before relaxing)
 .debug_str     0x000108b6       0x13 src/main.o
                              0x109e6 (size before relaxing)

.debug_loc      0x00000000      0x11a
 *(.debug_loc)
 .debug_loc     0x00000000      0x11a src/ASF/common/services/clock/mega/sysclk.o

.debug_macinfo
 *(.debug_macinfo)

.debug_weaknames
 *(.debug_weaknames)

.debug_funcnames
 *(.debug_funcnames)

.debug_typenames
 *(.debug_typenames)

.debug_varnames
 *(.debug_varnames)

.debug_pubtypes
 *(.debug_pubtypes)

.debug_ranges   0x00000000       0x40
 *(.debug_ranges)
 .debug_ranges  0x00000000       0x20 src/ASF/common/services/clock/mega/sysclk.o
 .debug_ranges  0x00000020       0x10 src/ASF/common/boards/user_board/init.o
 .debug_ranges  0x00000030       0x10 src/main.o

.debug_macro    0x00000000      0xa74
 *(.debug_macro)
 .debug_macro   0x00000000      0x196 src/ASF/common/services/clock/mega/sysclk.o
 .debug_macro   0x00000196       0x3a src/ASF/common/services/clock/mega/sysclk.o
 .debug_macro   0x000001d0      0x28e src/ASF/common/services/clock/mega/sysclk.o
 .debug_macro   0x0000045e       0xa7 src/ASF/common/services/clock/mega/sysclk.o
 .debug_macro   0x00000505      0x21a src/ASF/common/boards/user_board/init.o
 .debug_macro   0x0000071f       0x1c src/ASF/common/boards/user_board/init.o
 .debug_macro   0x0000073b       0x10 src/ASF/common/boards/user_board/init.o
 .debug_macro   0x0000074b       0x28 src/ASF/common/boards/user_board/init.o
 .debug_macro   0x00000773       0x28 src/ASF/common/boards/user_board/init.o
 .debug_macro   0x0000079b       0x23 src/ASF/common/boards/user_board/init.o
 .debug_macro   0x000007be       0x5c src/ASF/common/boards/user_board/init.o
 .debug_macro   0x0000081a       0x40 src/ASF/common/boards/user_board/init.o
 .debug_macro   0x0000085a      0x21a src/main.o
OUTPUT(STPWM3.elf elf32-avr)
LOAD linker stubs
