<html>
<body>
<pre>
<h1>µVision Build Log</h1>
<h2>Project:</h2>
D:\work\Keil\mobiledetector\mobiledetector_r2\ - êîïèÿ_test\MDK-ARM\mobiledetector_r2.uvproj
Project File Date:  01/31/2017

<h2>Output:</h2>
Build target 'mobiledetector_r2'
compiling system_stm32l1xx.c...
compiling stm32l1xx_hal_flash.c...
compiling stm32l1xx_hal.c...
compiling stm32l1xx_hal_adc.c...
compiling stm32l1xx_hal_pcd.c...
compiling stm32l1xx_hal_flash_ramfunc.c...
compiling stm32l1xx_hal_dma.c...
compiling stm32l1xx_hal_cortex.c...
compiling stm32l1xx_hal_adc_ex.c...
compiling stm32l1xx_hal_pwr_ex.c...
compiling stm32l1xx_hal_iwdg.c...
compiling stm32l1xx_hal_uart.c...
compiling stm32l1xx_hal_rcc_ex.c...
compiling stm32l1xx_hal_pcd_ex.c...
compiling stm32l1xx_hal_i2c.c...
compiling stm32l1xx_hal_tim.c...
compiling stm32l1xx_hal_tim_ex.c...
compiling stm32l1xx_hal_flash_ex.c...
compiling stm32l1xx_hal_gpio.c...
compiling stm32l1xx_hal_rcc.c...
compiling stm32l1xx_hal_pwr.c...
compiling adc.c...
compiling usart.c...
compiling gpio.c...
compiling i2c.c...
compiling stm32l1xx_it.c...
compiling iwdg.c...
compiling main.c...
compiling stm32l1xx_hal_msp.c...
compiling tim.c...
compiling usb.c...
assembling startup_stm32l152xb.s...
linking...
Program Size: Code=11322 RO-data=310 RW-data=8 ZI-data=1984  
"mobiledetector_r2\mobiledetector_r2.axf" - 0 Error(s), 0 Warning(s).
</pre>
</body>
</html>
