ARM Linker, 5.03 [Build 76] [MDK-ARM Professional]

==============================================================================

Section Cross References

    system_stm32l1xx.o(i.SystemCoreClockUpdate) refers to system_stm32l1xx.o(.data) for SystemCoreClock
    system_stm32l1xx.o(i.SystemCoreClockUpdate) refers to system_stm32l1xx.o(.constdata) for PLLMulTable
    stm32l1xx_hal.o(i.HAL_DeInit) refers to stm32l1xx_hal.o(i.HAL_MspDeInit) for HAL_MspDeInit
    stm32l1xx_hal.o(i.HAL_Delay) refers to stm32l1xx_hal.o(i.HAL_GetTick) for HAL_GetTick
    stm32l1xx_hal.o(i.HAL_GetTick) refers to stm32l1xx_hal.o(.data) for uwTick
    stm32l1xx_hal.o(i.HAL_IncTick) refers to stm32l1xx_hal.o(.data) for uwTick
    stm32l1xx_hal.o(i.HAL_Init) refers to stm32l1xx_hal_cortex.o(i.HAL_NVIC_SetPriorityGrouping) for HAL_NVIC_SetPriorityGrouping
    stm32l1xx_hal.o(i.HAL_Init) refers to stm32l1xx_hal.o(i.HAL_InitTick) for HAL_InitTick
    stm32l1xx_hal.o(i.HAL_Init) refers to stm32l1xx_hal_msp.o(i.HAL_MspInit) for HAL_MspInit
    stm32l1xx_hal.o(i.HAL_InitTick) refers to stm32l1xx_hal_cortex.o(i.HAL_SYSTICK_Config) for HAL_SYSTICK_Config
    stm32l1xx_hal.o(i.HAL_InitTick) refers to stm32l1xx_hal_cortex.o(i.HAL_NVIC_SetPriority) for HAL_NVIC_SetPriority
    stm32l1xx_hal.o(i.HAL_InitTick) refers to system_stm32l1xx.o(.data) for SystemCoreClock
    stm32l1xx_hal_adc.o(i.ADC_ConversionStop_Disable) refers to stm32l1xx_hal.o(i.HAL_GetTick) for HAL_GetTick
    stm32l1xx_hal_adc.o(i.ADC_DMAConvCplt) refers to stm32l1xx_hal_adc.o(i.HAL_ADC_ConvCpltCallback) for HAL_ADC_ConvCpltCallback
    stm32l1xx_hal_adc.o(i.ADC_DMAError) refers to stm32l1xx_hal_adc.o(i.HAL_ADC_ErrorCallback) for HAL_ADC_ErrorCallback
    stm32l1xx_hal_adc.o(i.ADC_DMAHalfConvCplt) refers to stm32l1xx_hal_adc.o(i.HAL_ADC_ConvHalfCpltCallback) for HAL_ADC_ConvHalfCpltCallback
    stm32l1xx_hal_adc.o(i.ADC_Enable) refers to stm32l1xx_hal.o(i.HAL_GetTick) for HAL_GetTick
    stm32l1xx_hal_adc.o(i.ADC_Enable) refers to system_stm32l1xx.o(.data) for SystemCoreClock
    stm32l1xx_hal_adc.o(i.HAL_ADC_ConfigChannel) refers to system_stm32l1xx.o(.data) for SystemCoreClock
    stm32l1xx_hal_adc.o(i.HAL_ADC_DeInit) refers to stm32l1xx_hal_adc.o(i.ADC_ConversionStop_Disable) for ADC_ConversionStop_Disable
    stm32l1xx_hal_adc.o(i.HAL_ADC_DeInit) refers to adc.o(i.HAL_ADC_MspDeInit) for HAL_ADC_MspDeInit
    stm32l1xx_hal_adc.o(i.HAL_ADC_IRQHandler) refers to stm32l1xx_hal_adc.o(i.HAL_ADC_ConvCpltCallback) for HAL_ADC_ConvCpltCallback
    stm32l1xx_hal_adc.o(i.HAL_ADC_IRQHandler) refers to stm32l1xx_hal_adc_ex.o(i.HAL_ADCEx_InjectedConvCpltCallback) for HAL_ADCEx_InjectedConvCpltCallback
    stm32l1xx_hal_adc.o(i.HAL_ADC_IRQHandler) refers to stm32l1xx_hal_adc.o(i.HAL_ADC_LevelOutOfWindowCallback) for HAL_ADC_LevelOutOfWindowCallback
    stm32l1xx_hal_adc.o(i.HAL_ADC_IRQHandler) refers to stm32l1xx_hal_adc.o(i.HAL_ADC_ErrorCallback) for HAL_ADC_ErrorCallback
    stm32l1xx_hal_adc.o(i.HAL_ADC_Init) refers to adc.o(i.HAL_ADC_MspInit) for HAL_ADC_MspInit
    stm32l1xx_hal_adc.o(i.HAL_ADC_PollForConversion) refers to stm32l1xx_hal.o(i.HAL_GetTick) for HAL_GetTick
    stm32l1xx_hal_adc.o(i.HAL_ADC_PollForEvent) refers to stm32l1xx_hal.o(i.HAL_GetTick) for HAL_GetTick
    stm32l1xx_hal_adc.o(i.HAL_ADC_Start) refers to stm32l1xx_hal_adc.o(i.ADC_Enable) for ADC_Enable
    stm32l1xx_hal_adc.o(i.HAL_ADC_Start_DMA) refers to stm32l1xx_hal_adc.o(i.ADC_Enable) for ADC_Enable
    stm32l1xx_hal_adc.o(i.HAL_ADC_Start_DMA) refers to stm32l1xx_hal_dma.o(i.HAL_DMA_Start_IT) for HAL_DMA_Start_IT
    stm32l1xx_hal_adc.o(i.HAL_ADC_Start_DMA) refers to stm32l1xx_hal_adc.o(i.ADC_DMAConvCplt) for ADC_DMAConvCplt
    stm32l1xx_hal_adc.o(i.HAL_ADC_Start_DMA) refers to stm32l1xx_hal_adc.o(i.ADC_DMAHalfConvCplt) for ADC_DMAHalfConvCplt
    stm32l1xx_hal_adc.o(i.HAL_ADC_Start_DMA) refers to stm32l1xx_hal_adc.o(i.ADC_DMAError) for ADC_DMAError
    stm32l1xx_hal_adc.o(i.HAL_ADC_Start_IT) refers to stm32l1xx_hal_adc.o(i.ADC_Enable) for ADC_Enable
    stm32l1xx_hal_adc.o(i.HAL_ADC_Stop) refers to stm32l1xx_hal_adc.o(i.ADC_ConversionStop_Disable) for ADC_ConversionStop_Disable
    stm32l1xx_hal_adc.o(i.HAL_ADC_Stop_DMA) refers to stm32l1xx_hal_adc.o(i.ADC_ConversionStop_Disable) for ADC_ConversionStop_Disable
    stm32l1xx_hal_adc.o(i.HAL_ADC_Stop_DMA) refers to stm32l1xx_hal_dma.o(i.HAL_DMA_Abort) for HAL_DMA_Abort
    stm32l1xx_hal_adc.o(i.HAL_ADC_Stop_IT) refers to stm32l1xx_hal_adc.o(i.ADC_ConversionStop_Disable) for ADC_ConversionStop_Disable
    stm32l1xx_hal_flash_ex.o(i.FLASH_DATAEEPROM_FastProgramByte) refers to stm32l1xx_hal_flash.o(i.FLASH_WaitForLastOperation) for FLASH_WaitForLastOperation
    stm32l1xx_hal_flash_ex.o(i.FLASH_DATAEEPROM_FastProgramByte) refers to stm32l1xx_hal_flash_ex.o(i.HAL_FLASHEx_DATAEEPROM_Erase) for HAL_FLASHEx_DATAEEPROM_Erase
[...]
    Removing stm32l1xx_hal_tim.o(i.TIM_SlaveTimer_SetConfig), (162 bytes).
    Removing stm32l1xx_hal_tim.o(i.TIM_TI1_SetConfig), (108 bytes).
    Removing stm32l1xx_hal_tim.o(i.TIM_TI2_SetConfig), (62 bytes).
    Removing stm32l1xx_hal_tim.o(i.TIM_TI3_SetConfig), (60 bytes).
    Removing stm32l1xx_hal_tim.o(i.TIM_TI4_SetConfig), (64 bytes).
    Removing stm32l1xx_hal_iwdg.o(.rev16_text), (4 bytes).
    Removing stm32l1xx_hal_iwdg.o(.revsh_text), (4 bytes).
    Removing stm32l1xx_hal_iwdg.o(.rrx_text), (6 bytes).
    Removing stm32l1xx_hal_iwdg.o(i.HAL_IWDG_Init), (80 bytes).
    Removing stm32l1xx_hal_iwdg.o(i.HAL_IWDG_Refresh), (14 bytes).
    Removing stm32l1xx_hal_pcd_ex.o(.rev16_text), (4 bytes).
    Removing stm32l1xx_hal_pcd_ex.o(.revsh_text), (4 bytes).
    Removing stm32l1xx_hal_pcd_ex.o(.rrx_text), (6 bytes).
    Removing stm32l1xx_hal_pcd_ex.o(i.HAL_PCDEx_PMAConfig), (68 bytes).
    Removing stm32l1xx_hal_uart.o(.rev16_text), (4 bytes).
    Removing stm32l1xx_hal_uart.o(.revsh_text), (4 bytes).
    Removing stm32l1xx_hal_uart.o(.rrx_text), (6 bytes).
    Removing stm32l1xx_hal_uart.o(i.HAL_HalfDuplex_EnableReceiver), (64 bytes).
    Removing stm32l1xx_hal_uart.o(i.HAL_HalfDuplex_EnableTransmitter), (66 bytes).
    Removing stm32l1xx_hal_uart.o(i.HAL_HalfDuplex_Init), (114 bytes).
    Removing stm32l1xx_hal_uart.o(i.HAL_LIN_Init), (130 bytes).
    Removing stm32l1xx_hal_uart.o(i.HAL_LIN_SendBreak), (62 bytes).
    Removing stm32l1xx_hal_uart.o(i.HAL_MultiProcessor_EnterMuteMode), (62 bytes).
    Removing stm32l1xx_hal_uart.o(i.HAL_MultiProcessor_ExitMuteMode), (62 bytes).
    Removing stm32l1xx_hal_uart.o(i.HAL_MultiProcessor_Init), (134 bytes).
    Removing stm32l1xx_hal_uart.o(i.HAL_UART_DMAPause), (118 bytes).
    Removing stm32l1xx_hal_uart.o(i.HAL_UART_DMAResume), (156 bytes).
    Removing stm32l1xx_hal_uart.o(i.HAL_UART_DMAStop), (46 bytes).
    Removing stm32l1xx_hal_uart.o(i.HAL_UART_DeInit), (68 bytes).
    Removing stm32l1xx_hal_uart.o(i.HAL_UART_GetState), (8 bytes).
    Removing stm32l1xx_hal_uart.o(i.HAL_UART_MspDeInit), (2 bytes).
    Removing stm32l1xx_hal_uart.o(i.HAL_UART_MspInit), (2 bytes).
    Removing stm32l1xx_hal_uart.o(i.HAL_UART_Receive), (248 bytes).
    Removing stm32l1xx_hal_uart.o(i.HAL_UART_Receive_DMA), (160 bytes).
    Removing stm32l1xx_hal_uart.o(i.HAL_UART_Receive_IT), (134 bytes).
    Removing stm32l1xx_hal_uart.o(i.HAL_UART_RxCpltCallback), (2 bytes).
    Removing stm32l1xx_hal_uart.o(i.HAL_UART_RxHalfCpltCallback), (2 bytes).
    Removing stm32l1xx_hal_uart.o(i.HAL_UART_Transmit), (240 bytes).
    Removing stm32l1xx_hal_uart.o(i.HAL_UART_Transmit_DMA), (168 bytes).
    Removing stm32l1xx_hal_uart.o(i.HAL_UART_TxCpltCallback), (2 bytes).
    Removing stm32l1xx_hal_uart.o(i.HAL_UART_TxHalfCpltCallback), (2 bytes).
    Removing stm32l1xx_hal_uart.o(i.UART_DMAError), (34 bytes).
    Removing stm32l1xx_hal_uart.o(i.UART_DMAReceiveCplt), (62 bytes).
    Removing stm32l1xx_hal_uart.o(i.UART_DMARxHalfCplt), (14 bytes).
    Removing stm32l1xx_hal_uart.o(i.UART_DMATransmitCplt), (54 bytes).
    Removing stm32l1xx_hal_uart.o(i.UART_DMATxHalfCplt), (14 bytes).
    Removing stm32l1xx_hal_uart.o(i.UART_Receive_IT), (190 bytes).
    Removing stm32l1xx_hal_uart.o(i.UART_WaitOnFlagUntilTimeout), (250 bytes).
    Removing stm32l1xx_hal_dma.o(.rev16_text), (4 bytes).
    Removing stm32l1xx_hal_dma.o(.revsh_text), (4 bytes).
    Removing stm32l1xx_hal_dma.o(.rrx_text), (6 bytes).
    Removing stm32l1xx_hal_dma.o(i.DMA_SetConfig), (44 bytes).
    Removing stm32l1xx_hal_dma.o(i.HAL_DMA_Abort), (58 bytes).
    Removing stm32l1xx_hal_dma.o(i.HAL_DMA_Abort_IT), (88 bytes).
    Removing stm32l1xx_hal_dma.o(i.HAL_DMA_DeInit), (96 bytes).
    Removing stm32l1xx_hal_dma.o(i.HAL_DMA_GetError), (6 bytes).
    Removing stm32l1xx_hal_dma.o(i.HAL_DMA_GetState), (8 bytes).
    Removing stm32l1xx_hal_dma.o(i.HAL_DMA_IRQHandler), (230 bytes).
    Removing stm32l1xx_hal_dma.o(i.HAL_DMA_Init), (112 bytes).
    Removing stm32l1xx_hal_dma.o(i.HAL_DMA_PollForTransfer), (242 bytes).
    Removing stm32l1xx_hal_dma.o(i.HAL_DMA_RegisterCallback), (90 bytes).
    Removing stm32l1xx_hal_dma.o(i.HAL_DMA_Start), (114 bytes).
    Removing stm32l1xx_hal_dma.o(i.HAL_DMA_Start_IT), (156 bytes).
    Removing stm32l1xx_hal_dma.o(i.HAL_DMA_UnRegisterCallback), (108 bytes).
    Removing stm32l1xx_hal_i2c.o(.rev16_text), (4 bytes).
    Removing stm32l1xx_hal_i2c.o(.revsh_text), (4 bytes).
    Removing stm32l1xx_hal_i2c.o(.rrx_text), (6 bytes).
    Removing stm32l1xx_hal_i2c.o(i.HAL_I2C_AbortCpltCallback), (2 bytes).
    Removing stm32l1xx_hal_i2c.o(i.HAL_I2C_AddrCallback), (2 bytes).
    Removing stm32l1xx_hal_i2c.o(i.HAL_I2C_DeInit), (60 bytes).
    Removing stm32l1xx_hal_i2c.o(i.HAL_I2C_DisableListen_IT), (70 bytes).
    Removing stm32l1xx_hal_i2c.o(i.HAL_I2C_ER_IRQHandler), (212 bytes).
    Removing stm32l1xx_hal_i2c.o(i.HAL_I2C_EV_IRQHandler), (372 bytes).
    Removing stm32l1xx_hal_i2c.o(i.HAL_I2C_EnableListen_IT), (70 bytes).
    Removing stm32l1xx_hal_i2c.o(i.HAL_I2C_ErrorCallback), (2 bytes).
    Removing stm32l1xx_hal_i2c.o(i.HAL_I2C_GetError), (6 bytes).
    Removing stm32l1xx_hal_i2c.o(i.HAL_I2C_GetMode), (8 bytes).
    Removing stm32l1xx_hal_i2c.o(i.HAL_I2C_GetState), (8 bytes).
    Removing stm32l1xx_hal_i2c.o(i.HAL_I2C_IsDeviceReady), (404 bytes).
    Removing stm32l1xx_hal_i2c.o(i.HAL_I2C_ListenCpltCallback), (2 bytes).
    Removing stm32l1xx_hal_i2c.o(i.HAL_I2C_MasterRxCpltCallback), (2 bytes).
    Removing stm32l1xx_hal_i2c.o(i.HAL_I2C_MasterTxCpltCallback), (2 bytes).
    Removing stm32l1xx_hal_i2c.o(i.HAL_I2C_Master_Abort_IT), (110 bytes).
    Removing stm32l1xx_hal_i2c.o(i.HAL_I2C_Master_Receive_DMA), (364 bytes).
    Removing stm32l1xx_hal_i2c.o(i.HAL_I2C_Master_Receive_IT), (240 bytes).
    Removing stm32l1xx_hal_i2c.o(i.HAL_I2C_Master_Sequential_Receive_IT), (304 bytes).
    Removing stm32l1xx_hal_i2c.o(i.HAL_I2C_Master_Sequential_Transmit_IT), (272 bytes).
    Removing stm32l1xx_hal_i2c.o(i.HAL_I2C_Master_Transmit_DMA), (364 bytes).
    Removing stm32l1xx_hal_i2c.o(i.HAL_I2C_Master_Transmit_IT), (228 bytes).
    Removing stm32l1xx_hal_i2c.o(i.HAL_I2C_MemRxCpltCallback), (2 bytes).
    Removing stm32l1xx_hal_i2c.o(i.HAL_I2C_MemTxCpltCallback), (2 bytes).
    Removing stm32l1xx_hal_i2c.o(i.HAL_I2C_Mem_Read), (772 bytes).
    Removing stm32l1xx_hal_i2c.o(i.HAL_I2C_Mem_Read_DMA), (352 bytes).
    Removing stm32l1xx_hal_i2c.o(i.HAL_I2C_Mem_Read_IT), (380 bytes).
    Removing stm32l1xx_hal_i2c.o(i.HAL_I2C_Mem_Write), (396 bytes).
    Removing stm32l1xx_hal_i2c.o(i.HAL_I2C_Mem_Write_DMA), (324 bytes).
    Removing stm32l1xx_hal_i2c.o(i.HAL_I2C_Mem_Write_IT), (236 bytes).
    Removing stm32l1xx_hal_i2c.o(i.HAL_I2C_MspDeInit), (2 bytes).
    Removing stm32l1xx_hal_i2c.o(i.HAL_I2C_MspInit), (2 bytes).
    Removing stm32l1xx_hal_i2c.o(i.HAL_I2C_SlaveRxCpltCallback), (2 bytes).
    Removing stm32l1xx_hal_i2c.o(i.HAL_I2C_SlaveTxCpltCallback), (2 bytes).
    Removing stm32l1xx_hal_i2c.o(i.HAL_I2C_Slave_Receive), (408 bytes).
    Removing stm32l1xx_hal_i2c.o(i.HAL_I2C_Slave_Receive_DMA), (216 bytes).
    Removing stm32l1xx_hal_i2c.o(i.HAL_I2C_Slave_Receive_IT), (148 bytes).
    Removing stm32l1xx_hal_i2c.o(i.HAL_I2C_Slave_Sequential_Receive_IT), (154 bytes).
    Removing stm32l1xx_hal_i2c.o(i.HAL_I2C_Slave_Sequential_Transmit_IT), (154 bytes).
    Removing stm32l1xx_hal_i2c.o(i.HAL_I2C_Slave_Transmit), (412 bytes).
    Removing stm32l1xx_hal_i2c.o(i.HAL_I2C_Slave_Transmit_DMA), (216 bytes).
    Removing stm32l1xx_hal_i2c.o(i.HAL_I2C_Slave_Transmit_IT), (152 bytes).
    Removing stm32l1xx_hal_i2c.o(i.I2C_DMAAbort), (104 bytes).
    Removing stm32l1xx_hal_i2c.o(i.I2C_DMAError), (50 bytes).
    Removing stm32l1xx_hal_i2c.o(i.I2C_DMAXferCplt), (166 bytes).
    Removing stm32l1xx_hal_i2c.o(i.I2C_ITError), (368 bytes).
    Removing stm32l1xx_hal_i2c.o(i.I2C_MasterReceive_BTF), (260 bytes).
    Removing stm32l1xx_hal_i2c.o(i.I2C_MasterReceive_RXNE), (224 bytes).
    Removing stm32l1xx_hal_i2c.o(i.I2C_MasterTransmit_BTF), (164 bytes).
    Removing stm32l1xx_hal_i2c.o(i.I2C_MasterTransmit_TXE), (208 bytes).
    Removing stm32l1xx_hal_i2c.o(i.I2C_Master_ADD10), (14 bytes).
    Removing stm32l1xx_hal_i2c.o(i.I2C_Master_ADDR), (564 bytes).
    Removing stm32l1xx_hal_i2c.o(i.I2C_Master_SB), (130 bytes).
    Removing stm32l1xx_hal_i2c.o(i.I2C_RequestMemoryRead), (344 bytes).
    Removing stm32l1xx_hal_i2c.o(i.I2C_RequestMemoryWrite), (224 bytes).
    Removing stm32l1xx_hal_i2c.o(i.I2C_SlaveReceive_BTF), (30 bytes).
    Removing stm32l1xx_hal_i2c.o(i.I2C_SlaveReceive_RXNE), (72 bytes).
    Removing stm32l1xx_hal_i2c.o(i.I2C_SlaveTransmit_BTF), (28 bytes).
    Removing stm32l1xx_hal_i2c.o(i.I2C_SlaveTransmit_TXE), (70 bytes).
    Removing stm32l1xx_hal_i2c.o(i.I2C_Slave_ADDR), (54 bytes).
    Removing stm32l1xx_hal_i2c.o(i.I2C_Slave_AF), (168 bytes).
    Removing stm32l1xx_hal_i2c.o(i.I2C_Slave_STOPF), (284 bytes).
    Removing stm32l1xx_hal_i2c.o(i.I2C_WaitOnSTOPFlagUntilTimeout), (82 bytes).
    Removing stm32l1xx_hal_pcd.o(.rev16_text), (4 bytes).
    Removing stm32l1xx_hal_pcd.o(.revsh_text), (4 bytes).
    Removing stm32l1xx_hal_pcd.o(.rrx_text), (6 bytes).
    Removing stm32l1xx_hal_pcd.o(i.HAL_PCDEx_SetConnectionState), (2 bytes).
    Removing stm32l1xx_hal_pcd.o(i.HAL_PCD_ActivateRemoteWakeup), (22 bytes).
    Removing stm32l1xx_hal_pcd.o(i.HAL_PCD_ConnectCallback), (2 bytes).
    Removing stm32l1xx_hal_pcd.o(i.HAL_PCD_DataInStageCallback), (2 bytes).
    Removing stm32l1xx_hal_pcd.o(i.HAL_PCD_DataOutStageCallback), (2 bytes).
    Removing stm32l1xx_hal_pcd.o(i.HAL_PCD_DeActivateRemoteWakeup), (22 bytes).
    Removing stm32l1xx_hal_pcd.o(i.HAL_PCD_DeInit), (38 bytes).
    Removing stm32l1xx_hal_pcd.o(i.HAL_PCD_DevConnect), (48 bytes).
    Removing stm32l1xx_hal_pcd.o(i.HAL_PCD_DevDisconnect), (48 bytes).
    Removing stm32l1xx_hal_pcd.o(i.HAL_PCD_DisconnectCallback), (2 bytes).
    Removing stm32l1xx_hal_pcd.o(i.HAL_PCD_EP_Close), (690 bytes).
    Removing stm32l1xx_hal_pcd.o(i.HAL_PCD_EP_ClrStall), (288 bytes).
    Removing stm32l1xx_hal_pcd.o(i.HAL_PCD_EP_Flush), (6 bytes).
    Removing stm32l1xx_hal_pcd.o(i.HAL_PCD_EP_GetRxCount), (24 bytes).
    Removing stm32l1xx_hal_pcd.o(i.HAL_PCD_EP_Open), (1304 bytes).
    Removing stm32l1xx_hal_pcd.o(i.HAL_PCD_EP_Receive), (470 bytes).
    Removing stm32l1xx_hal_pcd.o(i.HAL_PCD_EP_SetStall), (234 bytes).
    Removing stm32l1xx_hal_pcd.o(i.HAL_PCD_EP_Transmit), (550 bytes).
    Removing stm32l1xx_hal_pcd.o(i.HAL_PCD_GetState), (8 bytes).
    Removing stm32l1xx_hal_pcd.o(i.HAL_PCD_IRQHandler), (356 bytes).
    Removing stm32l1xx_hal_pcd.o(i.HAL_PCD_ISOINIncompleteCallback), (2 bytes).
    Removing stm32l1xx_hal_pcd.o(i.HAL_PCD_ISOOUTIncompleteCallback), (2 bytes).
    Removing stm32l1xx_hal_pcd.o(i.HAL_PCD_MspDeInit), (2 bytes).
    Removing stm32l1xx_hal_pcd.o(i.HAL_PCD_MspInit), (2 bytes).
    Removing stm32l1xx_hal_pcd.o(i.HAL_PCD_ResetCallback), (2 bytes).
    Removing stm32l1xx_hal_pcd.o(i.HAL_PCD_ResumeCallback), (2 bytes).
    Removing stm32l1xx_hal_pcd.o(i.HAL_PCD_SOFCallback), (2 bytes).
    Removing stm32l1xx_hal_pcd.o(i.HAL_PCD_SetAddress), (54 bytes).
    Removing stm32l1xx_hal_pcd.o(i.HAL_PCD_SetupStageCallback), (2 bytes).
    Removing stm32l1xx_hal_pcd.o(i.HAL_PCD_Start), (16 bytes).
    Removing stm32l1xx_hal_pcd.o(i.HAL_PCD_Stop), (60 bytes).
    Removing stm32l1xx_hal_pcd.o(i.HAL_PCD_SuspendCallback), (2 bytes).
    Removing stm32l1xx_hal_pcd.o(i.PCD_EP_ISR_Handler), (1090 bytes).
    Removing stm32l1xx_hal_pcd.o(i.PCD_ReadPMA), (36 bytes).
    Removing stm32l1xx_hal_pcd.o(i.PCD_WritePMA), (58 bytes).
    Removing stm32l1xx_hal_adc_ex.o(.rev16_text), (4 bytes).
    Removing stm32l1xx_hal_adc_ex.o(.revsh_text), (4 bytes).
    Removing stm32l1xx_hal_adc_ex.o(.rrx_text), (6 bytes).
    Removing stm32l1xx_hal_adc_ex.o(i.HAL_ADCEx_InjectedConfigChannel), (636 bytes).
    Removing stm32l1xx_hal_adc_ex.o(i.HAL_ADCEx_InjectedConvCpltCallback), (2 bytes).
    Removing stm32l1xx_hal_adc_ex.o(i.HAL_ADCEx_InjectedGetValue), (50 bytes).
    Removing stm32l1xx_hal_adc_ex.o(i.HAL_ADCEx_InjectedPollForConversion), (316 bytes).
    Removing stm32l1xx_hal_adc_ex.o(i.HAL_ADCEx_InjectedStart), (116 bytes).
    Removing stm32l1xx_hal_adc_ex.o(i.HAL_ADCEx_InjectedStart_IT), (128 bytes).
    Removing stm32l1xx_hal_adc_ex.o(i.HAL_ADCEx_InjectedStop), (94 bytes).
    Removing stm32l1xx_hal_adc_ex.o(i.HAL_ADCEx_InjectedStop_IT), (106 bytes).
    Removing stm32l1xx_it.o(.rev16_text), (4 bytes).
    Removing stm32l1xx_it.o(.revsh_text), (4 bytes).
    Removing stm32l1xx_it.o(.rrx_text), (6 bytes).
    Removing stm32l1xx_it.o(i.TIM3_IRQHandler), (16 bytes).
    Removing stm32l1xx_it.o(i.TIM4_IRQHandler), (16 bytes).
    Removing usb.o(.rev16_text), (4 bytes).
    Removing usb.o(.revsh_text), (4 bytes).
    Removing usb.o(.rrx_text), (6 bytes).
    Removing usb.o(i.HAL_PCD_MspDeInit), (32 bytes).
    Removing tim.o(.rev16_text), (4 bytes).
    Removing tim.o(.revsh_text), (4 bytes).
    Removing tim.o(.rrx_text), (6 bytes).
    Removing tim.o(i.HAL_TIM_Base_MspDeInit), (72 bytes).
    Removing tim.o(i.HAL_TIM_MspPostInit), (52 bytes).
    Removing tim.o(i.HAL_TIM_PWM_MspDeInit), (28 bytes).
    Removing tim.o(i.HAL_TIM_PWM_MspInit), (44 bytes).
    Removing tim.o(i.MX_TIM2_Init), (104 bytes).
    Removing tim.o(i.SetDutyCycle), (18 bytes).
    Removing adc.o(.rev16_text), (4 bytes).
    Removing adc.o(.revsh_text), (4 bytes).
    Removing adc.o(.rrx_text), (6 bytes).
    Removing adc.o(i.HAL_ADC_MspDeInit), (48 bytes).
    Removing stm32l1xx_hal_msp.o(.rev16_text), (4 bytes).
    Removing stm32l1xx_hal_msp.o(.revsh_text), (4 bytes).
    Removing stm32l1xx_hal_msp.o(.rrx_text), (6 bytes).
    Removing i2c.o(.rev16_text), (4 bytes).
    Removing i2c.o(.revsh_text), (4 bytes).
    Removing i2c.o(.rrx_text), (6 bytes).
    Removing i2c.o(i.HAL_I2C_MspDeInit), (48 bytes).
    Removing usart.o(.rev16_text), (4 bytes).
    Removing usart.o(.revsh_text), (4 bytes).
    Removing usart.o(.rrx_text), (6 bytes).
    Removing usart.o(i.HAL_UART_MspDeInit), (56 bytes).
    Removing gpio.o(.rev16_text), (4 bytes).
    Removing gpio.o(.revsh_text), (4 bytes).
    Removing gpio.o(.rrx_text), (6 bytes).
    Removing main.o(.rev16_text), (4 bytes).
    Removing main.o(.revsh_text), (4 bytes).
    Removing main.o(.rrx_text), (6 bytes).
    Removing main.o(i.Flash_Store), (300 bytes).
    Removing main.o(i.usart_int_enable), (56 bytes).
    Removing iwdg.o(.rev16_text), (4 bytes).
    Removing iwdg.o(.revsh_text), (4 bytes).
    Removing iwdg.o(.rrx_text), (6 bytes).
    Removing iwdg.o(i.MX_IWDG_Init), (40 bytes).
    Removing iwdg.o(.bss), (12 bytes).
    Removing crc16.o(i.CalcCrc16Next), (52 bytes).
    Removing crc16.o(i.TestCrc16), (42 bytes).
    Removing modbus_config.o(.rev16_text), (4 bytes).
    Removing modbus_config.o(.revsh_text), (4 bytes).
    Removing modbus_config.o(.rrx_text), (6 bytes).
    Removing modbus_config.o(i.rs485_start_tx), (80 bytes).
    Removing startup_stm32l152xb.o(HEAP), (512 bytes).

500 unused section(s) (total 41654 bytes) removed from the image.

==============================================================================

Image Symbol Table

    Local Symbols

    Symbol Name                              Value     Ov Type        Size  Object(Section)

    ../Drivers/STM32L1xx_HAL_Driver/Src/stm32l1xx_hal.c 0x00000000   Number         0  stm32l1xx_hal.o ABSOLUTE
    ../Drivers/STM32L1xx_HAL_Driver/Src/stm32l1xx_hal_adc.c 0x00000000   Number         0  stm32l1xx_hal_adc.o ABSOLUTE
    ../Drivers/STM32L1xx_HAL_Driver/Src/stm32l1xx_hal_adc_ex.c 0x00000000   Number         0  stm32l1xx_hal_adc_ex.o ABSOLUTE
    ../Drivers/STM32L1xx_HAL_Driver/Src/stm32l1xx_hal_cortex.c 0x00000000   Number         0  stm32l1xx_hal_cortex.o ABSOLUTE
    ../Drivers/STM32L1xx_HAL_Driver/Src/stm32l1xx_hal_dma.c 0x00000000   Number         0  stm32l1xx_hal_dma.o ABSOLUTE
    ../Drivers/STM32L1xx_HAL_Driver/Src/stm32l1xx_hal_flash.c 0x00000000   Number         0  stm32l1xx_hal_flash.o ABSOLUTE
    ../Drivers/STM32L1xx_HAL_Driver/Src/stm32l1xx_hal_flash_ex.c 0x00000000   Number         0  stm32l1xx_hal_flash_ex.o ABSOLUTE
    ../Drivers/STM32L1xx_HAL_Driver/Src/stm32l1xx_hal_flash_ramfunc.c 0x00000000   Number         0  stm32l1xx_hal_flash_ramfunc.o ABSOLUTE
    ../Drivers/STM32L1xx_HAL_Driver/Src/stm32l1xx_hal_gpio.c 0x00000000   Number         0  stm32l1xx_hal_gpio.o ABSOLUTE
    ../Drivers/STM32L1xx_HAL_Driver/Src/stm32l1xx_hal_i2c.c 0x00000000   Number         0  stm32l1xx_hal_i2c.o ABSOLUTE
    ../Drivers/STM32L1xx_HAL_Driver/Src/stm32l1xx_hal_iwdg.c 0x00000000   Number         0  stm32l1xx_hal_iwdg.o ABSOLUTE
    ../Drivers/STM32L1xx_HAL_Driver/Src/stm32l1xx_hal_pcd.c 0x00000000   Number         0  stm32l1xx_hal_pcd.o ABSOLUTE
    ../Drivers/STM32L1xx_HAL_Driver/Src/stm32l1xx_hal_pcd_ex.c 0x00000000   Number         0  stm32l1xx_hal_pcd_ex.o ABSOLUTE
    ../Drivers/STM32L1xx_HAL_Driver/Src/stm32l1xx_hal_pwr.c 0x00000000   Number         0  stm32l1xx_hal_pwr.o ABSOLUTE
    ../Drivers/STM32L1xx_HAL_Driver/Src/stm32l1xx_hal_pwr_ex.c 0x00000000   Number         0  stm32l1xx_hal_pwr_ex.o ABSOLUTE
    ../Drivers/STM32L1xx_HAL_Driver/Src/stm32l1xx_hal_rcc.c 0x00000000   Number         0  stm32l1xx_hal_rcc.o ABSOLUTE
    ../Drivers/STM32L1xx_HAL_Driver/Src/stm32l1xx_hal_rcc_ex.c 0x00000000   Number         0  stm32l1xx_hal_rcc_ex.o ABSOLUTE
    ../Drivers/STM32L1xx_HAL_Driver/Src/stm32l1xx_hal_tim.c 0x00000000   Number         0  stm32l1xx_hal_tim.o ABSOLUTE
    ../Drivers/STM32L1xx_HAL_Driver/Src/stm32l1xx_hal_tim_ex.c 0x00000000   Number         0  stm32l1xx_hal_tim_ex.o ABSOLUTE
    ../Drivers/STM32L1xx_HAL_Driver/Src/stm32l1xx_hal_uart.c 0x00000000   Number         0  stm32l1xx_hal_uart.o ABSOLUTE
    ../Src/adc.c                             0x00000000   Number         0  adc.o ABSOLUTE
    ../Src/gpio.c                            0x00000000   Number         0  gpio.o ABSOLUTE
    ../Src/i2c.c                             0x00000000   Number         0  i2c.o ABSOLUTE
    ../Src/iwdg.c                            0x00000000   Number         0  iwdg.o ABSOLUTE
    ../Src/main.c                            0x00000000   Number         0  main.o ABSOLUTE
    ../Src/stm32l1xx_hal_msp.c               0x00000000   Number         0  stm32l1xx_hal_msp.o ABSOLUTE
    ../Src/stm32l1xx_it.c                    0x00000000   Number         0  stm32l1xx_it.o ABSOLUTE
    ../Src/system_stm32l1xx.c                0x00000000   Number         0  system_stm32l1xx.o ABSOLUTE
    ../Src/tim.c                             0x00000000   Number         0  tim.o ABSOLUTE
    ../Src/usart.c                           0x00000000   Number         0  usart.o ABSOLUTE
    ../Src/usb.c                             0x00000000   Number         0  usb.o ABSOLUTE
    ../clib/microlib/init/entry.s            0x00000000   Number         0  entry9a.o ABSOLUTE
    ../clib/microlib/init/entry.s            0x00000000   Number         0  entry11b.o ABSOLUTE
    ../clib/microlib/init/entry.s            0x00000000   Number         0  entry8b.o ABSOLUTE
    ../clib/microlib/init/entry.s            0x00000000   Number         0  entry11a.o ABSOLUTE
    ../clib/microlib/init/entry.s            0x00000000   Number         0  entry7b.o ABSOLUTE
    ../clib/microlib/init/entry.s            0x00000000   Number         0  entry7a.o ABSOLUTE
    ../clib/microlib/init/entry.s            0x00000000   Number         0  entry5.o ABSOLUTE
    ../clib/microlib/init/entry.s            0x00000000   Number         0  entry10a.o ABSOLUTE
    ../clib/microlib/init/entry.s            0x00000000   Number         0  entry8a.o ABSOLUTE
    ../clib/microlib/init/entry.s            0x00000000   Number         0  entry2.o ABSOLUTE
    ../clib/microlib/init/entry.s            0x00000000   Number         0  entry10b.o ABSOLUTE
    ../clib/microlib/init/entry.s            0x00000000   Number         0  entry9b.o ABSOLUTE
    ../clib/microlib/init/entry.s            0x00000000   Number         0  entry.o ABSOLUTE
    ../clib/microlib/longlong.c              0x00000000   Number         0  llushr.o ABSOLUTE
    ../clib/microlib/longlong.c              0x00000000   Number         0  llshl.o ABSOLUTE
    ../clib/microlib/string/memset.c         0x00000000   Number         0  memseta.o ABSOLUTE
    ../clib/microlib/stubs.s                 0x00000000   Number         0  iusefp.o ABSOLUTE
    ../fplib/microlib/fpadd.c                0x00000000   Number         0  fadd.o ABSOLUTE
    ../fplib/microlib/fpdiv.c                0x00000000   Number         0  ddiv.o ABSOLUTE
    ../fplib/microlib/fpdiv.c                0x00000000   Number         0  fdiv.o ABSOLUTE
    ../fplib/microlib/fpepilogue.c           0x00000000   Number         0  depilogue.o ABSOLUTE
    ../fplib/microlib/fpepilogue.c           0x00000000   Number         0  fepilogue.o ABSOLUTE
    ../fplib/microlib/fpfix.c                0x00000000   Number         0  ffixui.o ABSOLUTE
    ../fplib/microlib/fpfix.c                0x00000000   Number         0  dfixui.o ABSOLUTE
    ../fplib/microlib/fpflt.c                0x00000000   Number         0  dfltui.o ABSOLUTE
    ../fplib/microlib/fpflt.c                0x00000000   Number         0  ffltui.o ABSOLUTE
    ../fplib/microlib/fpmul.c                0x00000000   Number         0  fmul.o ABSOLUTE
    ../fplib/microlib/fpmul.c                0x00000000   Number         0  dmul.o ABSOLUTE
    ..\Drivers\STM32L1xx_HAL_Driver\Src\stm32l1xx_hal.c 0x00000000   Number         0  stm32l1xx_hal.o ABSOLUTE
    ..\Drivers\STM32L1xx_HAL_Driver\Src\stm32l1xx_hal_adc.c 0x00000000   Number         0  stm32l1xx_hal_adc.o ABSOLUTE
    ..\Drivers\STM32L1xx_HAL_Driver\Src\stm32l1xx_hal_adc_ex.c 0x00000000   Number         0  stm32l1xx_hal_adc_ex.o ABSOLUTE
    ..\Drivers\STM32L1xx_HAL_Driver\Src\stm32l1xx_hal_cortex.c 0x00000000   Number         0  stm32l1xx_hal_cortex.o ABSOLUTE
    ..\Drivers\STM32L1xx_HAL_Driver\Src\stm32l1xx_hal_dma.c 0x00000000   Number         0  stm32l1xx_hal_dma.o ABSOLUTE
    ..\Drivers\STM32L1xx_HAL_Driver\Src\stm32l1xx_hal_flash.c 0x00000000   Number         0  stm32l1xx_hal_flash.o ABSOLUTE
    ..\Drivers\STM32L1xx_HAL_Driver\Src\stm32l1xx_hal_flash_ex.c 0x00000000   Number         0  stm32l1xx_hal_flash_ex.o ABSOLUTE
    ..\Drivers\STM32L1xx_HAL_Driver\Src\stm32l1xx_hal_flash_ramfunc.c 0x00000000   Number         0  stm32l1xx_hal_flash_ramfunc.o ABSOLUTE
    ..\Drivers\STM32L1xx_HAL_Driver\Src\stm32l1xx_hal_gpio.c 0x00000000   Number         0  stm32l1xx_hal_gpio.o ABSOLUTE
    ..\Drivers\STM32L1xx_HAL_Driver\Src\stm32l1xx_hal_i2c.c 0x00000000   Number         0  stm32l1xx_hal_i2c.o ABSOLUTE
    ..\Drivers\STM32L1xx_HAL_Driver\Src\stm32l1xx_hal_iwdg.c 0x00000000   Number         0  stm32l1xx_hal_iwdg.o ABSOLUTE
    ..\Drivers\STM32L1xx_HAL_Driver\Src\stm32l1xx_hal_pcd.c 0x00000000   Number         0  stm32l1xx_hal_pcd.o ABSOLUTE
    ..\Drivers\STM32L1xx_HAL_Driver\Src\stm32l1xx_hal_pcd_ex.c 0x00000000   Number         0  stm32l1xx_hal_pcd_ex.o ABSOLUTE
    ..\Drivers\STM32L1xx_HAL_Driver\Src\stm32l1xx_hal_pwr.c 0x00000000   Number         0  stm32l1xx_hal_pwr.o ABSOLUTE
    ..\Drivers\STM32L1xx_HAL_Driver\Src\stm32l1xx_hal_pwr_ex.c 0x00000000   Number         0  stm32l1xx_hal_pwr_ex.o ABSOLUTE
    ..\Drivers\STM32L1xx_HAL_Driver\Src\stm32l1xx_hal_rcc.c 0x00000000   Number         0  stm32l1xx_hal_rcc.o ABSOLUTE
    ..\Drivers\STM32L1xx_HAL_Driver\Src\stm32l1xx_hal_rcc_ex.c 0x00000000   Number         0  stm32l1xx_hal_rcc_ex.o ABSOLUTE
    ..\Drivers\STM32L1xx_HAL_Driver\Src\stm32l1xx_hal_tim.c 0x00000000   Number         0  stm32l1xx_hal_tim.o ABSOLUTE
    ..\Drivers\STM32L1xx_HAL_Driver\Src\stm32l1xx_hal_tim_ex.c 0x00000000   Number         0  stm32l1xx_hal_tim_ex.o ABSOLUTE
    ..\Drivers\STM32L1xx_HAL_Driver\Src\stm32l1xx_hal_uart.c 0x00000000   Number         0  stm32l1xx_hal_uart.o ABSOLUTE
    ..\Src\adc.c                             0x00000000   Number         0  adc.o ABSOLUTE
    ..\Src\crc16.c                           0x00000000   Number         0  crc16.o ABSOLUTE
    ..\Src\gpio.c                            0x00000000   Number         0  gpio.o ABSOLUTE
    ..\Src\i2c.c                             0x00000000   Number         0  i2c.o ABSOLUTE
    ..\Src\iwdg.c                            0x00000000   Number         0  iwdg.o ABSOLUTE
    ..\Src\main.c                            0x00000000   Number         0  main.o ABSOLUTE
    ..\Src\mb.c                              0x00000000   Number         0  mb.o ABSOLUTE
    ..\Src\mb_slave.c                        0x00000000   Number         0  mb_slave.o ABSOLUTE
    ..\Src\modbus_config.c                   0x00000000   Number         0  modbus_config.o ABSOLUTE
    ..\Src\stm32l1xx_hal_msp.c               0x00000000   Number         0  stm32l1xx_hal_msp.o ABSOLUTE
    ..\Src\stm32l1xx_it.c                    0x00000000   Number         0  stm32l1xx_it.o ABSOLUTE
    ..\Src\system_stm32l1xx.c                0x00000000   Number         0  system_stm32l1xx.o ABSOLUTE
    ..\Src\tim.c                             0x00000000   Number         0  tim.o ABSOLUTE
    ..\Src\usart.c                           0x00000000   Number         0  usart.o ABSOLUTE
    ..\Src\usb.c                             0x00000000   Number         0  usb.o ABSOLUTE
    ..\\Src\\modbus_config.c                 0x00000000   Number         0  modbus_config.o ABSOLUTE
    cfcmple.s                                0x00000000   Number         0  cfcmple.o ABSOLUTE
    dc.s                                     0x00000000   Number         0  dc.o ABSOLUTE
    handlers.s                               0x00000000   Number         0  handlers.o ABSOLUTE
    init.s                                   0x00000000   Number         0  init.o ABSOLUTE
    startup_stm32l152xb.s                    0x00000000   Number         0  startup_stm32l152xb.o ABSOLUTE
    RESET                                    0x08000000   Section      244  startup_stm32l152xb.o(RESET)
    .ARM.Collect$$$$00000000                 0x080000f4   Section        0  entry.o(.ARM.Collect$$$$00000000)
    .ARM.Collect$$$$00000001                 0x080000f4   Section        4  entry2.o(.ARM.Collect$$$$00000001)
    .ARM.Collect$$$$00000004                 0x080000f8   Section        4  entry5.o(.ARM.Collect$$$$00000004)
    .ARM.Collect$$$$00000008                 0x080000fc   Section        0  entry7b.o(.ARM.Collect$$$$00000008)
    .ARM.Collect$$$$0000000A                 0x080000fc   Section        0  entry8b.o(.ARM.Collect$$$$0000000A)
    .ARM.Collect$$$$0000000B                 0x080000fc   Section        8  entry9a.o(.ARM.Collect$$$$0000000B)
    .ARM.Collect$$$$0000000D                 0x08000104   Section        0  entry10a.o(.ARM.Collect$$$$0000000D)
    .ARM.Collect$$$$0000000F                 0x08000104   Section        0  entry11a.o(.ARM.Collect$$$$0000000F)
    .ARM.Collect$$$$00002712                 0x08000104   Section        4  entry2.o(.ARM.Collect$$$$00002712)
    __lit__00000000                          0x08000104   Data           4  entry2.o(.ARM.Collect$$$$00002712)
    .text                                    0x08000108   Section       36  startup_stm32l152xb.o(.text)
    .text                                    0x0800012c   Section        0  fadd.o(.text)
    .text                                    0x080001dc   Section        0  fmul.o(.text)
    .text                                    0x08000248   Section        0  fdiv.o(.text)
    .text                                    0x080002c8   Section        0  dmul.o(.text)
    .text                                    0x080003ac   Section        0  ddiv.o(.text)
    .text                                    0x0800048a   Section        0  ffltui.o(.text)
    .text                                    0x08000494   Section        0  dfltui.o(.text)
    .text                                    0x080004ae   Section        0  ffixui.o(.text)
    .text                                    0x080004d6   Section        0  dfixui.o(.text)
    .text                                    0x08000508   Section       20  cfcmple.o(.text)
    .text                                    0x0800051c   Section        0  llushr.o(.text)
    .text                                    0x0800053c   Section        0  iusefp.o(.text)
    .text                                    0x0800053c   Section        0  fepilogue.o(.text)
    .text                                    0x080005a8   Section        0  depilogue.o(.text)
    .text                                    0x08000668   Section       36  init.o(.text)
    .text                                    0x0800068c   Section        0  llshl.o(.text)
    i.ADC_Enable                             0x080006ac   Section        0  stm32l1xx_hal_adc.o(i.ADC_Enable)
    i.BusFault_Handler                       0x08000734   Section        0  stm32l1xx_it.o(i.BusFault_Handler)
    i.CalcCrc16                              0x08000738   Section        0  crc16.o(i.CalcCrc16)
    i.ConvertTemp                            0x08000764   Section        0  i2c.o(i.ConvertTemp)
    i.Crc8                                   0x080007e4   Section        0  i2c.o(i.Crc8)
    i.DebugMon_Handler                       0x0800081a   Section        0  stm32l1xx_it.o(i.DebugMon_Handler)
    i.EnterCritSection                       0x0800081c   Section        0  mb_slave.o(i.EnterCritSection)
    i.Error_Handler                          0x08000830   Section        0  main.o(i.Error_Handler)
    i.ExitCritSection                        0x08000834   Section        0  mb_slave.o(i.ExitCritSection)
    i.Flash_Restore                          0x08000850   Section        0  main.o(i.Flash_Restore)
    i.HAL_ADC_ConfigChannel                  0x080008e4   Section        0  stm32l1xx_hal_adc.o(i.HAL_ADC_ConfigChannel)
    i.HAL_ADC_GetValue                       0x08000abc   Section        0  stm32l1xx_hal_adc.o(i.HAL_ADC_GetValue)
    i.HAL_ADC_Init                           0x08000ac4   Section        0  stm32l1xx_hal_adc.o(i.HAL_ADC_Init)
    i.HAL_ADC_MspInit                        0x08000c90   Section        0  adc.o(i.HAL_ADC_MspInit)
    i.HAL_ADC_Start                          0x08000ce0   Section        0  stm32l1xx_hal_adc.o(i.HAL_ADC_Start)
    i.HAL_Delay                              0x08000d6c   Section        0  stm32l1xx_hal.o(i.HAL_Delay)
    i.HAL_GPIO_Init                          0x08000d88   Section        0  stm32l1xx_hal_gpio.o(i.HAL_GPIO_Init)
    i.HAL_GPIO_TogglePin                     0x08000f54   Section        0  stm32l1xx_hal_gpio.o(i.HAL_GPIO_TogglePin)
    i.HAL_GPIO_WritePin                      0x08000f5c   Section        0  stm32l1xx_hal_gpio.o(i.HAL_GPIO_WritePin)
    i.HAL_GetTick                            0x08000f68   Section        0  stm32l1xx_hal.o(i.HAL_GetTick)
    i.HAL_I2C_Init                           0x08000f74   Section        0  stm32l1xx_hal_i2c.o(i.HAL_I2C_Init)
    i.HAL_I2C_Master_Receive                 0x080010e8   Section        0  stm32l1xx_hal_i2c.o(i.HAL_I2C_Master_Receive)
    i.HAL_I2C_Master_Transmit                0x08001410   Section        0  stm32l1xx_hal_i2c.o(i.HAL_I2C_Master_Transmit)
    i.HAL_I2C_MspInit                        0x080015a0   Section        0  i2c.o(i.HAL_I2C_MspInit)
    i.HAL_IncTick                            0x080015f8   Section        0  stm32l1xx_hal.o(i.HAL_IncTick)
    i.HAL_Init                               0x08001608   Section        0  stm32l1xx_hal.o(i.HAL_Init)
    i.HAL_InitTick                           0x08001620   Section        0  stm32l1xx_hal.o(i.HAL_InitTick)
    i.HAL_MspInit                            0x08001648   Section        0  stm32l1xx_hal_msp.o(i.HAL_MspInit)
    i.HAL_NVIC_EnableIRQ                     0x080016f8   Section        0  stm32l1xx_hal_cortex.o(i.HAL_NVIC_EnableIRQ)
    i.HAL_NVIC_SetPriority                   0x08001714   Section        0  stm32l1xx_hal_cortex.o(i.HAL_NVIC_SetPriority)
    i.HAL_NVIC_SetPriorityGrouping           0x08001790   Section        0  stm32l1xx_hal_cortex.o(i.HAL_NVIC_SetPriorityGrouping)
    i.HAL_PCD_Init                           0x080017b8   Section        0  stm32l1xx_hal_pcd.o(i.HAL_PCD_Init)
    i.HAL_PCD_MspInit                        0x080018d0   Section        0  usb.o(i.HAL_PCD_MspInit)
    i.HAL_PWREx_GetVoltageRange              0x08001900   Section        0  stm32l1xx_hal_pwr_ex.o(i.HAL_PWREx_GetVoltageRange)
    i.HAL_RCC_ClockConfig                    0x08001910   Section        0  stm32l1xx_hal_rcc.o(i.HAL_RCC_ClockConfig)
    i.HAL_RCC_GetHCLKFreq                    0x08001bf0   Section        0  stm32l1xx_hal_rcc.o(i.HAL_RCC_GetHCLKFreq)
    i.HAL_RCC_GetPCLK1Freq                   0x08001bfc   Section        0  stm32l1xx_hal_rcc.o(i.HAL_RCC_GetPCLK1Freq)
    i.HAL_RCC_GetPCLK2Freq                   0x08001c28   Section        0  stm32l1xx_hal_rcc.o(i.HAL_RCC_GetPCLK2Freq)
    i.HAL_RCC_GetSysClockFreq                0x08001c54   Section        0  stm32l1xx_hal_rcc.o(i.HAL_RCC_GetSysClockFreq)
    i.HAL_RCC_OscConfig                      0x08001d04   Section        0  stm32l1xx_hal_rcc.o(i.HAL_RCC_OscConfig)
    i.HAL_SYSTICK_CLKSourceConfig            0x0800269c   Section        0  stm32l1xx_hal_cortex.o(i.HAL_SYSTICK_CLKSourceConfig)
    i.HAL_SYSTICK_Callback                   0x080026c4   Section        0  main.o(i.HAL_SYSTICK_Callback)
    i.HAL_SYSTICK_Config                     0x080026e4   Section        0  stm32l1xx_hal_cortex.o(i.HAL_SYSTICK_Config)
    i.HAL_SYSTICK_IRQHandler                 0x08002718   Section        0  stm32l1xx_hal_cortex.o(i.HAL_SYSTICK_IRQHandler)
    i.HAL_TIMEx_MasterConfigSynchronization  0x08002720   Section        0  stm32l1xx_hal_tim_ex.o(i.HAL_TIMEx_MasterConfigSynchronization)
    i.HAL_TIM_Base_Init                      0x08002782   Section        0  stm32l1xx_hal_tim.o(i.HAL_TIM_Base_Init)
    i.HAL_TIM_Base_MspInit                   0x080027b8   Section        0  tim.o(i.HAL_TIM_Base_MspInit)
    i.HAL_TIM_Base_Start_IT                  0x08002834   Section        0  stm32l1xx_hal_tim.o(i.HAL_TIM_Base_Start_IT)
    i.HAL_TIM_Base_Stop_IT                   0x08002852   Section        0  stm32l1xx_hal_tim.o(i.HAL_TIM_Base_Stop_IT)
    i.HAL_TIM_ConfigClockSource              0x08002880   Section        0  stm32l1xx_hal_tim.o(i.HAL_TIM_ConfigClockSource)
    i.HAL_UART_ErrorCallback                 0x080029b2   Section        0  stm32l1xx_hal_uart.o(i.HAL_UART_ErrorCallback)
    i.HAL_UART_GetError                      0x080029b4   Section        0  stm32l1xx_hal_uart.o(i.HAL_UART_GetError)
    i.HAL_UART_IRQHandler                    0x080029ba   Section        0  stm32l1xx_hal_uart.o(i.HAL_UART_IRQHandler)
    i.HAL_UART_Init                          0x08002a94   Section        0  stm32l1xx_hal_uart.o(i.HAL_UART_Init)
    i.HAL_UART_MspInit                       0x08002b04   Section        0  usart.o(i.HAL_UART_MspInit)
    i.HAL_UART_RxCpltCallback                0x08002b88   Section        0  main.o(i.HAL_UART_RxCpltCallback)
    i.HAL_UART_Transmit_IT                   0x08002bc0   Section        0  stm32l1xx_hal_uart.o(i.HAL_UART_Transmit_IT)
    i.HAL_UART_TxCpltCallback                0x08002c30   Section        0  main.o(i.HAL_UART_TxCpltCallback)
    i.HardFault_Handler                      0x08002c54   Section        0  stm32l1xx_it.o(i.HardFault_Handler)
    i.I2C_IsAcknowledgeFailed                0x08002c58   Section        0  stm32l1xx_hal_i2c.o(i.I2C_IsAcknowledgeFailed)
    I2C_IsAcknowledgeFailed                  0x08002c59   Thumb Code    52  stm32l1xx_hal_i2c.o(i.I2C_IsAcknowledgeFailed)
    i.I2C_MasterRequestRead                  0x08002c8c   Section        0  stm32l1xx_hal_i2c.o(i.I2C_MasterRequestRead)
    I2C_MasterRequestRead                    0x08002c8d   Thumb Code   298  stm32l1xx_hal_i2c.o(i.I2C_MasterRequestRead)
    i.I2C_MasterRequestWrite                 0x08002dbc   Section        0  stm32l1xx_hal_i2c.o(i.I2C_MasterRequestWrite)
    I2C_MasterRequestWrite                   0x08002dbd   Thumb Code   184  stm32l1xx_hal_i2c.o(i.I2C_MasterRequestWrite)
    i.I2C_StartTransmission                  0x08002e78   Section        0  i2c.o(i.I2C_StartTransmission)
    i.I2C_WaitOnBTFFlagUntilTimeout          0x08002f18   Section        0  stm32l1xx_hal_i2c.o(i.I2C_WaitOnBTFFlagUntilTimeout)
    I2C_WaitOnBTFFlagUntilTimeout            0x08002f19   Thumb Code    86  stm32l1xx_hal_i2c.o(i.I2C_WaitOnBTFFlagUntilTimeout)
    i.I2C_WaitOnFlagUntilTimeout             0x08002f6e   Section        0  stm32l1xx_hal_i2c.o(i.I2C_WaitOnFlagUntilTimeout)
    I2C_WaitOnFlagUntilTimeout               0x08002f6f   Thumb Code   124  stm32l1xx_hal_i2c.o(i.I2C_WaitOnFlagUntilTimeout)
    i.I2C_WaitOnMasterAddressFlagUntilTimeout 0x08002fea   Section        0  stm32l1xx_hal_i2c.o(i.I2C_WaitOnMasterAddressFlagUntilTimeout)
    I2C_WaitOnMasterAddressFlagUntilTimeout  0x08002feb   Thumb Code   172  stm32l1xx_hal_i2c.o(i.I2C_WaitOnMasterAddressFlagUntilTimeout)
    i.I2C_WaitOnRXNEFlagUntilTimeout         0x08003096   Section        0  stm32l1xx_hal_i2c.o(i.I2C_WaitOnRXNEFlagUntilTimeout)
    I2C_WaitOnRXNEFlagUntilTimeout           0x08003097   Thumb Code   110  stm32l1xx_hal_i2c.o(i.I2C_WaitOnRXNEFlagUntilTimeout)
    i.I2C_WaitOnTXEFlagUntilTimeout          0x08003104   Section        0  stm32l1xx_hal_i2c.o(i.I2C_WaitOnTXEFlagUntilTimeout)
    I2C_WaitOnTXEFlagUntilTimeout            0x08003105   Thumb Code    86  stm32l1xx_hal_i2c.o(i.I2C_WaitOnTXEFlagUntilTimeout)
    i.MX_ADC_Init                            0x0800315c   Section        0  adc.o(i.MX_ADC_Init)
    i.MX_GPIO_Init                           0x080031bc   Section        0  gpio.o(i.MX_GPIO_Init)
    i.MX_I2C2_Init                           0x080032d0   Section        0  i2c.o(i.MX_I2C2_Init)
    i.MX_TIM3_Init                           0x0800330c   Section        0  tim.o(i.MX_TIM3_Init)
    i.MX_TIM4_Init                           0x08003364   Section        0  tim.o(i.MX_TIM4_Init)
    i.MX_USART1_UART_Init                    0x080033bc   Section        0  usart.o(i.MX_USART1_UART_Init)
    i.MX_USB_PCD_Init                        0x080033f4   Section        0  usb.o(i.MX_USB_PCD_Init)
    i.MemManage_Handler                      0x08003428   Section        0  stm32l1xx_it.o(i.MemManage_Handler)
    i.NMI_Handler                            0x0800342c   Section        0  stm32l1xx_it.o(i.NMI_Handler)
    i.NVIC_GetPriorityGrouping               0x08003430   Section        0  stm32l1xx_hal_cortex.o(i.NVIC_GetPriorityGrouping)
    NVIC_GetPriorityGrouping                 0x08003431   Thumb Code    10  stm32l1xx_hal_cortex.o(i.NVIC_GetPriorityGrouping)
    i.NVIC_SetPriority                       0x08003440   Section        0  stm32l1xx_hal_cortex.o(i.NVIC_SetPriority)
    NVIC_SetPriority                         0x08003441   Thumb Code    32  stm32l1xx_hal_cortex.o(i.NVIC_SetPriority)
    i.PendSV_Handler                         0x08003468   Section        0  stm32l1xx_it.o(i.PendSV_Handler)
    i.RCC_SetFlashLatencyFromMSIRange        0x0800346c   Section        0  stm32l1xx_hal_rcc.o(i.RCC_SetFlashLatencyFromMSIRange)
    RCC_SetFlashLatencyFromMSIRange          0x0800346d   Thumb Code   160  stm32l1xx_hal_rcc.o(i.RCC_SetFlashLatencyFromMSIRange)
    i.ResetFilter_data                       0x08003514   Section        0  main.o(i.ResetFilter_data)
    i.SVC_Handler                            0x08003528   Section        0  stm32l1xx_it.o(i.SVC_Handler)
    i.SetPeriod                              0x0800352c   Section        0  tim.o(i.SetPeriod)
    i.Set_var_res                            0x08003564   Section        0  main.o(i.Set_var_res)
    i.SysTick_Handler                        0x080035fc   Section        0  stm32l1xx_it.o(i.SysTick_Handler)
    i.SystemClock_Config                     0x08003608   Section        0  main.o(i.SystemClock_Config)
    i.SystemInit                             0x08003694   Section        0  system_stm32l1xx.o(i.SystemInit)
    i.TIM3_IRQHandler                        0x080036f8   Section        0  main.o(i.TIM3_IRQHandler)
    i.TIM4_IRQHandler                        0x08003714   Section        0  main.o(i.TIM4_IRQHandler)
    i.TIM_Base_SetConfig                     0x08003744   Section        0  stm32l1xx_hal_tim.o(i.TIM_Base_SetConfig)
    TIM_Base_SetConfig                       0x08003745   Thumb Code    90  stm32l1xx_hal_tim.o(i.TIM_Base_SetConfig)
    i.TIM_ETR_SetConfig                      0x080037b4   Section        0  stm32l1xx_hal_tim.o(i.TIM_ETR_SetConfig)
    TIM_ETR_SetConfig                        0x080037b5   Thumb Code    24  stm32l1xx_hal_tim.o(i.TIM_ETR_SetConfig)
    i.TIM_ITRx_SetConfig                     0x080037cc   Section        0  stm32l1xx_hal_tim.o(i.TIM_ITRx_SetConfig)
    TIM_ITRx_SetConfig                       0x080037cd   Thumb Code    20  stm32l1xx_hal_tim.o(i.TIM_ITRx_SetConfig)
    i.TIM_TI1_ConfigInputStage               0x080037e0   Section        0  stm32l1xx_hal_tim.o(i.TIM_TI1_ConfigInputStage)
    TIM_TI1_ConfigInputStage                 0x080037e1   Thumb Code    42  stm32l1xx_hal_tim.o(i.TIM_TI1_ConfigInputStage)
    i.TIM_TI2_ConfigInputStage               0x0800380a   Section        0  stm32l1xx_hal_tim.o(i.TIM_TI2_ConfigInputStage)
    TIM_TI2_ConfigInputStage                 0x0800380b   Thumb Code    44  stm32l1xx_hal_tim.o(i.TIM_TI2_ConfigInputStage)
    i.UART_EndTransmit_IT                    0x08003836   Section        0  stm32l1xx_hal_uart.o(i.UART_EndTransmit_IT)
    UART_EndTransmit_IT                      0x08003837   Thumb Code    48  stm32l1xx_hal_uart.o(i.UART_EndTransmit_IT)
    i.UART_SetConfig                         0x08003868   Section        0  stm32l1xx_hal_uart.o(i.UART_SetConfig)
    UART_SetConfig                           0x08003869   Thumb Code   850  stm32l1xx_hal_uart.o(i.UART_SetConfig)
    i.UART_Transmit_IT                       0x08003bc0   Section        0  stm32l1xx_hal_uart.o(i.UART_Transmit_IT)
    UART_Transmit_IT                         0x08003bc1   Thumb Code   114  stm32l1xx_hal_uart.o(i.UART_Transmit_IT)
    i.USART1_IRQHandler                      0x08003c34   Section        0  stm32l1xx_it.o(i.USART1_IRQHandler)
    i.UsageFault_Handler                     0x08003c44   Section        0  stm32l1xx_it.o(i.UsageFault_Handler)
    i.WriteCrc16                             0x08003c48   Section        0  crc16.o(i.WriteCrc16)
    i.__scatterload_copy                     0x08003c68   Section       14  handlers.o(i.__scatterload_copy)
    i.__scatterload_null                     0x08003c76   Section        2  handlers.o(i.__scatterload_null)
    i.__scatterload_zeroinit                 0x08003c78   Section       14  handlers.o(i.__scatterload_zeroinit)
    i.get_sens_data                          0x08003c88   Section        0  main.o(i.get_sens_data)
    i.main                                   0x08003eb0   Section        0  main.o(i.main)
    i.mb_event                               0x08003fa8   Section        0  modbus_config.o(i.mb_event)
    i.mb_read_registers                      0x08003fe8   Section        0  main.o(i.mb_read_registers)
    i.mb_slave_init                          0x080040c4   Section        0  mb_slave.o(i.mb_slave_init)
    i.mb_slave_parse_packet                  0x08004184   Section        0  mb_slave.o(i.mb_slave_parse_packet)
    i.mb_slave_recive                        0x0800439e   Section        0  mb_slave.o(i.mb_slave_recive)
    i.mb_slave_send_error                    0x08004404   Section        0  mb_slave.o(i.mb_slave_send_error)
    i.mb_slave_start_packet                  0x08004440   Section        0  mb_slave.o(i.mb_slave_start_packet)
    i.mb_slave_start_tx                      0x0800447a   Section        0  mb_slave.o(i.mb_slave_start_tx)
    i.mb_slave_timer_expired                 0x080044c2   Section        0  mb_slave.o(i.mb_slave_timer_expired)
    i.mb_timer_disable                       0x08004518   Section        0  modbus_config.o(i.mb_timer_disable)
    i.mb_timer_enable                        0x08004528   Section        0  modbus_config.o(i.mb_timer_enable)
    i.mb_timer_init                          0x08004538   Section        0  modbus_config.o(i.mb_timer_init)
    i.mb_timer_reset                         0x0800455c   Section        0  modbus_config.o(i.mb_timer_reset)
    i.mb_tx                                  0x08004574   Section        0  modbus_config.o(i.mb_tx)
    i.mb_write_registers                     0x080045b4   Section        0  main.o(i.mb_write_registers)
    i.usart_enable                           0x0800461c   Section        0  modbus_config.o(i.usart_enable)
    i.usart_init                             0x08004622   Section        0  modbus_config.o(i.usart_init)
    .constdata                               0x08004628   Section       33  system_stm32l1xx.o(.constdata)
    .constdata                               0x0800464a   Section     1024  crc16.o(.constdata)
    wCRCTable                                0x0800484a   Data         512  crc16.o(.constdata)
    .data                                    0x20000000   Section        4  system_stm32l1xx.o(.data)
    .data                                    0x20000004   Section        4  stm32l1xx_hal.o(.data)
    .data                                    0x20000008   Section        4  i2c.o(.data)
    .data                                    0x2000000c   Section       68  main.o(.data)
    isRidgeEn                                0x20000045   Data           1  main.o(.data)
    .data                                    0x20000050   Section        4  mb_slave.o(.data)
    .data                                    0x20000054   Section      120  modbus_config.o(.data)
    .bss                                     0x200000cc   Section      544  usb.o(.bss)
    .bss                                     0x200002ec   Section      168  tim.o(.bss)
    .bss                                     0x20000394   Section       84  adc.o(.bss)
    .bss                                     0x200003e8   Section       84  i2c.o(.bss)
    .bss                                     0x2000043c   Section       64  usart.o(.bss)
    .bss                                     0x2000047c   Section       62  main.o(.bss)
    .bss                                     0x200004ba   Section      200  modbus_config.o(.bss)
    STACK                                    0x20000588   Section     1024  startup_stm32l152xb.o(STACK)

    Global Symbols

    Symbol Name                              Value     Ov Type        Size  Object(Section)

    BuildAttributes$$THM_ISAv4$P$D$K$B$S$PE$A:L22UL41UL21$X:L11$S22US41US21$IEEE1$IW$USESV6$~STKCKD$USESV7$~SHL$OTIME$ROPI$EBA8$MICROLIB$REQ8$PRES8$EABIv2 0x00000000   Number         0  anon$$obj.o ABSOLUTE
    __ARM_use_no_argv                        0x00000000   Number         0  main.o ABSOLUTE
    __cpp_initialize__aeabi_                  - Undefined Weak Reference
    __cxa_finalize                            - Undefined Weak Reference
    __decompress                              - Undefined Weak Reference
    _clock_init                               - Undefined Weak Reference
    _microlib_exit                            - Undefined Weak Reference
    __Vectors_Size                           0x000000f4   Number         0  startup_stm32l152xb.o ABSOLUTE
    __Vectors                                0x08000000   Data           4  startup_stm32l152xb.o(RESET)
    __Vectors_End                            0x080000f4   Data           0  startup_stm32l152xb.o(RESET)
    __main                                   0x080000f5   Thumb Code     0  entry.o(.ARM.Collect$$$$00000000)
    _main_stk                                0x080000f5   Thumb Code     0  entry2.o(.ARM.Collect$$$$00000001)
    _main_scatterload                        0x080000f9   Thumb Code     0  entry5.o(.ARM.Collect$$$$00000004)
    __main_after_scatterload                 0x080000fd   Thumb Code     0  entry5.o(.ARM.Collect$$$$00000004)
    _main_clock                              0x080000fd   Thumb Code     0  entry7b.o(.ARM.Collect$$$$00000008)
    _main_cpp_init                           0x080000fd   Thumb Code     0  entry8b.o(.ARM.Collect$$$$0000000A)
    _main_init                               0x080000fd   Thumb Code     0  entry9a.o(.ARM.Collect$$$$0000000B)
    __rt_final_cpp                           0x08000105   Thumb Code     0  entry10a.o(.ARM.Collect$$$$0000000D)
    __rt_final_exit                          0x08000105   Thumb Code     0  entry11a.o(.ARM.Collect$$$$0000000F)
    Reset_Handler                            0x08000109   Thumb Code     8  startup_stm32l152xb.o(.text)
    ADC1_IRQHandler                          0x08000123   Thumb Code     0  startup_stm32l152xb.o(.text)
    COMP_IRQHandler                          0x08000123   Thumb Code     0  startup_stm32l152xb.o(.text)
    DAC_IRQHandler                           0x08000123   Thumb Code     0  startup_stm32l152xb.o(.text)
    DMA1_Channel1_IRQHandler                 0x08000123   Thumb Code     0  startup_stm32l152xb.o(.text)
    DMA1_Channel2_IRQHandler                 0x08000123   Thumb Code     0  startup_stm32l152xb.o(.text)
    DMA1_Channel3_IRQHandler                 0x08000123   Thumb Code     0  startup_stm32l152xb.o(.text)
    DMA1_Channel4_IRQHandler                 0x08000123   Thumb Code     0  startup_stm32l152xb.o(.text)
    DMA1_Channel5_IRQHandler                 0x08000123   Thumb Code     0  startup_stm32l152xb.o(.text)
    DMA1_Channel6_IRQHandler                 0x08000123   Thumb Code     0  startup_stm32l152xb.o(.text)
    DMA1_Channel7_IRQHandler                 0x08000123   Thumb Code     0  startup_stm32l152xb.o(.text)
    EXTI0_IRQHandler                         0x08000123   Thumb Code     0  startup_stm32l152xb.o(.text)
    EXTI15_10_IRQHandler                     0x08000123   Thumb Code     0  startup_stm32l152xb.o(.text)
    EXTI1_IRQHandler                         0x08000123   Thumb Code     0  startup_stm32l152xb.o(.text)
    EXTI2_IRQHandler                         0x08000123   Thumb Code     0  startup_stm32l152xb.o(.text)
    EXTI3_IRQHandler                         0x08000123   Thumb Code     0  startup_stm32l152xb.o(.text)
    EXTI4_IRQHandler                         0x08000123   Thumb Code     0  startup_stm32l152xb.o(.text)
    EXTI9_5_IRQHandler                       0x08000123   Thumb Code     0  startup_stm32l152xb.o(.text)
    FLASH_IRQHandler                         0x08000123   Thumb Code     0  startup_stm32l152xb.o(.text)
    I2C1_ER_IRQHandler                       0x08000123   Thumb Code     0  startup_stm32l152xb.o(.text)
    I2C1_EV_IRQHandler                       0x08000123   Thumb Code     0  startup_stm32l152xb.o(.text)
    I2C2_ER_IRQHandler                       0x08000123   Thumb Code     0  startup_stm32l152xb.o(.text)
    I2C2_EV_IRQHandler                       0x08000123   Thumb Code     0  startup_stm32l152xb.o(.text)
    LCD_IRQHandler                           0x08000123   Thumb Code     0  startup_stm32l152xb.o(.text)
    PVD_IRQHandler                           0x08000123   Thumb Code     0  startup_stm32l152xb.o(.text)
    RCC_IRQHandler                           0x08000123   Thumb Code     0  startup_stm32l152xb.o(.text)
    RTC_Alarm_IRQHandler                     0x08000123   Thumb Code     0  startup_stm32l152xb.o(.text)
    RTC_WKUP_IRQHandler                      0x08000123   Thumb Code     0  startup_stm32l152xb.o(.text)
    SPI1_IRQHandler                          0x08000123   Thumb Code     0  startup_stm32l152xb.o(.text)
    SPI2_IRQHandler                          0x08000123   Thumb Code     0  startup_stm32l152xb.o(.text)
    TAMPER_STAMP_IRQHandler                  0x08000123   Thumb Code     0  startup_stm32l152xb.o(.text)
    TIM10_IRQHandler                         0x08000123   Thumb Code     0  startup_stm32l152xb.o(.text)
    TIM11_IRQHandler                         0x08000123   Thumb Code     0  startup_stm32l152xb.o(.text)
    TIM2_IRQHandler                          0x08000123   Thumb Code     0  startup_stm32l152xb.o(.text)
    TIM6_IRQHandler                          0x08000123   Thumb Code     0  startup_stm32l152xb.o(.text)
    TIM7_IRQHandler                          0x08000123   Thumb Code     0  startup_stm32l152xb.o(.text)
    TIM9_IRQHandler                          0x08000123   Thumb Code     0  startup_stm32l152xb.o(.text)
    USART2_IRQHandler                        0x08000123   Thumb Code     0  startup_stm32l152xb.o(.text)
    USART3_IRQHandler                        0x08000123   Thumb Code     0  startup_stm32l152xb.o(.text)
    USB_FS_WKUP_IRQHandler                   0x08000123   Thumb Code     0  startup_stm32l152xb.o(.text)
    USB_HP_IRQHandler                        0x08000123   Thumb Code     0  startup_stm32l152xb.o(.text)
    USB_LP_IRQHandler                        0x08000123   Thumb Code     0  startup_stm32l152xb.o(.text)
    WWDG_IRQHandler                          0x08000123   Thumb Code     0  startup_stm32l152xb.o(.text)
    __aeabi_fadd                             0x0800012d   Thumb Code   164  fadd.o(.text)
    __aeabi_fsub                             0x080001d1   Thumb Code     6  fadd.o(.text)
    __aeabi_frsub                            0x080001d7   Thumb Code     6  fadd.o(.text)
    __aeabi_fmul                             0x080001dd   Thumb Code   108  fmul.o(.text)
    __aeabi_fdiv                             0x08000249   Thumb Code   128  fdiv.o(.text)
    __aeabi_dmul                             0x080002c9   Thumb Code   228  dmul.o(.text)
    __aeabi_ddiv                             0x080003ad   Thumb Code   222  ddiv.o(.text)
    __aeabi_ui2f                             0x0800048b   Thumb Code    10  ffltui.o(.text)
    __aeabi_ui2d                             0x08000495   Thumb Code    26  dfltui.o(.text)
    __aeabi_f2uiz                            0x080004af   Thumb Code    40  ffixui.o(.text)
    __aeabi_d2uiz                            0x080004d7   Thumb Code    50  dfixui.o(.text)
    __aeabi_cfcmpeq                          0x08000509   Thumb Code     0  cfcmple.o(.text)
    __aeabi_cfcmple                          0x08000509   Thumb Code    20  cfcmple.o(.text)
    __aeabi_llsr                             0x0800051d   Thumb Code    32  llushr.o(.text)
    _ll_ushift_r                             0x0800051d   Thumb Code     0  llushr.o(.text)
    __I$use$fp                               0x0800053d   Thumb Code     0  iusefp.o(.text)
    _float_round                             0x0800053d   Thumb Code    18  fepilogue.o(.text)
    _float_epilogue                          0x0800054f   Thumb Code    90  fepilogue.o(.text)
    _double_round                            0x080005a9   Thumb Code    26  depilogue.o(.text)
    _double_epilogue                         0x080005c3   Thumb Code   164  depilogue.o(.text)
    __scatterload                            0x08000669   Thumb Code    28  init.o(.text)
    __scatterload_rt2                        0x08000669   Thumb Code     0  init.o(.text)
    __aeabi_llsl                             0x0800068d   Thumb Code    30  llshl.o(.text)
    _ll_shift_l                              0x0800068d   Thumb Code     0  llshl.o(.text)
    ADC_Enable                               0x080006ad   Thumb Code   126  stm32l1xx_hal_adc.o(i.ADC_Enable)
    BusFault_Handler                         0x08000735   Thumb Code     4  stm32l1xx_it.o(i.BusFault_Handler)
    CalcCrc16                                0x08000739   Thumb Code    40  crc16.o(i.CalcCrc16)
    ConvertTemp                              0x08000765   Thumb Code   108  i2c.o(i.ConvertTemp)
    Crc8                                     0x080007e5   Thumb Code    54  i2c.o(i.Crc8)
    DebugMon_Handler                         0x0800081b   Thumb Code     2  stm32l1xx_it.o(i.DebugMon_Handler)
    EnterCritSection                         0x0800081d   Thumb Code    16  mb_slave.o(i.EnterCritSection)
    Error_Handler                            0x08000831   Thumb Code     4  main.o(i.Error_Handler)
    ExitCritSection                          0x08000835   Thumb Code    22  mb_slave.o(i.ExitCritSection)
    Flash_Restore                            0x08000851   Thumb Code   116  main.o(i.Flash_Restore)
    HAL_ADC_ConfigChannel                    0x080008e5   Thumb Code   460  stm32l1xx_hal_adc.o(i.HAL_ADC_ConfigChannel)
    HAL_ADC_GetValue                         0x08000abd   Thumb Code     8  stm32l1xx_hal_adc.o(i.HAL_ADC_GetValue)
    HAL_ADC_Init                             0x08000ac5   Thumb Code   438  stm32l1xx_hal_adc.o(i.HAL_ADC_Init)
    HAL_ADC_MspInit                          0x08000c91   Thumb Code    66  adc.o(i.HAL_ADC_MspInit)
    HAL_ADC_Start                            0x08000ce1   Thumb Code   140  stm32l1xx_hal_adc.o(i.HAL_ADC_Start)
    HAL_Delay                                0x08000d6d   Thumb Code    26  stm32l1xx_hal.o(i.HAL_Delay)
    HAL_GPIO_Init                            0x08000d89   Thumb Code   428  stm32l1xx_hal_gpio.o(i.HAL_GPIO_Init)
    HAL_GPIO_TogglePin                       0x08000f55   Thumb Code     8  stm32l1xx_hal_gpio.o(i.HAL_GPIO_TogglePin)
    HAL_GPIO_WritePin                        0x08000f5d   Thumb Code    12  stm32l1xx_hal_gpio.o(i.HAL_GPIO_WritePin)
    HAL_GetTick                              0x08000f69   Thumb Code     6  stm32l1xx_hal.o(i.HAL_GetTick)
    HAL_I2C_Init                             0x08000f75   Thumb Code   360  stm32l1xx_hal_i2c.o(i.HAL_I2C_Init)
    HAL_I2C_Master_Receive                   0x080010e9   Thumb Code   798  stm32l1xx_hal_i2c.o(i.HAL_I2C_Master_Receive)
    HAL_I2C_Master_Transmit                  0x08001411   Thumb Code   396  stm32l1xx_hal_i2c.o(i.HAL_I2C_Master_Transmit)
    HAL_I2C_MspInit                          0x080015a1   Thumb Code    76  i2c.o(i.HAL_I2C_MspInit)
    HAL_IncTick                              0x080015f9   Thumb Code    12  stm32l1xx_hal.o(i.HAL_IncTick)
    HAL_Init                                 0x08001609   Thumb Code    22  stm32l1xx_hal.o(i.HAL_Init)
    HAL_InitTick                             0x08001621   Thumb Code    36  stm32l1xx_hal.o(i.HAL_InitTick)
    HAL_MspInit                              0x08001649   Thumb Code   170  stm32l1xx_hal_msp.o(i.HAL_MspInit)
    HAL_NVIC_EnableIRQ                       0x080016f9   Thumb Code    28  stm32l1xx_hal_cortex.o(i.HAL_NVIC_EnableIRQ)
    HAL_NVIC_SetPriority                     0x08001715   Thumb Code   124  stm32l1xx_hal_cortex.o(i.HAL_NVIC_SetPriority)
    HAL_NVIC_SetPriorityGrouping             0x08001791   Thumb Code    32  stm32l1xx_hal_cortex.o(i.HAL_NVIC_SetPriorityGrouping)
    HAL_PCD_Init                             0x080017b9   Thumb Code   278  stm32l1xx_hal_pcd.o(i.HAL_PCD_Init)
    HAL_PCD_MspInit                          0x080018d1   Thumb Code    40  usb.o(i.HAL_PCD_MspInit)
    HAL_PWREx_GetVoltageRange                0x08001901   Thumb Code    10  stm32l1xx_hal_pwr_ex.o(i.HAL_PWREx_GetVoltageRange)
    HAL_RCC_ClockConfig                      0x08001911   Thumb Code   720  stm32l1xx_hal_rcc.o(i.HAL_RCC_ClockConfig)
    HAL_RCC_GetHCLKFreq                      0x08001bf1   Thumb Code     6  stm32l1xx_hal_rcc.o(i.HAL_RCC_GetHCLKFreq)
    HAL_RCC_GetPCLK1Freq                     0x08001bfd   Thumb Code    36  stm32l1xx_hal_rcc.o(i.HAL_RCC_GetPCLK1Freq)
    HAL_RCC_GetPCLK2Freq                     0x08001c29   Thumb Code    36  stm32l1xx_hal_rcc.o(i.HAL_RCC_GetPCLK2Freq)
    HAL_RCC_GetSysClockFreq                  0x08001c55   Thumb Code   162  stm32l1xx_hal_rcc.o(i.HAL_RCC_GetSysClockFreq)
    HAL_RCC_OscConfig                        0x08001d05   Thumb Code  2448  stm32l1xx_hal_rcc.o(i.HAL_RCC_OscConfig)
    HAL_SYSTICK_CLKSourceConfig              0x0800269d   Thumb Code    40  stm32l1xx_hal_cortex.o(i.HAL_SYSTICK_CLKSourceConfig)
    HAL_SYSTICK_Callback                     0x080026c5   Thumb Code    28  main.o(i.HAL_SYSTICK_Callback)
    HAL_SYSTICK_Config                       0x080026e5   Thumb Code    52  stm32l1xx_hal_cortex.o(i.HAL_SYSTICK_Config)
    HAL_SYSTICK_IRQHandler                   0x08002719   Thumb Code     8  stm32l1xx_hal_cortex.o(i.HAL_SYSTICK_IRQHandler)
    HAL_TIMEx_MasterConfigSynchronization    0x08002721   Thumb Code    98  stm32l1xx_hal_tim_ex.o(i.HAL_TIMEx_MasterConfigSynchronization)
    HAL_TIM_Base_Init                        0x08002783   Thumb Code    52  stm32l1xx_hal_tim.o(i.HAL_TIM_Base_Init)
    HAL_TIM_Base_MspInit                     0x080027b9   Thumb Code   112  tim.o(i.HAL_TIM_Base_MspInit)
    HAL_TIM_Base_Start_IT                    0x08002835   Thumb Code    30  stm32l1xx_hal_tim.o(i.HAL_TIM_Base_Start_IT)
    HAL_TIM_Base_Stop_IT                     0x08002853   Thumb Code    46  stm32l1xx_hal_tim.o(i.HAL_TIM_Base_Stop_IT)
    HAL_TIM_ConfigClockSource                0x08002881   Thumb Code   306  stm32l1xx_hal_tim.o(i.HAL_TIM_ConfigClockSource)
    HAL_UART_ErrorCallback                   0x080029b3   Thumb Code     2  stm32l1xx_hal_uart.o(i.HAL_UART_ErrorCallback)
    HAL_UART_GetError                        0x080029b5   Thumb Code     6  stm32l1xx_hal_uart.o(i.HAL_UART_GetError)
    HAL_UART_IRQHandler                      0x080029bb   Thumb Code   218  stm32l1xx_hal_uart.o(i.HAL_UART_IRQHandler)
    HAL_UART_Init                            0x08002a95   Thumb Code   110  stm32l1xx_hal_uart.o(i.HAL_UART_Init)
    HAL_UART_MspInit                         0x08002b05   Thumb Code   120  usart.o(i.HAL_UART_MspInit)
    HAL_UART_RxCpltCallback                  0x08002b89   Thumb Code    44  main.o(i.HAL_UART_RxCpltCallback)
    HAL_UART_Transmit_IT                     0x08002bc1   Thumb Code   110  stm32l1xx_hal_uart.o(i.HAL_UART_Transmit_IT)
    HAL_UART_TxCpltCallback                  0x08002c31   Thumb Code    26  main.o(i.HAL_UART_TxCpltCallback)
    HardFault_Handler                        0x08002c55   Thumb Code     4  stm32l1xx_it.o(i.HardFault_Handler)
    I2C_StartTransmission                    0x08002e79   Thumb Code   130  i2c.o(i.I2C_StartTransmission)
    MX_ADC_Init                              0x0800315d   Thumb Code    88  adc.o(i.MX_ADC_Init)
    MX_GPIO_Init                             0x080031bd   Thumb Code   260  gpio.o(i.MX_GPIO_Init)
    MX_I2C2_Init                             0x080032d1   Thumb Code    48  i2c.o(i.MX_I2C2_Init)
    MX_TIM3_Init                             0x0800330d   Thumb Code    78  tim.o(i.MX_TIM3_Init)
    MX_TIM4_Init                             0x08003365   Thumb Code    78  tim.o(i.MX_TIM4_Init)
    MX_USART1_UART_Init                      0x080033bd   Thumb Code    46  usart.o(i.MX_USART1_UART_Init)
    MX_USB_PCD_Init                          0x080033f5   Thumb Code    44  usb.o(i.MX_USB_PCD_Init)
    MemManage_Handler                        0x08003429   Thumb Code     4  stm32l1xx_it.o(i.MemManage_Handler)
    NMI_Handler                              0x0800342d   Thumb Code     2  stm32l1xx_it.o(i.NMI_Handler)
    PendSV_Handler                           0x08003469   Thumb Code     2  stm32l1xx_it.o(i.PendSV_Handler)
    ResetFilter_data                         0x08003515   Thumb Code    12  main.o(i.ResetFilter_data)
    SVC_Handler                              0x08003529   Thumb Code     2  stm32l1xx_it.o(i.SVC_Handler)
    SetPeriod                                0x0800352d   Thumb Code    52  tim.o(i.SetPeriod)
    Set_var_res                              0x08003565   Thumb Code   144  main.o(i.Set_var_res)
    SysTick_Handler                          0x080035fd   Thumb Code    12  stm32l1xx_it.o(i.SysTick_Handler)
    SystemClock_Config                       0x08003609   Thumb Code   134  main.o(i.SystemClock_Config)
    SystemInit                               0x08003695   Thumb Code    82  system_stm32l1xx.o(i.SystemInit)
    TIM3_IRQHandler                          0x080036f9   Thumb Code    20  main.o(i.TIM3_IRQHandler)
    TIM4_IRQHandler                          0x08003715   Thumb Code    30  main.o(i.TIM4_IRQHandler)
    USART1_IRQHandler                        0x08003c35   Thumb Code    10  stm32l1xx_it.o(i.USART1_IRQHandler)
    UsageFault_Handler                       0x08003c45   Thumb Code     4  stm32l1xx_it.o(i.UsageFault_Handler)
    WriteCrc16                               0x08003c49   Thumb Code    32  crc16.o(i.WriteCrc16)
    __scatterload_copy                       0x08003c69   Thumb Code    14  handlers.o(i.__scatterload_copy)
    __scatterload_null                       0x08003c77   Thumb Code     2  handlers.o(i.__scatterload_null)
    __scatterload_zeroinit                   0x08003c79   Thumb Code    14  handlers.o(i.__scatterload_zeroinit)
    get_sens_data                            0x08003c89   Thumb Code   482  main.o(i.get_sens_data)
    main                                     0x08003eb1   Thumb Code   206  main.o(i.main)
    mb_event                                 0x08003fa9   Thumb Code    56  modbus_config.o(i.mb_event)
    mb_read_registers                        0x08003fe9   Thumb Code   188  main.o(i.mb_read_registers)
    mb_slave_init                            0x080040c5   Thumb Code   188  mb_slave.o(i.mb_slave_init)
    mb_slave_parse_packet                    0x08004185   Thumb Code   538  mb_slave.o(i.mb_slave_parse_packet)
    mb_slave_recive                          0x0800439f   Thumb Code   102  mb_slave.o(i.mb_slave_recive)
    mb_slave_send_error                      0x08004405   Thumb Code    60  mb_slave.o(i.mb_slave_send_error)
    mb_slave_start_packet                    0x08004441   Thumb Code    58  mb_slave.o(i.mb_slave_start_packet)
    mb_slave_start_tx                        0x0800447b   Thumb Code    72  mb_slave.o(i.mb_slave_start_tx)
    mb_slave_timer_expired                   0x080044c3   Thumb Code    84  mb_slave.o(i.mb_slave_timer_expired)
    mb_timer_disable                         0x08004519   Thumb Code    12  modbus_config.o(i.mb_timer_disable)
    mb_timer_enable                          0x08004529   Thumb Code    12  modbus_config.o(i.mb_timer_enable)
    mb_timer_init                            0x08004539   Thumb Code    26  modbus_config.o(i.mb_timer_init)
    mb_timer_reset                           0x0800455d   Thumb Code    20  modbus_config.o(i.mb_timer_reset)
    mb_tx                                    0x08004575   Thumb Code    52  modbus_config.o(i.mb_tx)
    mb_write_registers                       0x080045b5   Thumb Code    90  main.o(i.mb_write_registers)
    usart_enable                             0x0800461d   Thumb Code     6  modbus_config.o(i.usart_enable)
    usart_init                               0x08004623   Thumb Code     6  modbus_config.o(i.usart_init)
    PLLMulTable                              0x08004628   Data           9  system_stm32l1xx.o(.constdata)
    AHBPrescTable                            0x08004631   Data          16  system_stm32l1xx.o(.constdata)
    APBPrescTable                            0x08004641   Data           8  system_stm32l1xx.o(.constdata)
    srCRCHi                                  0x0800464a   Data         256  crc16.o(.constdata)
    srCRCLo                                  0x0800474a   Data         256  crc16.o(.constdata)
    Region$$Table$$Base                      0x08004a4c   Number         0  anon$$obj.o(Region$$Table)
    Region$$Table$$Limit                     0x08004a6c   Number         0  anon$$obj.o(Region$$Table)
    SystemCoreClock                          0x20000000   Data           4  system_stm32l1xx.o(.data)
    uwTick                                   0x20000004   Data           4  stm32l1xx_hal.o(.data)
    i2c_flag                                 0x20000008   Data           1  i2c.o(.data)
    tmp_bufiic                               0x20000009   Data           3  i2c.o(.data)
    BUF1                                     0x2000000c   Data           4  main.o(.data)
    BUF2                                     0x20000010   Data           4  main.o(.data)
    Flash_Params                             0x20000014   Data           4  main.o(.data)
    PARAMS_BUF                               0x20000018   Data           4  main.o(.data)
    NbrOfPage                                0x2000001c   Data           4  main.o(.data)
    EraseCounter                             0x20000020   Data           4  main.o(.data)
    Address                                  0x20000024   Data           4  main.o(.data)
    init                                     0x20000028   Data           1  main.o(.data)
    adc_new                                  0x20000029   Data           1  main.o(.data)
    i2c_new                                  0x2000002a   Data           1  main.o(.data)
    adc_flag                                 0x2000002b   Data           1  main.o(.data)
    i2c_data                                 0x2000002c   Data           4  main.o(.data)
    i2c_msg_flag                             0x20000030   Data           1  main.o(.data)
    flag_T                                   0x20000031   Data           1  main.o(.data)
    i2c_is_busy                              0x20000032   Data           1  main.o(.data)
    tick                                     0x20000033   Data           1  main.o(.data)
    var_res_level_old                        0x20000034   Data           1  main.o(.data)
    tickcounter                              0x20000036   Data           2  main.o(.data)
    isPassword                               0x20000038   Data           1  main.o(.data)
    Password                                 0x2000003a   Data           2  main.o(.data)
    tyy                                      0x2000003c   Data           4  main.o(.data)
    m_hostTimeout                            0x20000040   Data           4  main.o(.data)
    m_isPasswordValid                        0x20000044   Data           1  main.o(.data)
    flash_status                             0x20000046   Data           1  main.o(.data)
    usart_init_msg                           0x20000047   Data           1  main.o(.data)
    sdf                                      0x20000048   Data           2  main.o(.data)
    sdfgdf                                   0x2000004c   Data           4  main.o(.data)
    IrqCounter                               0x20000050   Data           4  mb_slave.o(.data)
    m_lpRwRegsMode                           0x20000054   Data           4  modbus_config.o(.data)
    m_RwRegsModeLen                          0x20000058   Data           4  modbus_config.o(.data)
    m_mbParam                                0x2000005c   Data         112  modbus_config.o(.data)
    hpcd_USB_FS                              0x200000cc   Data         544  usb.o(.bss)
    htim2                                    0x200002ec   Data          56  tim.o(.bss)
    htim3                                    0x20000324   Data          56  tim.o(.bss)
    htim4                                    0x2000035c   Data          56  tim.o(.bss)
    hadc                                     0x20000394   Data          84  adc.o(.bss)
    hi2c2                                    0x200003e8   Data          84  i2c.o(.bss)
    huart1                                   0x2000043c   Data          64  usart.o(.bss)
    Params                                   0x2000047c   Data          62  main.o(.bss)
    m_mbRxBuf                                0x200004ba   Data         100  modbus_config.o(.bss)
    m_mbTxBuf                                0x2000051e   Data         100  modbus_config.o(.bss)
    __initial_sp                             0x20000988   Data           0  startup_stm32l152xb.o(STACK)



==============================================================================

Memory Map of the image

  Image Entry point : 0x080000f5

  Load Region LR_IROM1 (Base: 0x08000000, Size: 0x00004b38, Max: 0x00008000, ABSOLUTE)

    Execution Region ER_IROM1 (Base: 0x08000000, Size: 0x00004a6c, Max: 0x00008000, ABSOLUTE)

    Base Addr    Size         Type   Attr      Idx    E Section Name        Object

    0x08000000   0x000000f4   Data   RO         3891    RESET               startup_stm32l152xb.o
    0x080000f4   0x00000000   Code   RO         3896  * .ARM.Collect$$$$00000000  mc_w.l(entry.o)
    0x080000f4   0x00000004   Code   RO         3921    .ARM.Collect$$$$00000001  mc_w.l(entry2.o)
    0x080000f8   0x00000004   Code   RO         3924    .ARM.Collect$$$$00000004  mc_w.l(entry5.o)
    0x080000fc   0x00000000   Code   RO         3926    .ARM.Collect$$$$00000008  mc_w.l(entry7b.o)
    0x080000fc   0x00000000   Code   RO         3928    .ARM.Collect$$$$0000000A  mc_w.l(entry8b.o)
    0x080000fc   0x00000008   Code   RO         3929    .ARM.Collect$$$$0000000B  mc_w.l(entry9a.o)
    0x08000104   0x00000000   Code   RO         3931    .ARM.Collect$$$$0000000D  mc_w.l(entry10a.o)
    0x08000104   0x00000000   Code   RO         3933    .ARM.Collect$$$$0000000F  mc_w.l(entry11a.o)
    0x08000104   0x00000004   Code   RO         3922    .ARM.Collect$$$$00002712  mc_w.l(entry2.o)
    0x08000108   0x00000024   Code   RO         3892    .text               startup_stm32l152xb.o
    0x0800012c   0x000000b0   Code   RO         3901    .text               mf_w.l(fadd.o)
    0x080001dc   0x0000006c   Code   RO         3903    .text               mf_w.l(fmul.o)
    0x08000248   0x00000080   Code   RO         3905    .text               mf_w.l(fdiv.o)
    0x080002c8   0x000000e4   Code   RO         3907    .text               mf_w.l(dmul.o)
    0x080003ac   0x000000de   Code   RO         3909    .text               mf_w.l(ddiv.o)
    0x0800048a   0x0000000a   Code   RO         3911    .text               mf_w.l(ffltui.o)
    0x08000494   0x0000001a   Code   RO         3913    .text               mf_w.l(dfltui.o)
    0x080004ae   0x00000028   Code   RO         3915    .text               mf_w.l(ffixui.o)
    0x080004d6   0x00000032   Code   RO         3917    .text               mf_w.l(dfixui.o)
    0x08000508   0x00000014   Code   RO         3919    .text               mf_w.l(cfcmple.o)
    0x0800051c   0x00000020   Code   RO         3935    .text               mc_w.l(llushr.o)
    0x0800053c   0x00000000   Code   RO         3937    .text               mc_w.l(iusefp.o)
    0x0800053c   0x0000006c   Code   RO         3938    .text               mf_w.l(fepilogue.o)
    0x080005a8   0x000000be   Code   RO         3940    .text               mf_w.l(depilogue.o)
    0x08000666   0x00000002   PAD
    0x08000668   0x00000024   Code   RO         3942    .text               mc_w.l(init.o)
    0x0800068c   0x0000001e   Code   RO         3944    .text               mc_w.l(llshl.o)
    0x080006aa   0x00000002   PAD
    0x080006ac   0x00000088   Code   RO          288    i.ADC_Enable        stm32l1xx_hal_adc.o
    0x08000734   0x00000004   Code   RO         3084    i.BusFault_Handler  stm32l1xx_it.o
    0x08000738   0x0000002c   Code   RO         3699    i.CalcCrc16         crc16.o
    0x08000764   0x00000080   Code   RO         3373    i.ConvertTemp       i2c.o
    0x080007e4   0x00000036   Code   RO         3374    i.Crc8              i2c.o
    0x0800081a   0x00000002   Code   RO         3085    i.DebugMon_Handler  stm32l1xx_it.o
    0x0800081c   0x00000014   Code   RO         3738    i.EnterCritSection  mb_slave.o
    0x08000830   0x00000004   Code   RO         3500    i.Error_Handler     main.o
    0x08000834   0x0000001c   Code   RO         3739    i.ExitCritSection   mb_slave.o
    0x08000850   0x00000094   Code   RO         3501    i.Flash_Restore     main.o
    0x080008e4   0x000001d8   Code   RO          290    i.HAL_ADC_ConfigChannel  stm32l1xx_hal_adc.o
    0x08000abc   0x00000008   Code   RO          297    i.HAL_ADC_GetValue  stm32l1xx_hal_adc.o
    0x08000ac4   0x000001cc   Code   RO          299    i.HAL_ADC_Init      stm32l1xx_hal_adc.o
    0x08000c90   0x00000050   Code   RO         3305    i.HAL_ADC_MspInit   adc.o
    0x08000ce0   0x0000008c   Code   RO          305    i.HAL_ADC_Start     stm32l1xx_hal_adc.o
    0x08000d6c   0x0000001a   Code   RO          152    i.HAL_Delay         stm32l1xx_hal.o
    0x08000d86   0x00000002   PAD
    0x08000d88   0x000001cc   Code   RO          714    i.HAL_GPIO_Init     stm32l1xx_hal_gpio.o
    0x08000f54   0x00000008   Code   RO          717    i.HAL_GPIO_TogglePin  stm32l1xx_hal_gpio.o
    0x08000f5c   0x0000000c   Code   RO          718    i.HAL_GPIO_WritePin  stm32l1xx_hal_gpio.o
    0x08000f68   0x0000000c   Code   RO          156    i.HAL_GetTick       stm32l1xx_hal.o
    0x08000f74   0x00000174   Code   RO         2365    i.HAL_I2C_Init      stm32l1xx_hal_i2c.o
    0x080010e8   0x00000328   Code   RO         2371    i.HAL_I2C_Master_Receive  stm32l1xx_hal_i2c.o
    0x08001410   0x00000190   Code   RO         2376    i.HAL_I2C_Master_Transmit  stm32l1xx_hal_i2c.o
    0x080015a0   0x00000058   Code   RO         3376    i.HAL_I2C_MspInit   i2c.o
    0x080015f8   0x00000010   Code   RO          157    i.HAL_IncTick       stm32l1xx_hal.o
    0x08001608   0x00000016   Code   RO          158    i.HAL_Init          stm32l1xx_hal.o
    0x0800161e   0x00000002   PAD
    0x08001620   0x00000028   Code   RO          159    i.HAL_InitTick      stm32l1xx_hal.o
    0x08001648   0x000000b0   Code   RO         3349    i.HAL_MspInit       stm32l1xx_hal_msp.o
    0x080016f8   0x0000001c   Code   RO          840    i.HAL_NVIC_EnableIRQ  stm32l1xx_hal_cortex.o
    0x08001714   0x0000007c   Code   RO          846    i.HAL_NVIC_SetPriority  stm32l1xx_hal_cortex.o
    0x08001790   0x00000028   Code   RO          847    i.HAL_NVIC_SetPriorityGrouping  stm32l1xx_hal_cortex.o
    0x080017b8   0x00000116   Code   RO         2809    i.HAL_PCD_Init      stm32l1xx_hal_pcd.o
    0x080018ce   0x00000002   PAD
    0x080018d0   0x00000030   Code   RO         3179    i.HAL_PCD_MspInit   usb.o
    0x08001900   0x00000010   Code   RO          783    i.HAL_PWREx_GetVoltageRange  stm32l1xx_hal_pwr_ex.o
    0x08001910   0x000002e0   Code   RO         1220    i.HAL_RCC_ClockConfig  stm32l1xx_hal_rcc.o
    0x08001bf0   0x0000000c   Code   RO         1225    i.HAL_RCC_GetHCLKFreq  stm32l1xx_hal_rcc.o
    0x08001bfc   0x0000002c   Code   RO         1227    i.HAL_RCC_GetPCLK1Freq  stm32l1xx_hal_rcc.o
    0x08001c28   0x0000002c   Code   RO         1228    i.HAL_RCC_GetPCLK2Freq  stm32l1xx_hal_rcc.o
    0x08001c54   0x000000b0   Code   RO         1229    i.HAL_RCC_GetSysClockFreq  stm32l1xx_hal_rcc.o
    0x08001d04   0x00000998   Code   RO         1232    i.HAL_RCC_OscConfig  stm32l1xx_hal_rcc.o
    0x0800269c   0x00000028   Code   RO          849    i.HAL_SYSTICK_CLKSourceConfig  stm32l1xx_hal_cortex.o
    0x080026c4   0x00000020   Code   RO         3503    i.HAL_SYSTICK_Callback  main.o
    0x080026e4   0x00000034   Code   RO          851    i.HAL_SYSTICK_Config  stm32l1xx_hal_cortex.o
    0x08002718   0x00000008   Code   RO          852    i.HAL_SYSTICK_IRQHandler  stm32l1xx_hal_cortex.o
    0x08002720   0x00000062   Code   RO          681    i.HAL_TIMEx_MasterConfigSynchronization  stm32l1xx_hal_tim_ex.o
    0x08002782   0x00000034   Code   RO         1328    i.HAL_TIM_Base_Init  stm32l1xx_hal_tim.o
    0x080027b6   0x00000002   PAD
    0x080027b8   0x0000007c   Code   RO         3221    i.HAL_TIM_Base_MspInit  tim.o
    0x08002834   0x0000001e   Code   RO         1333    i.HAL_TIM_Base_Start_IT  stm32l1xx_hal_tim.o
    0x08002852   0x0000002e   Code   RO         1336    i.HAL_TIM_Base_Stop_IT  stm32l1xx_hal_tim.o
    0x08002880   0x00000132   Code   RO         1337    i.HAL_TIM_ConfigClockSource  stm32l1xx_hal_tim.o
    0x080029b2   0x00000002   Code   RO         2029    i.HAL_UART_ErrorCallback  stm32l1xx_hal_uart.o
    0x080029b4   0x00000006   Code   RO         2030    i.HAL_UART_GetError  stm32l1xx_hal_uart.o
    0x080029ba   0x000000da   Code   RO         2032    i.HAL_UART_IRQHandler  stm32l1xx_hal_uart.o
    0x08002a94   0x0000006e   Code   RO         2033    i.HAL_UART_Init     stm32l1xx_hal_uart.o
    0x08002b02   0x00000002   PAD
    0x08002b04   0x00000084   Code   RO         3435    i.HAL_UART_MspInit  usart.o
    0x08002b88   0x00000038   Code   RO         3504    i.HAL_UART_RxCpltCallback  main.o
    0x08002bc0   0x0000006e   Code   RO         2043    i.HAL_UART_Transmit_IT  stm32l1xx_hal_uart.o
    0x08002c2e   0x00000002   PAD
    0x08002c30   0x00000024   Code   RO         3505    i.HAL_UART_TxCpltCallback  main.o
    0x08002c54   0x00000004   Code   RO         3086    i.HardFault_Handler  stm32l1xx_it.o
    0x08002c58   0x00000034   Code   RO         2403    i.I2C_IsAcknowledgeFailed  stm32l1xx_hal_i2c.o
    0x08002c8c   0x00000130   Code   RO         2406    i.I2C_MasterRequestRead  stm32l1xx_hal_i2c.o
    0x08002dbc   0x000000bc   Code   RO         2407    i.I2C_MasterRequestWrite  stm32l1xx_hal_i2c.o
    0x08002e78   0x000000a0   Code   RO         3377    i.I2C_StartTransmission  i2c.o
    0x08002f18   0x00000056   Code   RO         2422    i.I2C_WaitOnBTFFlagUntilTimeout  stm32l1xx_hal_i2c.o
    0x08002f6e   0x0000007c   Code   RO         2423    i.I2C_WaitOnFlagUntilTimeout  stm32l1xx_hal_i2c.o
    0x08002fea   0x000000ac   Code   RO         2424    i.I2C_WaitOnMasterAddressFlagUntilTimeout  stm32l1xx_hal_i2c.o
    0x08003096   0x0000006e   Code   RO         2425    i.I2C_WaitOnRXNEFlagUntilTimeout  stm32l1xx_hal_i2c.o
    0x08003104   0x00000056   Code   RO         2427    i.I2C_WaitOnTXEFlagUntilTimeout  stm32l1xx_hal_i2c.o
    0x0800315a   0x00000002   PAD
    0x0800315c   0x00000060   Code   RO         3306    i.MX_ADC_Init       adc.o
    0x080031bc   0x00000114   Code   RO         3476    i.MX_GPIO_Init      gpio.o
    0x080032d0   0x0000003c   Code   RO         3378    i.MX_I2C2_Init      i2c.o
    0x0800330c   0x00000058   Code   RO         3226    i.MX_TIM3_Init      tim.o
    0x08003364   0x00000058   Code   RO         3227    i.MX_TIM4_Init      tim.o
    0x080033bc   0x00000038   Code   RO         3436    i.MX_USART1_UART_Init  usart.o
    0x080033f4   0x00000034   Code   RO         3180    i.MX_USB_PCD_Init   usb.o
    0x08003428   0x00000004   Code   RO         3087    i.MemManage_Handler  stm32l1xx_it.o
    0x0800342c   0x00000002   Code   RO         3088    i.NMI_Handler       stm32l1xx_it.o
    0x0800342e   0x00000002   PAD
    0x08003430   0x00000010   Code   RO          853    i.NVIC_GetPriorityGrouping  stm32l1xx_hal_cortex.o
    0x08003440   0x00000028   Code   RO          854    i.NVIC_SetPriority  stm32l1xx_hal_cortex.o
    0x08003468   0x00000002   Code   RO         3089    i.PendSV_Handler    stm32l1xx_it.o
    0x0800346a   0x00000002   PAD
    0x0800346c   0x000000a8   Code   RO         1233    i.RCC_SetFlashLatencyFromMSIRange  stm32l1xx_hal_rcc.o
    0x08003514   0x00000014   Code   RO         3506    i.ResetFilter_data  main.o
    0x08003528   0x00000002   Code   RO         3090    i.SVC_Handler       stm32l1xx_it.o
    0x0800352a   0x00000002   PAD
    0x0800352c   0x00000038   Code   RO         3229    i.SetPeriod         tim.o
    0x08003564   0x00000098   Code   RO         3507    i.Set_var_res       main.o
    0x080035fc   0x0000000c   Code   RO         3091    i.SysTick_Handler   stm32l1xx_it.o
    0x08003608   0x0000008c   Code   RO         3508    i.SystemClock_Config  main.o
    0x08003694   0x00000064   Code   RO            5    i.SystemInit        system_stm32l1xx.o
    0x080036f8   0x0000001c   Code   RO         3509    i.TIM3_IRQHandler   main.o
    0x08003714   0x00000030   Code   RO         3510    i.TIM4_IRQHandler   main.o
    0x08003744   0x00000070   Code   RO         1412    i.TIM_Base_SetConfig  stm32l1xx_hal_tim.o
    0x080037b4   0x00000018   Code   RO         1419    i.TIM_ETR_SetConfig  stm32l1xx_hal_tim.o
    0x080037cc   0x00000014   Code   RO         1420    i.TIM_ITRx_SetConfig  stm32l1xx_hal_tim.o
    0x080037e0   0x0000002a   Code   RO         1426    i.TIM_TI1_ConfigInputStage  stm32l1xx_hal_tim.o
    0x0800380a   0x0000002c   Code   RO         1428    i.TIM_TI2_ConfigInputStage  stm32l1xx_hal_tim.o
    0x08003836   0x00000030   Code   RO         2051    i.UART_EndTransmit_IT  stm32l1xx_hal_uart.o
    0x08003866   0x00000002   PAD
    0x08003868   0x00000358   Code   RO         2053    i.UART_SetConfig    stm32l1xx_hal_uart.o
    0x08003bc0   0x00000072   Code   RO         2054    i.UART_Transmit_IT  stm32l1xx_hal_uart.o
    0x08003c32   0x00000002   PAD
    0x08003c34   0x00000010   Code   RO         3094    i.USART1_IRQHandler  stm32l1xx_it.o
    0x08003c44   0x00000004   Code   RO         3095    i.UsageFault_Handler  stm32l1xx_it.o
    0x08003c48   0x00000020   Code   RO         3702    i.WriteCrc16        crc16.o
    0x08003c68   0x0000000e   Code   RO         3948    i.__scatterload_copy  mc_w.l(handlers.o)
    0x08003c76   0x00000002   Code   RO         3949    i.__scatterload_null  mc_w.l(handlers.o)
    0x08003c78   0x0000000e   Code   RO         3950    i.__scatterload_zeroinit  mc_w.l(handlers.o)
    0x08003c86   0x00000002   PAD
    0x08003c88   0x00000228   Code   RO         3511    i.get_sens_data     main.o
    0x08003eb0   0x000000f8   Code   RO         3512    i.main              main.o
    0x08003fa8   0x00000040   Code   RO         3807    i.mb_event          modbus_config.o
    0x08003fe8   0x000000dc   Code   RO         3513    i.mb_read_registers  main.o
    0x080040c4   0x000000c0   Code   RO         3740    i.mb_slave_init     mb_slave.o
    0x08004184   0x0000021a   Code   RO         3741    i.mb_slave_parse_packet  mb_slave.o
    0x0800439e   0x00000066   Code   RO         3742    i.mb_slave_recive   mb_slave.o
    0x08004404   0x0000003c   Code   RO         3743    i.mb_slave_send_error  mb_slave.o
    0x08004440   0x0000003a   Code   RO         3744    i.mb_slave_start_packet  mb_slave.o
    0x0800447a   0x00000048   Code   RO         3745    i.mb_slave_start_tx  mb_slave.o
    0x080044c2   0x00000054   Code   RO         3746    i.mb_slave_timer_expired  mb_slave.o
    0x08004516   0x00000002   PAD
    0x08004518   0x00000010   Code   RO         3808    i.mb_timer_disable  modbus_config.o
    0x08004528   0x00000010   Code   RO         3809    i.mb_timer_enable   modbus_config.o
    0x08004538   0x00000024   Code   RO         3810    i.mb_timer_init     modbus_config.o
    0x0800455c   0x00000018   Code   RO         3811    i.mb_timer_reset    modbus_config.o
    0x08004574   0x00000040   Code   RO         3812    i.mb_tx             modbus_config.o
    0x080045b4   0x00000068   Code   RO         3514    i.mb_write_registers  main.o
    0x0800461c   0x00000006   Code   RO         3814    i.usart_enable      modbus_config.o
    0x08004622   0x00000006   Code   RO         3815    i.usart_init        modbus_config.o
    0x08004628   0x00000021   Data   RO            6    .constdata          system_stm32l1xx.o
    0x08004649   0x00000001   PAD
    0x0800464a   0x00000400   Data   RO         3703    .constdata          crc16.o
    0x08004a4a   0x00000002   PAD
    0x08004a4c   0x00000020   Data   RO         3946    Region$$Table       anon$$obj.o


    Execution Region RW_IRAM1 (Base: 0x20000000, Size: 0x00000988, Max: 0x00002800, ABSOLUTE)

    Base Addr    Size         Type   Attr      Idx    E Section Name        Object

    0x20000000   0x00000004   Data   RW            7    .data               system_stm32l1xx.o
    0x20000004   0x00000004   Data   RW          164    .data               stm32l1xx_hal.o
    0x20000008   0x00000004   Data   RW         3380    .data               i2c.o
    0x2000000c   0x00000044   Data   RW         3517    .data               main.o
    0x20000050   0x00000004   Data   RW         3747    .data               mb_slave.o
    0x20000054   0x00000078   Data   RW         3817    .data               modbus_config.o
    0x200000cc   0x00000220   Zero   RW         3181    .bss                usb.o
    0x200002ec   0x000000a8   Zero   RW         3230    .bss                tim.o
    0x20000394   0x00000054   Zero   RW         3307    .bss                adc.o
    0x200003e8   0x00000054   Zero   RW         3379    .bss                i2c.o
    0x2000043c   0x00000040   Zero   RW         3437    .bss                usart.o
    0x2000047c   0x0000003e   Zero   RW         3516    .bss                main.o
    0x200004ba   0x000000c8   Zero   RW         3816    .bss                modbus_config.o
    0x20000582   0x00000006   PAD
    0x20000588   0x00000400   Zero   RW         3889    STACK               startup_stm32l152xb.o


==============================================================================

Image component sizes


      Code (inc. data)   RO Data    RW Data    ZI Data      Debug   Object Name

       176         22          0          0         84       1463   adc.o
        76          4       1024          0          0       1707   crc16.o
       276         16          0          0          0        923   gpio.o
       490         74          0          4         84       3550   i2c.o
      1788        264          0         68         62      38279   main.o
      1154         14          0          4          0       6871   mb_slave.o
       232         42          0        120        200       4818   modbus_config.o
        36          8        244          0       1024        732   startup_stm32l152xb.o
       116         14          0          4          0       3423   stm32l1xx_hal.o
      1216         44          0          0          0       4327   stm32l1xx_hal_adc.o
       348         22          0          0          0      28678   stm32l1xx_hal_cortex.o
       480         32          0          0          0       2733   stm32l1xx_hal_gpio.o
      2702         36          0          0          0      10178   stm32l1xx_hal_i2c.o
       176          6          0          0          0        854   stm32l1xx_hal_msp.o
       278          0          0          0          0       1219   stm32l1xx_hal_pcd.o
        16          6          0          0          0        512   stm32l1xx_hal_pwr_ex.o
      3636        100          0          0          0       6660   stm32l1xx_hal_rcc.o
       676         22          0          0          0       6115   stm32l1xx_hal_tim.o
        98          0          0          0          0       1052   stm32l1xx_hal_tim_ex.o
      1464          6          0          0          0       5498   stm32l1xx_hal_uart.o
        52          6          0          0          0       3990   stm32l1xx_it.o
       100         18         33          4          0     399927   system_stm32l1xx.o
       356         36          0          0        168       2697   tim.o
       188         22          0          0         64       1494   usart.o
       100         16          0          0        544       1338   usb.o

    ----------------------------------------------------------------------
     16256        830       1336        204       2236     539038   Object Totals
         0          0         32          0          0          0   (incl. Generated)
        26          0          3          0          6          0   (incl. Padding)

    ----------------------------------------------------------------------

      Code (inc. data)   RO Data    RW Data    ZI Data      Debug   Library Member Name

         0          0          0          0          0          0   entry.o
         0          0          0          0          0          0   entry10a.o
         0          0          0          0          0          0   entry11a.o
         8          4          0          0          0          0   entry2.o
         4          0          0          0          0          0   entry5.o
         0          0          0          0          0          0   entry7b.o
         0          0          0          0          0          0   entry8b.o
         8          4          0          0          0          0   entry9a.o
        30          0          0          0          0          0   handlers.o
        36          8          0          0          0         68   init.o
         0          0          0          0          0          0   iusefp.o
        30          0          0          0          0         68   llshl.o
        32          0          0          0          0         68   llushr.o
        20          0          0          0          0         68   cfcmple.o
       222          0          0          0          0        100   ddiv.o
       190          0          0          0          0        176   depilogue.o
        50          0          0          0          0         76   dfixui.o
        26          0          0          0          0         76   dfltui.o
       228          0          0          0          0         96   dmul.o
       176          0          0          0          0        140   fadd.o
       128          0          0          0          0         88   fdiv.o
       108          0          0          0          0        168   fepilogue.o
        40          0          0          0          0         68   ffixui.o
        10          0          0          0          0         68   ffltui.o
       108          0          0          0          0         76   fmul.o

    ----------------------------------------------------------------------
      1460         16          0          0          0       1404   Library Totals
         6          0          0          0          0          0   (incl. Padding)

    ----------------------------------------------------------------------

      Code (inc. data)   RO Data    RW Data    ZI Data      Debug   Library Name

       148         16          0          0          0        204   mc_w.l
      1306          0          0          0          0       1200   mf_w.l

    ----------------------------------------------------------------------
      1460         16          0          0          0       1404   Library Totals

    ----------------------------------------------------------------------

==============================================================================


      Code (inc. data)   RO Data    RW Data    ZI Data      Debug   

     17716        846       1336        204       2236     533682   Grand Totals
     17716        846       1336        204       2236     533682   ELF Image Totals
     17716        846       1336        204          0          0   ROM Totals

==============================================================================

    Total RO  Size (Code + RO Data)                19052 (  18.61kB)
    Total RW  Size (RW Data + ZI Data)              2440 (   2.38kB)
    Total ROM Size (Code + RO Data + RW Data)      19256 (  18.80kB)

==============================================================================

