<html>
<body>
<pre>
<h1>µVision Build Log</h1>
<h2>Project:</h2>
D:\work\Keil\new_project\NEW.uvproj
Project File Date:  10/07/2015

<h2>Output:</h2>
Rebuild target 'Target 1'
assembling startup_LPC17xx.s...
compiling main.c...
main.c(324): warning:  #550-D: variable "readrg" was set but never used
                        uint8_t readrg[10];
main.c(374): warning:  #177-D: variable "k" was declared but never referenced
                int k =0;
main.c: 2 warnings, 0 errors
compiling system_LPC17xx.c...
compiling lpc17xx_clkpwr.c...
compiling lpc17xx_uart.c...
compiling lpc17xx_libcfg_default.c...
compiling lpc17xx_ssp.c...
compiling lpc17xx_adc.c...
compiling lpc17xx_systick.c...
compiling lpc17xx_gpio.c...
compiling lpc17xx_pinsel.c...
linking...
Program Size: Code=4376 RO-data=236 RW-data=8 ZI-data=656  
FromELF: creating hex file...
".\output\NEW.axf" - 0 Error(s), 2 Warning(s).
</pre>
</body>
</html>
