<html>
<body>
<pre>
<h1>µVision Build Log</h1>
<h2>Project:</h2>
D:\work\Keil\test_prg_uart_acok\test_prg_uart_acok\MDK-ARM\test_prg_uart_acok.uvproj
Project File Date:  10/19/2016

<h2>Output:</h2>
Build target 'test_prg_uart_acok'
linking...
Program Size: Code=6736 RO-data=1316 RW-data=128 ZI-data=1848  
"test_prg_uart_acok\test_prg_uart_acok.axf" - 0 Error(s), 0 Warning(s).
Load "test_prg_uart_acok\\test_prg_uart_acok.axf" 
Set JLink Project File to "D:\work\Keil\test_prg_uart_acok\test_prg_uart_acok\MDK-ARM\JLinkSettings.ini"
* JLink Info: Device "STM32F103RB" selected.
 
JLink info:
------------
DLL: V5.00l, compiled Aug  7 2015 15:52:45
Firmware: J-Link V10 compiled Sep  1 2016 18:29:58
Hardware: V10.10
S/N : 50103721 
Feature(s) : GDB 
 
* JLink Info: Found SWD-DP with ID 0x1BA01477
* JLink Info: Found SWD-DP with ID 0x1BA01477
* JLink Info: Found Cortex-M3 r1p1, Little endian.
* JLink Info: FPUnit: 6 code (BP) slots and 2 literal slots
* JLink Info: CoreSight components:
* JLink Info: ROMTbl 0 @ E00FF000
* JLink Info: ROMTbl 0 [0]: FFF0F000, CID: B105E00D, PID: 001BB000 SCS
* JLink Info: ROMTbl 0 [1]: FFF02000, CID: B105E00D, PID: 001BB002 DWT
* JLink Info: ROMTbl 0 [2]: FFF03000, CID: B105E00D, PID: 000BB003 FPB
* JLink Info: ROMTbl 0 [3]: FFF01000, CID: B105E00D, PID: 001BB001 ITM
* JLink Info: ROMTbl 0 [4]: FFF41000, CID: B105900D, PID: 001BB923 TPIU-Lite
ROMTableAddr = 0xE00FF003
 
Target info:
------------
Device: STM32F103RB
VTarget = 3.309V
State of Pins: 
TCK: 0, TDI: 0, TDO: 0, TMS: 0, TRES: 1, TRST: 0
Hardware-Breakpoints: 6
Software-Breakpoints: 8192
Watchpoints:          4
JTAG speed: 2000 kHz
 
Erase Done.
Programming Done.
Verify OK.
compiling main.c...
../Inc/main.h(47): warning:  #1-D: last line of file ends without a newline
  #endif //MAIN_H
../Src/main.c(203): warning:  #177-D: variable "isRidgeEn" was declared but never referenced
                static bool isRidgeEn = false;
../Src/main.c(321): warning:  #111-D: statement is unreachable
        return MB_EXC_ILLEGAL_FUNCTION;
../Src/main.c: 3 warnings, 0 errors
"../Src/main.c" - 0 Error(s), 3 Warning(s).
ject File to "D:\work\Keil\test_prg_uart_acok\test_prg_uart_acok\MDK-ARM\JLinkSettings.ini"
* JLink Info: Device "STM32F103RB" selected.
 
JLink info:
------------
DLL: V5.00l, compiled Aug  7 2015 15:52:45
Firmware: J-Link V10 compiled Sep  1 2016 18:29:58
Hardware: V10.10
S/N : 50103721 
Feature(s) : GDB 
 
* JLink Info: Found SWD-DP with ID 0x1BA01477
* JLink Info: Found SWD-DP with ID 0x1BA01477
* JLink Info: Found Cortex-M3 r1p1, Little endian.
* JLink Info: FPUnit: 6 code (BP) slots and 2 literal slots
* JLink Info: CoreSight components:
* JLink Info: ROMTbl 0 @ E00FF000
* JLink Info: ROMTbl 0 [0]: FFF0F000, CID: B105E00D, PID: 001BB000 SCS
* JLink Info: ROMTbl 0 [1]: FFF02000, CID: B105E00D, PID: 001BB002 DWT
* JLink Info: ROMTbl 0 [2]: FFF03000, CID: B105E00D, PID: 000BB003 FPB
* JLink Info: ROMTbl 0 [3]: FFF01000, CID: B105E00D, PID: 001BB001 ITM
* JLink Info: ROMTbl 0 [4]: FFF41000, CID: B105900D, PID: 001BB923 TPIU-Lite
ROMTableAddr = 0xE00FF003
 
Target info:
------------
Device: STM32F103RB
VTarget = 3.309V
State of Pins: 
TCK: 0, TDI: 0, TDO: 0, TMS: 0, TRES: 1, TRST: 0
Hardware-Breakpoints: 6
Software-Breakpoints: 8192
Watchpoints:          4
JTAG speed: 2000 kHz
 
Erase Done.
Programming Done.
Verify OK.
compiling main.c...
../Inc/main.h(47): warning:  #1-D: last line of file ends without a newline
  #endif //MAIN_H
../Src/main.c(203): warning:  #177-D: variable "isRidgeEn" was declared but never referenced
                static bool isRidgeEn = false;
../Src/main.c(321): warning:  #111-D: statement is unreachable
        return MB_EXC_ILLEGAL_FUNCTION;
../Src/main.c: 3 warnings, 0 errors
"../Src/main.c" - 0 Error(s), 3 Warning(s).
