<html>
<body>
<pre>
<h1>µVision Build Log</h1>
<h2>Project:</h2>
D:\work\Keil\test_prg_uart_acok\test_prg_uart_acok\MDK-ARM\test_prg_uart_acok.uvproj
Project File Date:  10/19/2016

<h2>Output:</h2>
Rebuild target 'test_prg_uart_acok'
compiling stm32f1xx_it.c...
compiling stm32f1xx_hal_msp.c...
compiling main.c...
../Inc/main.h(47): warning:  #1-D: last line of file ends without a newline
  #endif //MAIN_H
../Src/main.c(203): warning:  #177-D: variable "isRidgeEn" was declared but never referenced
                static bool isRidgeEn = false;
../Src/main.c(321): warning:  #111-D: statement is unreachable
        return MB_EXC_ILLEGAL_FUNCTION;
../Src/main.c: 3 warnings, 0 errors
compiling gpio.c...
compiling usart.c...
compiling tim.c...
compiling crc16.c...
compiling mb_slave.c...
compiling modbus_config.c...
..\Src\modbus_config.c(114): warning:  #223-D: function "SetPeriod" declared implicitly
        SetPeriod( &htim2, us, 72000000 );
..\Src\modbus_config.c: 1 warning, 0 errors
assembling startup_stm32f103xb.s...
compiling stm32f1xx_hal_cortex.c...
compiling stm32f1xx_hal_rcc_ex.c...
compiling stm32f1xx_hal_gpio.c...
compiling stm32f1xx_hal_dma.c...
compiling stm32f1xx_hal_flash_ex.c...
compiling stm32f1xx_hal_flash.c...
compiling stm32f1xx_hal_uart.c...
../Drivers/STM32F1xx_HAL_Driver/Src/stm32f1xx_hal_uart.c(1799): warning:  #177-D: function "UART_Receive_IT" was declared but never referenced
  static HAL_StatusTypeDef UART_Receive_IT(UART_HandleTypeDef *huart)
../Drivers/STM32F1xx_HAL_Driver/Src/stm32f1xx_hal_uart.c: 1 warning, 0 errors
compiling stm32f1xx_hal.c...
compiling stm32f1xx_hal_pwr.c...
compiling stm32f1xx_hal_tim_ex.c...
compiling stm32f1xx_hal_gpio_ex.c...
compiling stm32f1xx_hal_tim.c...
compiling stm32f1xx_hal_rcc.c...
compiling system_stm32f1xx.c...
linking...
Program Size: Code=6728 RO-data=1316 RW-data=128 ZI-data=1848  
"test_prg_uart_acok\test_prg_uart_acok.axf" - 0 Error(s), 5 Warning(s).
.
compiling system_stm32f1xx.c...
"test_prg_uart_acok\test_prg_uart_acok.axf" - 1 Error(s), 6 Warning(s).
Target not created
 - 1 Error(s), 5 Warning(s).
Target not created
 enough information to list image symbols.
Finished: 1 information, 0 warning and 5 error messages.
"test_prg_uart_acok\test_prg_uart_acok.axf" - 5 Error(s), 4 Warning(s).
Target not created
